Archive member included to satisfy reference by file (symbol)

/opt/st/stm32cubeide_1.16.0/plugins/com.st.stm32cube.ide.mcu.externaltools.gnu-tools-for-stm32.12.3.rel1.linux64_1.0.200.202406132123/tools/bin/../lib/gcc/arm-none-eabi/12.3.1/../../../../arm-none-eabi/lib/thumb/v7-m/nofp/libc_nano.a(libc_a-exit.o)
                              /opt/st/stm32cubeide_1.16.0/plugins/com.st.stm32cube.ide.mcu.externaltools.gnu-tools-for-stm32.12.3.rel1.linux64_1.0.200.202406132123/tools/bin/../lib/gcc/arm-none-eabi/12.3.1/../../../../arm-none-eabi/lib/thumb/v7-m/nofp/crt0.o (exit)
/opt/st/stm32cubeide_1.16.0/plugins/com.st.stm32cube.ide.mcu.externaltools.gnu-tools-for-stm32.12.3.rel1.linux64_1.0.200.202406132123/tools/bin/../lib/gcc/arm-none-eabi/12.3.1/../../../../arm-none-eabi/lib/thumb/v7-m/nofp/libc_nano.a(libc_a-nano-vfprintf_float.o)
                              (_printf_float)
/opt/st/stm32cubeide_1.16.0/plugins/com.st.stm32cube.ide.mcu.externaltools.gnu-tools-for-stm32.12.3.rel1.linux64_1.0.200.202406132123/tools/bin/../lib/gcc/arm-none-eabi/12.3.1/../../../../arm-none-eabi/lib/thumb/v7-m/nofp/libc_nano.a(libc_a-nano-vfprintf_i.o)
                              /opt/st/stm32cubeide_1.16.0/plugins/com.st.stm32cube.ide.mcu.externaltools.gnu-tools-for-stm32.12.3.rel1.linux64_1.0.200.202406132123/tools/bin/../lib/gcc/arm-none-eabi/12.3.1/../../../../arm-none-eabi/lib/thumb/v7-m/nofp/libc_nano.a(libc_a-nano-vfprintf_float.o) (_printf_common)
/opt/st/stm32cubeide_1.16.0/plugins/com.st.stm32cube.ide.mcu.externaltools.gnu-tools-for-stm32.12.3.rel1.linux64_1.0.200.202406132123/tools/bin/../lib/gcc/arm-none-eabi/12.3.1/../../../../arm-none-eabi/lib/thumb/v7-m/nofp/libc_nano.a(libc_a-findfp.o)
                              /opt/st/stm32cubeide_1.16.0/plugins/com.st.stm32cube.ide.mcu.externaltools.gnu-tools-for-stm32.12.3.rel1.linux64_1.0.200.202406132123/tools/bin/../lib/gcc/arm-none-eabi/12.3.1/../../../../arm-none-eabi/lib/thumb/v7-m/nofp/libc_nano.a(libc_a-exit.o) (__stdio_exit_handler)
/opt/st/stm32cubeide_1.16.0/plugins/com.st.stm32cube.ide.mcu.externaltools.gnu-tools-for-stm32.12.3.rel1.linux64_1.0.200.202406132123/tools/bin/../lib/gcc/arm-none-eabi/12.3.1/../../../../arm-none-eabi/lib/thumb/v7-m/nofp/libc_nano.a(libc_a-fwalk.o)
                              /opt/st/stm32cubeide_1.16.0/plugins/com.st.stm32cube.ide.mcu.externaltools.gnu-tools-for-stm32.12.3.rel1.linux64_1.0.200.202406132123/tools/bin/../lib/gcc/arm-none-eabi/12.3.1/../../../../arm-none-eabi/lib/thumb/v7-m/nofp/libc_nano.a(libc_a-findfp.o) (_fwalk_sglue)
/opt/st/stm32cubeide_1.16.0/plugins/com.st.stm32cube.ide.mcu.externaltools.gnu-tools-for-stm32.12.3.rel1.linux64_1.0.200.202406132123/tools/bin/../lib/gcc/arm-none-eabi/12.3.1/../../../../arm-none-eabi/lib/thumb/v7-m/nofp/libc_nano.a(libc_a-printf.o)
                              ./Tetris/Src/Tetris.o (printf)
/opt/st/stm32cubeide_1.16.0/plugins/com.st.stm32cube.ide.mcu.externaltools.gnu-tools-for-stm32.12.3.rel1.linux64_1.0.200.202406132123/tools/bin/../lib/gcc/arm-none-eabi/12.3.1/../../../../arm-none-eabi/lib/thumb/v7-m/nofp/libc_nano.a(libc_a-puts.o)
                              ./Core/Src/main.o (puts)
/opt/st/stm32cubeide_1.16.0/plugins/com.st.stm32cube.ide.mcu.externaltools.gnu-tools-for-stm32.12.3.rel1.linux64_1.0.200.202406132123/tools/bin/../lib/gcc/arm-none-eabi/12.3.1/../../../../arm-none-eabi/lib/thumb/v7-m/nofp/libc_nano.a(libc_a-snprintf.o)
                              ./Tetris/Src/Tetris.o (snprintf)
/opt/st/stm32cubeide_1.16.0/plugins/com.st.stm32cube.ide.mcu.externaltools.gnu-tools-for-stm32.12.3.rel1.linux64_1.0.200.202406132123/tools/bin/../lib/gcc/arm-none-eabi/12.3.1/../../../../arm-none-eabi/lib/thumb/v7-m/nofp/libc_nano.a(libc_a-stdio.o)
                              /opt/st/stm32cubeide_1.16.0/plugins/com.st.stm32cube.ide.mcu.externaltools.gnu-tools-for-stm32.12.3.rel1.linux64_1.0.200.202406132123/tools/bin/../lib/gcc/arm-none-eabi/12.3.1/../../../../arm-none-eabi/lib/thumb/v7-m/nofp/libc_nano.a(libc_a-findfp.o) (__sread)
/opt/st/stm32cubeide_1.16.0/plugins/com.st.stm32cube.ide.mcu.externaltools.gnu-tools-for-stm32.12.3.rel1.linux64_1.0.200.202406132123/tools/bin/../lib/gcc/arm-none-eabi/12.3.1/../../../../arm-none-eabi/lib/thumb/v7-m/nofp/libc_nano.a(libc_a-wbuf.o)
                              /opt/st/stm32cubeide_1.16.0/plugins/com.st.stm32cube.ide.mcu.externaltools.gnu-tools-for-stm32.12.3.rel1.linux64_1.0.200.202406132123/tools/bin/../lib/gcc/arm-none-eabi/12.3.1/../../../../arm-none-eabi/lib/thumb/v7-m/nofp/libc_nano.a(libc_a-puts.o) (__swbuf_r)
/opt/st/stm32cubeide_1.16.0/plugins/com.st.stm32cube.ide.mcu.externaltools.gnu-tools-for-stm32.12.3.rel1.linux64_1.0.200.202406132123/tools/bin/../lib/gcc/arm-none-eabi/12.3.1/../../../../arm-none-eabi/lib/thumb/v7-m/nofp/libc_nano.a(libc_a-wsetup.o)
[...]
Memory Configuration

Name             Origin             Length             Attributes
RAM              0x20000000         0x00005000         xrw
FLASH            0x08000000         0x00010000         xr
*default*        0x00000000         0xffffffff

Linker script and memory map

LOAD /opt/st/stm32cubeide_1.16.0/plugins/com.st.stm32cube.ide.mcu.externaltools.gnu-tools-for-stm32.12.3.rel1.linux64_1.0.200.202406132123/tools/bin/../lib/gcc/arm-none-eabi/12.3.1/thumb/v7-m/nofp/crti.o
LOAD /opt/st/stm32cubeide_1.16.0/plugins/com.st.stm32cube.ide.mcu.externaltools.gnu-tools-for-stm32.12.3.rel1.linux64_1.0.200.202406132123/tools/bin/../lib/gcc/arm-none-eabi/12.3.1/thumb/v7-m/nofp/crtbegin.o
LOAD /opt/st/stm32cubeide_1.16.0/plugins/com.st.stm32cube.ide.mcu.externaltools.gnu-tools-for-stm32.12.3.rel1.linux64_1.0.200.202406132123/tools/bin/../lib/gcc/arm-none-eabi/12.3.1/../../../../arm-none-eabi/lib/thumb/v7-m/nofp/crt0.o
LOAD ./Assembly/Check_fill_row.o
LOAD ./Assembly/Check_wall.o
LOAD ./Assembly/Collision_check.o
LOAD ./Assembly/Copy_object.o
LOAD ./Assembly/LFSR.o
LOAD ./Assembly/Random_0_to_6.o
LOAD ./Assembly/Rotate.o
LOAD ./Assembly/Write_piece_to_game_field.o
LOAD ./Assembly/row_occupied.o
LOAD ./Core/Src/Global_variables.o
LOAD ./Core/Src/main.o
LOAD ./Core/Src/stm32f1xx_it.o
LOAD ./Core/Src/syscalls.o
LOAD ./Core/Src/sysmem.o
LOAD ./Core/Src/system_stm32f1xx.o
LOAD ./Driver/Src/fonts.o
LOAD ./Driver/Src/st7789.o
LOAD ./HAL/Src/stm32f1xx_hal.o
LOAD ./HAL/Src/stm32f1xx_hal_adc.o
LOAD ./HAL/Src/stm32f1xx_hal_adc_ex.o
LOAD ./HAL/Src/stm32f1xx_hal_cortex.o
LOAD ./HAL/Src/stm32f1xx_hal_dma.o
LOAD ./HAL/Src/stm32f1xx_hal_flash.o
LOAD ./HAL/Src/stm32f1xx_hal_flash_ex.o
LOAD ./HAL/Src/stm32f1xx_hal_gpio.o
LOAD ./HAL/Src/stm32f1xx_hal_gpio_ex.o
LOAD ./HAL/Src/stm32f1xx_hal_rcc.o
LOAD ./HAL/Src/stm32f1xx_hal_rcc_ex.o
LOAD ./HAL/Src/stm32f1xx_hal_spi.o
LOAD ./HAL/Src/stm32f1xx_hal_tim.o
LOAD ./HAL/Src/stm32f1xx_hal_tim_ex.o
LOAD ./Peripherals/Src/Peripherals.o
LOAD ./Peripherals/Src/Printf_redirect.o
LOAD ./Startup/startup_stm32f103xb.o
LOAD ./Tetris/Src/Tetris.o
START GROUP
LOAD /opt/st/stm32cubeide_1.16.0/plugins/com.st.stm32cube.ide.mcu.externaltools.gnu-tools-for-stm32.12.3.rel1.linux64_1.0.200.202406132123/tools/bin/../lib/gcc/arm-none-eabi/12.3.1/../../../../arm-none-eabi/lib/thumb/v7-m/nofp/libc_nano.a
LOAD /opt/st/stm32cubeide_1.16.0/plugins/com.st.stm32cube.ide.mcu.externaltools.gnu-tools-for-stm32.12.3.rel1.linux64_1.0.200.202406132123/tools/bin/../lib/gcc/arm-none-eabi/12.3.1/../../../../arm-none-eabi/lib/thumb/v7-m/nofp/libm.a
END GROUP
START GROUP
LOAD /opt/st/stm32cubeide_1.16.0/plugins/com.st.stm32cube.ide.mcu.externaltools.gnu-tools-for-stm32.12.3.rel1.linux64_1.0.200.202406132123/tools/bin/../lib/gcc/arm-none-eabi/12.3.1/thumb/v7-m/nofp/libgcc.a
LOAD /opt/st/stm32cubeide_1.16.0/plugins/com.st.stm32cube.ide.mcu.externaltools.gnu-tools-for-stm32.12.3.rel1.linux64_1.0.200.202406132123/tools/bin/../lib/gcc/arm-none-eabi/12.3.1/../../../../arm-none-eabi/lib/thumb/v7-m/nofp/libc_nano.a
END GROUP
START GROUP
LOAD /opt/st/stm32cubeide_1.16.0/plugins/com.st.stm32cube.ide.mcu.externaltools.gnu-tools-for-stm32.12.3.rel1.linux64_1.0.200.202406132123/tools/bin/../lib/gcc/arm-none-eabi/12.3.1/thumb/v7-m/nofp/libgcc.a
LOAD /opt/st/stm32cubeide_1.16.0/plugins/com.st.stm32cube.ide.mcu.externaltools.gnu-tools-for-stm32.12.3.rel1.linux64_1.0.200.202406132123/tools/bin/../lib/gcc/arm-none-eabi/12.3.1/../../../../arm-none-eabi/lib/thumb/v7-m/nofp/libc_nano.a
LOAD /opt/st/stm32cubeide_1.16.0/plugins/com.st.stm32cube.ide.mcu.externaltools.gnu-tools-for-stm32.12.3.rel1.linux64_1.0.200.202406132123/tools/bin/../lib/gcc/arm-none-eabi/12.3.1/../../../../arm-none-eabi/lib/thumb/v7-m/nofp/libnosys.a
END GROUP
START GROUP
LOAD /opt/st/stm32cubeide_1.16.0/plugins/com.st.stm32cube.ide.mcu.externaltools.gnu-tools-for-stm32.12.3.rel1.linux64_1.0.200.202406132123/tools/bin/../lib/gcc/arm-none-eabi/12.3.1/thumb/v7-m/nofp/libgcc.a
LOAD /opt/st/stm32cubeide_1.16.0/plugins/com.st.stm32cube.ide.mcu.externaltools.gnu-tools-for-stm32.12.3.rel1.linux64_1.0.200.202406132123/tools/bin/../lib/gcc/arm-none-eabi/12.3.1/../../../../arm-none-eabi/lib/thumb/v7-m/nofp/libc_nano.a
LOAD /opt/st/stm32cubeide_1.16.0/plugins/com.st.stm32cube.ide.mcu.externaltools.gnu-tools-for-stm32.12.3.rel1.linux64_1.0.200.202406132123/tools/bin/../lib/gcc/arm-none-eabi/12.3.1/../../../../arm-none-eabi/lib/thumb/v7-m/nofp/libnosys.a
END GROUP
LOAD /opt/st/stm32cubeide_1.16.0/plugins/com.st.stm32cube.ide.mcu.externaltools.gnu-tools-for-stm32.12.3.rel1.linux64_1.0.200.202406132123/tools/bin/../lib/gcc/arm-none-eabi/12.3.1/thumb/v7-m/nofp/crtend.o
LOAD /opt/st/stm32cubeide_1.16.0/plugins/com.st.stm32cube.ide.mcu.externaltools.gnu-tools-for-stm32.12.3.rel1.linux64_1.0.200.202406132123/tools/bin/../lib/gcc/arm-none-eabi/12.3.1/thumb/v7-m/nofp/crtn.o
                0x20005000                        _estack = (ORIGIN (RAM) + LENGTH (RAM))
                0x00000200                        _Min_Heap_Size = 0x200
                0x00000400                        _Min_Stack_Size = 0x400

.isr_vector     0x08000000      0x10c
                0x08000000                        . = ALIGN (0x4)
 *(.isr_vector)
 .isr_vector    0x08000000      0x10c ./Startup/startup_stm32f103xb.o
                0x08000000                g_pfnVectors
                0x0800010c                        . = ALIGN (0x4)

.text           0x08000110     0x7d78
                0x08000110                        . = ALIGN (0x4)
 *(.text)
 .text          0x08000110       0x40 /opt/st/stm32cubeide_1.16.0/plugins/com.st.stm32cube.ide.mcu.externaltools.gnu-tools-for-stm32.12.3.rel1.linux64_1.0.200.202406132123/tools/bin/../lib/gcc/arm-none-eabi/12.3.1/thumb/v7-m/nofp/crtbegin.o
 .text          0x08000150      0x18c ./Assembly/Check_fill_row.o
                0x08000150                Check_fill_row
 .text          0x080002dc       0x3e ./Assembly/Check_wall.o
                0x080002dc                Check_wall
 *fill*         0x0800031a        0x2 
 .text          0x0800031c       0x68 ./Assembly/Collision_check.o
                0x0800031c                Collision_check
 .text          0x08000384       0x34 ./Assembly/Copy_object.o
                0x08000384                Copy_object
 .text          0x080003b8       0x1c ./Assembly/LFSR.o
                0x080003b8                Get_random_num
 .text          0x080003d4       0x1c ./Assembly/Random_0_to_6.o
                0x080003d4                random_0_to_6
 .text          0x080003f0       0x62 ./Assembly/Rotate.o
                0x080003f0                Rotate
 *fill*         0x08000452        0x2 
 .text          0x08000454       0x90 ./Assembly/Write_piece_to_game_field.o
                0x08000454                Write_piece_to_game_field
 .text          0x080004e4       0x26 ./Assembly/row_occupied.o
                0x080004e4                row_occupied
 .text          0x0800050a       0x10 /opt/st/stm32cubeide_1.16.0/plugins/com.st.stm32cube.ide.mcu.externaltools.gnu-tools-for-stm32.12.3.rel1.linux64_1.0.200.202406132123/tools/bin/../lib/gcc/arm-none-eabi/12.3.1/../../../../arm-none-eabi/lib/thumb/v7-m/nofp/libc_nano.a(libc_a-strlen.o)
                0x0800050a                strlen
 *fill*         0x0800051a        0x2 
 .text          0x0800051c      0x378 /opt/st/stm32cubeide_1.16.0/plugins/com.st.stm32cube.ide.mcu.externaltools.gnu-tools-for-stm32.12.3.rel1.linux64_1.0.200.202406132123/tools/bin/../lib/gcc/arm-none-eabi/12.3.1/thumb/v7-m/nofp/libgcc.a(_arm_addsubdf3.o)
                0x0800051c                __aeabi_drsub
                0x08000524                __aeabi_dsub
                0x08000524                __subdf3
                0x08000528                __adddf3
                0x08000528                __aeabi_dadd
                0x080007a0                __aeabi_ui2d
                0x080007a0                __floatunsidf
                0x080007c0                __floatsidf
                0x080007c0                __aeabi_i2d
                0x080007e4                __extendsfdf2
                0x080007e4                __aeabi_f2d
                0x08000828                __aeabi_ul2d
                0x08000828                __floatundidf
                0x08000838                __floatdidf
                0x08000838                __aeabi_l2d
 .text          0x08000894      0x424 /opt/st/stm32cubeide_1.16.0/plugins/com.st.stm32cube.ide.mcu.externaltools.gnu-tools-for-stm32.12.3.rel1.linux64_1.0.200.202406132123/tools/bin/../lib/gcc/arm-none-eabi/12.3.1/thumb/v7-m/nofp/libgcc.a(_arm_muldivdf3.o)
                0x08000894                __aeabi_dmul
                0x08000894                __muldf3
                0x08000ae8                __aeabi_ddiv
                0x08000ae8                __divdf3
 .text          0x08000cb8      0x110 /opt/st/stm32cubeide_1.16.0/plugins/com.st.stm32cube.ide.mcu.externaltools.gnu-tools-for-stm32.12.3.rel1.linux64_1.0.200.202406132123/tools/bin/../lib/gcc/arm-none-eabi/12.3.1/thumb/v7-m/nofp/libgcc.a(_arm_cmpdf2.o)
                0x08000cb8                __gtdf2
                0x08000cb8                __gedf2
                0x08000cc0                __ltdf2
                0x08000cc0                __ledf2
                0x08000cc8                __cmpdf2
                0x08000cc8                __eqdf2
                0x08000cc8                __nedf2
                0x08000d44                __aeabi_cdrcmple
                0x08000d54                __aeabi_cdcmple
                0x08000d54                __aeabi_cdcmpeq
                0x08000d64                __aeabi_dcmpeq
                0x08000d78                __aeabi_dcmplt
                0x08000d8c                __aeabi_dcmple
                0x08000da0                __aeabi_dcmpge
                0x08000db4                __aeabi_dcmpgt
 .text          0x08000dc8       0x2c /opt/st/stm32cubeide_1.16.0/plugins/com.st.stm32cube.ide.mcu.externaltools.gnu-tools-for-stm32.12.3.rel1.linux64_1.0.200.202406132123/tools/bin/../lib/gcc/arm-none-eabi/12.3.1/thumb/v7-m/nofp/libgcc.a(_arm_unorddf2.o)
                0x08000dc8                __aeabi_dcmpun
                0x08000dc8                __unorddf2
 .text          0x08000df4       0x50 /opt/st/stm32cubeide_1.16.0/plugins/com.st.stm32cube.ide.mcu.externaltools.gnu-tools-for-stm32.12.3.rel1.linux64_1.0.200.202406132123/tools/bin/../lib/gcc/arm-none-eabi/12.3.1/thumb/v7-m/nofp/libgcc.a(_arm_fixdfsi.o)
                0x08000df4                __fixdfsi
                0x08000df4                __aeabi_d2iz
 *(.text*)
 .text.main     0x08000e44        0xe ./Core/Src/main.o
                0x08000e44                main
 *fill*         0x08000e52        0x2 
 .text.System_Config
                0x08000e54       0xfc ./Core/Src/main.o
                0x08000e54                System_Config
 .text.Game_loop
                0x08000f50       0xa4 ./Core/Src/main.o
                0x08000f50                Game_loop
 .text.SysTick_Handler
                0x08000ff4        0xc ./Core/Src/stm32f1xx_it.o
                0x08000ff4                SysTick_Handler
 .text.TIM3_IRQHandler
                0x08001000       0x14 ./Core/Src/stm32f1xx_it.o
                0x08001000                TIM3_IRQHandler
 .text.DMA1_Channel1_IRQHandler
                0x08001014       0x14 ./Core/Src/stm32f1xx_it.o
                0x08001014                DMA1_Channel1_IRQHandler
 .text.ADC1_2_IRQHandler
                0x08001028       0x14 ./Core/Src/stm32f1xx_it.o
                0x08001028                ADC1_2_IRQHandler
 .text.HAL_ADC_ConvCpltCallback
                0x0800103c       0x1c ./Core/Src/stm32f1xx_it.o
                0x0800103c                HAL_ADC_ConvCpltCallback
 .text.HAL_TIM_PeriodElapsedCallback
                0x08001058       0x12 ./Core/Src/stm32f1xx_it.o
                0x08001058                HAL_TIM_PeriodElapsedCallback
 *fill*         0x0800106a        0x2 
 .text.HAL_GPIO_EXTI_Callback
                0x0800106c       0x28 ./Core/Src/stm32f1xx_it.o
                0x0800106c                HAL_GPIO_EXTI_Callback
 .text.EXTI9_5_IRQHandler
                0x08001094       0x10 ./Core/Src/stm32f1xx_it.o
                0x08001094                EXTI9_5_IRQHandler
 .text._getpid  0x080010a4        0xe ./Core/Src/syscalls.o
                0x080010a4                _getpid
 .text._kill    0x080010b2       0x20 ./Core/Src/syscalls.o
                0x080010b2                _kill
 .text._exit    0x080010d2       0x16 ./Core/Src/syscalls.o
                0x080010d2                _exit
 .text._read    0x080010e8       0x3a ./Core/Src/syscalls.o
                0x080010e8                _read
 .text._close   0x08001122       0x16 ./Core/Src/syscalls.o
                0x08001122                _close
 .text._fstat   0x08001138       0x1e ./Core/Src/syscalls.o
                0x08001138                _fstat
 .text._isatty  0x08001156       0x14 ./Core/Src/syscalls.o
                0x08001156                _isatty
 .text._lseek   0x0800116a       0x18 ./Core/Src/syscalls.o
                0x0800116a                _lseek
 *fill*         0x08001182        0x2 
 .text._sbrk    0x08001184       0x6c ./Core/Src/sysmem.o
                0x08001184                _sbrk
 .text.SystemInit
                0x080011f0        0xc ./Core/Src/system_stm32f1xx.o
                0x080011f0                SystemInit
 .text.ST7789_WriteCommand
                0x080011fc       0x38 ./Driver/Src/st7789.o
 .text.ST7789_WriteData
                0x08001234       0x5c ./Driver/Src/st7789.o
 .text.ST7789_WriteSmallData
                0x08001290       0x38 ./Driver/Src/st7789.o
 .text.ST7789_SetRotation
                0x080012c8       0x58 ./Driver/Src/st7789.o
                0x080012c8                ST7789_SetRotation
 .text.ST7789_SetAddressWindow
                0x08001320       0xa8 ./Driver/Src/st7789.o
 .text.ST7789_Init
                0x080013c8      0x13c ./Driver/Src/st7789.o
                0x080013c8                ST7789_Init
 .text.ST7789_Fill_Color
                0x08001504       0x66 ./Driver/Src/st7789.o
                0x08001504                ST7789_Fill_Color
 .text.ST7789_DrawPixel
                0x0800156a       0x56 ./Driver/Src/st7789.o
                0x0800156a                ST7789_DrawPixel
 .text.ST7789_DrawLine
                0x080015c0      0x118 ./Driver/Src/st7789.o
                0x080015c0                ST7789_DrawLine
 .text.ST7789_DrawRectangle
                0x080016d8       0x72 ./Driver/Src/st7789.o
                0x080016d8                ST7789_DrawRectangle
 .text.ST7789_WriteChar
                0x0800174a       0xe6 ./Driver/Src/st7789.o
                0x0800174a                ST7789_WriteChar
 .text.ST7789_WriteString
                0x08001830       0x92 ./Driver/Src/st7789.o
                0x08001830                ST7789_WriteString
 .text.ST7789_DrawFilledRectangle
                0x080018c2       0xa0 ./Driver/Src/st7789.o
                0x080018c2                ST7789_DrawFilledRectangle
 .text.ST7789_DrawBlock
                0x08001962       0x58 ./Driver/Src/st7789.o
                0x08001962                ST7789_DrawBlock
 *fill*         0x080019ba        0x2 
 .text.HAL_Init
                0x080019bc       0x2c ./HAL/Src/stm32f1xx_hal.o
                0x080019bc                HAL_Init
 .text.HAL_MspInit
                0x080019e8        0xc ./HAL/Src/stm32f1xx_hal.o
                0x080019e8                HAL_MspInit
 .text.HAL_InitTick
                0x080019f4       0x60 ./HAL/Src/stm32f1xx_hal.o
                0x080019f4                HAL_InitTick
 .text.HAL_IncTick
                0x08001a54       0x24 ./HAL/Src/stm32f1xx_hal.o
                0x08001a54                HAL_IncTick
 .text.HAL_GetTick
                0x08001a78       0x14 ./HAL/Src/stm32f1xx_hal.o
                0x08001a78                HAL_GetTick
 .text.HAL_Delay
                0x08001a8c       0x48 ./HAL/Src/stm32f1xx_hal.o
                0x08001a8c                HAL_Delay
 .text.HAL_ADC_Init
                0x08001ad4      0x1b0 ./HAL/Src/stm32f1xx_hal_adc.o
                0x08001ad4                HAL_ADC_Init
 .text.HAL_ADC_MspInit
                0x08001c84       0x12 ./HAL/Src/stm32f1xx_hal_adc.o
                0x08001c84                HAL_ADC_MspInit
 *fill*         0x08001c96        0x2 
 .text.HAL_ADC_Start_DMA
                0x08001c98      0x1bc ./HAL/Src/stm32f1xx_hal_adc.o
                0x08001c98                HAL_ADC_Start_DMA
 .text.HAL_ADC_IRQHandler
                0x08001e54      0x17e ./HAL/Src/stm32f1xx_hal_adc.o
                0x08001e54                HAL_ADC_IRQHandler
 .text.HAL_ADC_ConvHalfCpltCallback
                0x08001fd2       0x12 ./HAL/Src/stm32f1xx_hal_adc.o
                0x08001fd2                HAL_ADC_ConvHalfCpltCallback
 .text.HAL_ADC_LevelOutOfWindowCallback
                0x08001fe4       0x12 ./HAL/Src/stm32f1xx_hal_adc.o
                0x08001fe4                HAL_ADC_LevelOutOfWindowCallback
 .text.HAL_ADC_ErrorCallback
                0x08001ff6       0x12 ./HAL/Src/stm32f1xx_hal_adc.o
                0x08001ff6                HAL_ADC_ErrorCallback
 .text.HAL_ADC_ConfigChannel
                0x08002008      0x1f0 ./HAL/Src/stm32f1xx_hal_adc.o
                0x08002008                HAL_ADC_ConfigChannel
 .text.ADC_Enable
                0x080021f8       0xb4 ./HAL/Src/stm32f1xx_hal_adc.o
                0x080021f8                ADC_Enable
 .text.ADC_ConversionStop_Disable
                0x080022ac       0x82 ./HAL/Src/stm32f1xx_hal_adc.o
                0x080022ac                ADC_ConversionStop_Disable
 .text.ADC_DMAConvCplt
                0x0800232e       0x7c ./HAL/Src/stm32f1xx_hal_adc.o
                0x0800232e                ADC_DMAConvCplt
 .text.ADC_DMAHalfConvCplt
                0x080023aa       0x1c ./HAL/Src/stm32f1xx_hal_adc.o
                0x080023aa                ADC_DMAHalfConvCplt
 .text.ADC_DMAError
                0x080023c6       0x34 ./HAL/Src/stm32f1xx_hal_adc.o
                0x080023c6                ADC_DMAError
 .text.HAL_ADCEx_InjectedConvCpltCallback
                0x080023fa       0x12 ./HAL/Src/stm32f1xx_hal_adc_ex.o
                0x080023fa                HAL_ADCEx_InjectedConvCpltCallback
 .text.__NVIC_SetPriorityGrouping
                0x0800240c       0x48 ./HAL/Src/stm32f1xx_hal_cortex.o
 .text.__NVIC_GetPriorityGrouping
                0x08002454       0x1c ./HAL/Src/stm32f1xx_hal_cortex.o
 .text.__NVIC_EnableIRQ
                0x08002470       0x38 ./HAL/Src/stm32f1xx_hal_cortex.o
 .text.__NVIC_SetPriority
                0x080024a8       0x54 ./HAL/Src/stm32f1xx_hal_cortex.o
 .text.NVIC_EncodePriority
                0x080024fc       0x64 ./HAL/Src/stm32f1xx_hal_cortex.o
 .text.SysTick_Config
                0x08002560       0x44 ./HAL/Src/stm32f1xx_hal_cortex.o
 .text.HAL_NVIC_SetPriorityGrouping
                0x080025a4       0x16 ./HAL/Src/stm32f1xx_hal_cortex.o
                0x080025a4                HAL_NVIC_SetPriorityGrouping
 .text.HAL_NVIC_SetPriority
                0x080025ba       0x38 ./HAL/Src/stm32f1xx_hal_cortex.o
                0x080025ba                HAL_NVIC_SetPriority
 .text.HAL_NVIC_EnableIRQ
                0x080025f2       0x1c ./HAL/Src/stm32f1xx_hal_cortex.o
                0x080025f2                HAL_NVIC_EnableIRQ
 .text.HAL_SYSTICK_Config
                0x0800260e       0x18 ./HAL/Src/stm32f1xx_hal_cortex.o
                0x0800260e                HAL_SYSTICK_Config
 *fill*         0x08002626        0x2 
 .text.HAL_DMA_Init
                0x08002628       0xb4 ./HAL/Src/stm32f1xx_hal_dma.o
                0x08002628                HAL_DMA_Init
 .text.HAL_DMA_Start_IT
                0x080026dc       0xc0 ./HAL/Src/stm32f1xx_hal_dma.o
                0x080026dc                HAL_DMA_Start_IT
 .text.HAL_DMA_IRQHandler
                0x0800279c      0x20c ./HAL/Src/stm32f1xx_hal_dma.o
                0x0800279c                HAL_DMA_IRQHandler
 .text.DMA_SetConfig
                0x080029a8       0x5a ./HAL/Src/stm32f1xx_hal_dma.o
 *fill*         0x08002a02        0x2 
 .text.HAL_GPIO_Init
                0x08002a04      0x308 ./HAL/Src/stm32f1xx_hal_gpio.o
                0x08002a04                HAL_GPIO_Init
 .text.HAL_GPIO_WritePin
                0x08002d0c       0x30 ./HAL/Src/stm32f1xx_hal_gpio.o
                0x08002d0c                HAL_GPIO_WritePin
 .text.HAL_GPIO_EXTI_IRQHandler
                0x08002d3c       0x30 ./HAL/Src/stm32f1xx_hal_gpio.o
                0x08002d3c                HAL_GPIO_EXTI_IRQHandler
 .text.HAL_RCC_OscConfig
                0x08002d6c      0x504 ./HAL/Src/stm32f1xx_hal_rcc.o
                0x08002d6c                HAL_RCC_OscConfig
 .text.HAL_RCC_ClockConfig
                0x08003270      0x1d4 ./HAL/Src/stm32f1xx_hal_rcc.o
                0x08003270                HAL_RCC_ClockConfig
 .text.HAL_RCC_GetSysClockFreq
                0x08003444       0xa8 ./HAL/Src/stm32f1xx_hal_rcc.o
                0x08003444                HAL_RCC_GetSysClockFreq
 .text.RCC_Delay
                0x080034ec       0x3c ./HAL/Src/stm32f1xx_hal_rcc.o
 .text.HAL_RCCEx_PeriphCLKConfig
                0x08003528      0x16c ./HAL/Src/stm32f1xx_hal_rcc_ex.o
                0x08003528                HAL_RCCEx_PeriphCLKConfig
 .text.HAL_SPI_Init
                0x08003694      0x118 ./HAL/Src/stm32f1xx_hal_spi.o
                0x08003694                HAL_SPI_Init
 .text.HAL_SPI_MspInit
                0x080037ac       0x12 ./HAL/Src/stm32f1xx_hal_spi.o
                0x080037ac                HAL_SPI_MspInit
 .text.HAL_SPI_Transmit
                0x080037be      0x2cc ./HAL/Src/stm32f1xx_hal_spi.o
                0x080037be                HAL_SPI_Transmit
 *fill*         0x08003a8a        0x2 
 .text.SPI_WaitFlagStateUntilTimeout
                0x08003a8c      0x110 ./HAL/Src/stm32f1xx_hal_spi.o
 .text.SPI_EndRxTxTransaction
                0x08003b9c       0x62 ./HAL/Src/stm32f1xx_hal_spi.o
 .text.HAL_TIM_Base_Init
                0x08003bfe       0x9e ./HAL/Src/stm32f1xx_hal_tim.o
                0x08003bfe                HAL_TIM_Base_Init
 .text.HAL_TIM_Base_MspInit
                0x08003c9c       0x12 ./HAL/Src/stm32f1xx_hal_tim.o
                0x08003c9c                HAL_TIM_Base_MspInit
 *fill*         0x08003cae        0x2 
 .text.HAL_TIM_Base_Start_IT
                0x08003cb0       0xa4 ./HAL/Src/stm32f1xx_hal_tim.o
                0x08003cb0                HAL_TIM_Base_Start_IT
 .text.HAL_TIM_IRQHandler
                0x08003d54      0x1e0 ./HAL/Src/stm32f1xx_hal_tim.o
                0x08003d54                HAL_TIM_IRQHandler
 .text.HAL_TIM_ConfigClockSource
                0x08003f34      0x18e ./HAL/Src/stm32f1xx_hal_tim.o
                0x08003f34                HAL_TIM_ConfigClockSource
 .text.HAL_TIM_OC_DelayElapsedCallback
                0x080040c2       0x12 ./HAL/Src/stm32f1xx_hal_tim.o
                0x080040c2                HAL_TIM_OC_DelayElapsedCallback
 .text.HAL_TIM_IC_CaptureCallback
                0x080040d4       0x12 ./HAL/Src/stm32f1xx_hal_tim.o
                0x080040d4                HAL_TIM_IC_CaptureCallback
 .text.HAL_TIM_PWM_PulseFinishedCallback
                0x080040e6       0x12 ./HAL/Src/stm32f1xx_hal_tim.o
                0x080040e6                HAL_TIM_PWM_PulseFinishedCallback
 .text.HAL_TIM_TriggerCallback
                0x080040f8       0x12 ./HAL/Src/stm32f1xx_hal_tim.o
                0x080040f8                HAL_TIM_TriggerCallback
 *fill*         0x0800410a        0x2 
 .text.TIM_Base_SetConfig
                0x0800410c       0xdc ./HAL/Src/stm32f1xx_hal_tim.o
                0x0800410c                TIM_Base_SetConfig
 .text.TIM_TI1_ConfigInputStage
                0x080041e8       0x5c ./HAL/Src/stm32f1xx_hal_tim.o
 .text.TIM_TI2_ConfigInputStage
                0x08004244       0x5e ./HAL/Src/stm32f1xx_hal_tim.o
 .text.TIM_ITRx_SetConfig
                0x080042a2       0x34 ./HAL/Src/stm32f1xx_hal_tim.o
 .text.TIM_ETR_SetConfig
                0x080042d6       0x3e ./HAL/Src/stm32f1xx_hal_tim.o
                0x080042d6                TIM_ETR_SetConfig
 .text.HAL_TIMEx_MasterConfigSynchronization
                0x08004314       0xbc ./HAL/Src/stm32f1xx_hal_tim_ex.o
                0x08004314                HAL_TIMEx_MasterConfigSynchronization
 .text.HAL_TIMEx_CommutCallback
                0x080043d0       0x12 ./HAL/Src/stm32f1xx_hal_tim_ex.o
                0x080043d0                HAL_TIMEx_CommutCallback
 .text.HAL_TIMEx_BreakCallback
                0x080043e2       0x12 ./HAL/Src/stm32f1xx_hal_tim_ex.o
                0x080043e2                HAL_TIMEx_BreakCallback
 .text.RCC_config
                0x080043f4       0xb2 ./Peripherals/Src/Peripherals.o
                0x080043f4                RCC_config
 *fill*         0x080044a6        0x2 
 .text.LED_config
                0x080044a8       0x68 ./Peripherals/Src/Peripherals.o
                0x080044a8                LED_config
 .text.SW_config
                0x08004510       0x4c ./Peripherals/Src/Peripherals.o
                0x08004510                SW_config
 .text.Debugger_config
                0x0800455c       0x64 ./Peripherals/Src/Peripherals.o
                0x0800455c                Debugger_config
 .text.ADC_config
                0x080045c0      0x18c ./Peripherals/Src/Peripherals.o
                0x080045c0                ADC_config
 .text.TIM3_config
                0x0800474c       0xd0 ./Peripherals/Src/Peripherals.o
                0x0800474c                TIM3_config
 .text.SPI_config
                0x0800481c      0x168 ./Peripherals/Src/Peripherals.o
                0x0800481c                SPI_config
 .text.TIM3_UpdatePeriod
                0x08004984       0x6c ./Peripherals/Src/Peripherals.o
                0x08004984                TIM3_UpdatePeriod
 .text.ITM_SendChar
                0x080049f0       0x4c ./Peripherals/Src/Printf_redirect.o
 .text._write   0x08004a3c       0x38 ./Peripherals/Src/Printf_redirect.o
                0x08004a3c                _write
 .text.Reset_Handler
                0x08004a74       0x48 ./Startup/startup_stm32f103xb.o
                0x08004a74                Reset_Handler
 .text.Default_Handler
                0x08004abc        0x2 ./Startup/startup_stm32f103xb.o
                0x08004abc                RTC_Alarm_IRQHandler
                0x08004abc                EXTI2_IRQHandler
                0x08004abc                DebugMon_Handler
                0x08004abc                TIM1_CC_IRQHandler
                0x08004abc                HardFault_Handler
                0x08004abc                PVD_IRQHandler
                0x08004abc                PendSV_Handler
                0x08004abc                NMI_Handler
                0x08004abc                EXTI3_IRQHandler
                0x08004abc                EXTI0_IRQHandler
                0x08004abc                I2C2_EV_IRQHandler
                0x08004abc                UsageFault_Handler
                0x08004abc                SPI1_IRQHandler
                0x08004abc                TAMPER_IRQHandler
                0x08004abc                DMA1_Channel4_IRQHandler
                0x08004abc                USART3_IRQHandler
                0x08004abc                RTC_IRQHandler
                0x08004abc                DMA1_Channel7_IRQHandler
                0x08004abc                CAN1_RX1_IRQHandler
                0x08004abc                TIM4_IRQHandler
                0x08004abc                I2C1_EV_IRQHandler
                0x08004abc                DMA1_Channel6_IRQHandler
                0x08004abc                RCC_IRQHandler
                0x08004abc                TIM1_TRG_COM_IRQHandler
                0x08004abc                Default_Handler
                0x08004abc                EXTI15_10_IRQHandler
                0x08004abc                SPI2_IRQHandler
                0x08004abc                MemManage_Handler
                0x08004abc                SVC_Handler
                0x08004abc                DMA1_Channel5_IRQHandler
                0x08004abc                EXTI4_IRQHandler
                0x08004abc                USB_LP_CAN1_RX0_IRQHandler
                0x08004abc                USB_HP_CAN1_TX_IRQHandler
                0x08004abc                DMA1_Channel3_IRQHandler
                0x08004abc                TIM1_UP_IRQHandler
                0x08004abc                WWDG_IRQHandler
                0x08004abc                TIM2_IRQHandler
                0x08004abc                TIM1_BRK_IRQHandler
                0x08004abc                EXTI1_IRQHandler
                0x08004abc                USART2_IRQHandler
                0x08004abc                I2C2_ER_IRQHandler
                0x08004abc                DMA1_Channel2_IRQHandler
                0x08004abc                CAN1_SCE_IRQHandler
                0x08004abc                FLASH_IRQHandler
                0x08004abc                BusFault_Handler
                0x08004abc                USART1_IRQHandler
                0x08004abc                I2C1_ER_IRQHandler
                0x08004abc                USBWakeUp_IRQHandler
 *fill*         0x08004abe        0x2 
 .text.Draw_score
                0x08004ac0       0x7c ./Tetris/Src/Tetris.o
                0x08004ac0                Draw_score
 .text.Map      0x08004b3c       0x94 ./Tetris/Src/Tetris.o
                0x08004b3c                Map
 .text.Check_joystick
                0x08004bd0      0x1a0 ./Tetris/Src/Tetris.o
                0x08004bd0                Check_joystick
 .text.Draw_current_piece
                0x08004d70       0xb8 ./Tetris/Src/Tetris.o
                0x08004d70                Draw_current_piece
 .text.Erase_prev_piece
                0x08004e28       0xb0 ./Tetris/Src/Tetris.o
                0x08004e28                Erase_prev_piece
 .text.Draw_active_piece
                0x08004ed8       0x10 ./Tetris/Src/Tetris.o
                0x08004ed8                Draw_active_piece
 .text.Start_pause
                0x08004ee8       0x3c ./Tetris/Src/Tetris.o
                0x08004ee8                Start_pause
 .text.Spawn_new_piece
                0x08004f24      0x19c ./Tetris/Src/Tetris.o
                0x08004f24                Spawn_new_piece
 .text.__cvt    0x080050c0       0xc8 /opt/st/stm32cubeide_1.16.0/plugins/com.st.stm32cube.ide.mcu.externaltools.gnu-tools-for-stm32.12.3.rel1.linux64_1.0.200.202406132123/tools/bin/../lib/gcc/arm-none-eabi/12.3.1/../../../../arm-none-eabi/lib/thumb/v7-m/nofp/libc_nano.a(libc_a-nano-vfprintf_float.o)
                0x080050c0                __cvt
 .text.__exponent
                0x08005188       0x74 /opt/st/stm32cubeide_1.16.0/plugins/com.st.stm32cube.ide.mcu.externaltools.gnu-tools-for-stm32.12.3.rel1.linux64_1.0.200.202406132123/tools/bin/../lib/gcc/arm-none-eabi/12.3.1/../../../../arm-none-eabi/lib/thumb/v7-m/nofp/libc_nano.a(libc_a-nano-vfprintf_float.o)
                0x08005188                __exponent
 .text._printf_float
                0x080051fc      0x458 /opt/st/stm32cubeide_1.16.0/plugins/com.st.stm32cube.ide.mcu.externaltools.gnu-tools-for-stm32.12.3.rel1.linux64_1.0.200.202406132123/tools/bin/../lib/gcc/arm-none-eabi/12.3.1/../../../../arm-none-eabi/lib/thumb/v7-m/nofp/libc_nano.a(libc_a-nano-vfprintf_float.o)
                0x080051fc                _printf_float
 .text._printf_common
                0x08005654       0xe4 /opt/st/stm32cubeide_1.16.0/plugins/com.st.stm32cube.ide.mcu.externaltools.gnu-tools-for-stm32.12.3.rel1.linux64_1.0.200.202406132123/tools/bin/../lib/gcc/arm-none-eabi/12.3.1/../../../../arm-none-eabi/lib/thumb/v7-m/nofp/libc_nano.a(libc_a-nano-vfprintf_i.o)
                0x08005654                _printf_common
 .text._printf_i
                0x08005738      0x240 /opt/st/stm32cubeide_1.16.0/plugins/com.st.stm32cube.ide.mcu.externaltools.gnu-tools-for-stm32.12.3.rel1.linux64_1.0.200.202406132123/tools/bin/../lib/gcc/arm-none-eabi/12.3.1/../../../../arm-none-eabi/lib/thumb/v7-m/nofp/libc_nano.a(libc_a-nano-vfprintf_i.o)
                0x08005738                _printf_i
 .text.std      0x08005978       0x6c /opt/st/stm32cubeide_1.16.0/plugins/com.st.stm32cube.ide.mcu.externaltools.gnu-tools-for-stm32.12.3.rel1.linux64_1.0.200.202406132123/tools/bin/../lib/gcc/arm-none-eabi/12.3.1/../../../../arm-none-eabi/lib/thumb/v7-m/nofp/libc_nano.a(libc_a-findfp.o)
 .text.stdio_exit_handler
                0x080059e4       0x18 /opt/st/stm32cubeide_1.16.0/plugins/com.st.stm32cube.ide.mcu.externaltools.gnu-tools-for-stm32.12.3.rel1.linux64_1.0.200.202406132123/tools/bin/../lib/gcc/arm-none-eabi/12.3.1/../../../../arm-none-eabi/lib/thumb/v7-m/nofp/libc_nano.a(libc_a-findfp.o)
 .text.cleanup_stdio
                0x080059fc       0x40 /opt/st/stm32cubeide_1.16.0/plugins/com.st.stm32cube.ide.mcu.externaltools.gnu-tools-for-stm32.12.3.rel1.linux64_1.0.200.202406132123/tools/bin/../lib/gcc/arm-none-eabi/12.3.1/../../../../arm-none-eabi/lib/thumb/v7-m/nofp/libc_nano.a(libc_a-findfp.o)
 .text.global_stdio_init.part.0
                0x08005a3c       0x3c /opt/st/stm32cubeide_1.16.0/plugins/com.st.stm32cube.ide.mcu.externaltools.gnu-tools-for-stm32.12.3.rel1.linux64_1.0.200.202406132123/tools/bin/../lib/gcc/arm-none-eabi/12.3.1/../../../../arm-none-eabi/lib/thumb/v7-m/nofp/libc_nano.a(libc_a-findfp.o)
 .text.__sfp_lock_acquire
                0x08005a78        0xc /opt/st/stm32cubeide_1.16.0/plugins/com.st.stm32cube.ide.mcu.externaltools.gnu-tools-for-stm32.12.3.rel1.linux64_1.0.200.202406132123/tools/bin/../lib/gcc/arm-none-eabi/12.3.1/../../../../arm-none-eabi/lib/thumb/v7-m/nofp/libc_nano.a(libc_a-findfp.o)
                0x08005a78                __sfp_lock_acquire
 .text.__sfp_lock_release
                0x08005a84        0xc /opt/st/stm32cubeide_1.16.0/plugins/com.st.stm32cube.ide.mcu.externaltools.gnu-tools-for-stm32.12.3.rel1.linux64_1.0.200.202406132123/tools/bin/../lib/gcc/arm-none-eabi/12.3.1/../../../../arm-none-eabi/lib/thumb/v7-m/nofp/libc_nano.a(libc_a-findfp.o)
                0x08005a84                __sfp_lock_release
 .text.__sinit  0x08005a90       0x30 /opt/st/stm32cubeide_1.16.0/plugins/com.st.stm32cube.ide.mcu.externaltools.gnu-tools-for-stm32.12.3.rel1.linux64_1.0.200.202406132123/tools/bin/../lib/gcc/arm-none-eabi/12.3.1/../../../../arm-none-eabi/lib/thumb/v7-m/nofp/libc_nano.a(libc_a-findfp.o)
                0x08005a90                __sinit
 .text._fwalk_sglue
                0x08005ac0       0x3c /opt/st/stm32cubeide_1.16.0/plugins/com.st.stm32cube.ide.mcu.externaltools.gnu-tools-for-stm32.12.3.rel1.linux64_1.0.200.202406132123/tools/bin/../lib/gcc/arm-none-eabi/12.3.1/../../../../arm-none-eabi/lib/thumb/v7-m/nofp/libc_nano.a(libc_a-fwalk.o)
                0x08005ac0                _fwalk_sglue
 .text.printf   0x08005afc       0x24 /opt/st/stm32cubeide_1.16.0/plugins/com.st.stm32cube.ide.mcu.externaltools.gnu-tools-for-stm32.12.3.rel1.linux64_1.0.200.202406132123/tools/bin/../lib/gcc/arm-none-eabi/12.3.1/../../../../arm-none-eabi/lib/thumb/v7-m/nofp/libc_nano.a(libc_a-printf.o)
                0x08005afc                printf
                0x08005afc                iprintf
 .text._puts_r  0x08005b20       0xaa /opt/st/stm32cubeide_1.16.0/plugins/com.st.stm32cube.ide.mcu.externaltools.gnu-tools-for-stm32.12.3.rel1.linux64_1.0.200.202406132123/tools/bin/../lib/gcc/arm-none-eabi/12.3.1/../../../../arm-none-eabi/lib/thumb/v7-m/nofp/libc_nano.a(libc_a-puts.o)
                0x08005b20                _puts_r
 *fill*         0x08005bca        0x2 
 .text.puts     0x08005bcc       0x10 /opt/st/stm32cubeide_1.16.0/plugins/com.st.stm32cube.ide.mcu.externaltools.gnu-tools-for-stm32.12.3.rel1.linux64_1.0.200.202406132123/tools/bin/../lib/gcc/arm-none-eabi/12.3.1/../../../../arm-none-eabi/lib/thumb/v7-m/nofp/libc_nano.a(libc_a-puts.o)
                0x08005bcc                puts
 .text.snprintf
                0x08005bdc       0x68 /opt/st/stm32cubeide_1.16.0/plugins/com.st.stm32cube.ide.mcu.externaltools.gnu-tools-for-stm32.12.3.rel1.linux64_1.0.200.202406132123/tools/bin/../lib/gcc/arm-none-eabi/12.3.1/../../../../arm-none-eabi/lib/thumb/v7-m/nofp/libc_nano.a(libc_a-snprintf.o)
                0x08005bdc                snprintf
                0x08005bdc                sniprintf
 .text.__sread  0x08005c44       0x22 /opt/st/stm32cubeide_1.16.0/plugins/com.st.stm32cube.ide.mcu.externaltools.gnu-tools-for-stm32.12.3.rel1.linux64_1.0.200.202406132123/tools/bin/../lib/gcc/arm-none-eabi/12.3.1/../../../../arm-none-eabi/lib/thumb/v7-m/nofp/libc_nano.a(libc_a-stdio.o)
                0x08005c44                __sread
 .text.__swrite
                0x08005c66       0x38 /opt/st/stm32cubeide_1.16.0/plugins/com.st.stm32cube.ide.mcu.externaltools.gnu-tools-for-stm32.12.3.rel1.linux64_1.0.200.202406132123/tools/bin/../lib/gcc/arm-none-eabi/12.3.1/../../../../arm-none-eabi/lib/thumb/v7-m/nofp/libc_nano.a(libc_a-stdio.o)
                0x08005c66                __swrite
 .text.__sseek  0x08005c9e       0x24 /opt/st/stm32cubeide_1.16.0/plugins/com.st.stm32cube.ide.mcu.externaltools.gnu-tools-for-stm32.12.3.rel1.linux64_1.0.200.202406132123/tools/bin/../lib/gcc/arm-none-eabi/12.3.1/../../../../arm-none-eabi/lib/thumb/v7-m/nofp/libc_nano.a(libc_a-stdio.o)
                0x08005c9e                __sseek
 .text.__sclose
                0x08005cc2        0x8 /opt/st/stm32cubeide_1.16.0/plugins/com.st.stm32cube.ide.mcu.externaltools.gnu-tools-for-stm32.12.3.rel1.linux64_1.0.200.202406132123/tools/bin/../lib/gcc/arm-none-eabi/12.3.1/../../../../arm-none-eabi/lib/thumb/v7-m/nofp/libc_nano.a(libc_a-stdio.o)
                0x08005cc2                __sclose
 .text.__swbuf_r
                0x08005cca       0x7c /opt/st/stm32cubeide_1.16.0/plugins/com.st.stm32cube.ide.mcu.externaltools.gnu-tools-for-stm32.12.3.rel1.linux64_1.0.200.202406132123/tools/bin/../lib/gcc/arm-none-eabi/12.3.1/../../../../arm-none-eabi/lib/thumb/v7-m/nofp/libc_nano.a(libc_a-wbuf.o)
                0x08005cca                __swbuf_r
 *fill*         0x08005d46        0x2 
 .text.__swsetup_r
                0x08005d48       0xac /opt/st/stm32cubeide_1.16.0/plugins/com.st.stm32cube.ide.mcu.externaltools.gnu-tools-for-stm32.12.3.rel1.linux64_1.0.200.202406132123/tools/bin/../lib/gcc/arm-none-eabi/12.3.1/../../../../arm-none-eabi/lib/thumb/v7-m/nofp/libc_nano.a(libc_a-wsetup.o)
                0x08005d48                __swsetup_r
 .text.memset   0x08005df4       0x10 /opt/st/stm32cubeide_1.16.0/plugins/com.st.stm32cube.ide.mcu.externaltools.gnu-tools-for-stm32.12.3.rel1.linux64_1.0.200.202406132123/tools/bin/../lib/gcc/arm-none-eabi/12.3.1/../../../../arm-none-eabi/lib/thumb/v7-m/nofp/libc_nano.a(libc_a-memset.o)
                0x08005df4                memset
 .text._localeconv_r
                0x08005e04        0x8 /opt/st/stm32cubeide_1.16.0/plugins/com.st.stm32cube.ide.mcu.externaltools.gnu-tools-for-stm32.12.3.rel1.linux64_1.0.200.202406132123/tools/bin/../lib/gcc/arm-none-eabi/12.3.1/../../../../arm-none-eabi/lib/thumb/v7-m/nofp/libc_nano.a(libc_a-localeconv.o)
                0x08005e04                _localeconv_r
 .text._close_r
                0x08005e0c       0x20 /opt/st/stm32cubeide_1.16.0/plugins/com.st.stm32cube.ide.mcu.externaltools.gnu-tools-for-stm32.12.3.rel1.linux64_1.0.200.202406132123/tools/bin/../lib/gcc/arm-none-eabi/12.3.1/../../../../arm-none-eabi/lib/thumb/v7-m/nofp/libc_nano.a(libc_a-closer.o)
                0x08005e0c                _close_r
 .text._lseek_r
                0x08005e2c       0x24 /opt/st/stm32cubeide_1.16.0/plugins/com.st.stm32cube.ide.mcu.externaltools.gnu-tools-for-stm32.12.3.rel1.linux64_1.0.200.202406132123/tools/bin/../lib/gcc/arm-none-eabi/12.3.1/../../../../arm-none-eabi/lib/thumb/v7-m/nofp/libc_nano.a(libc_a-lseekr.o)
                0x08005e2c                _lseek_r
 .text._read_r  0x08005e50       0x24 /opt/st/stm32cubeide_1.16.0/plugins/com.st.stm32cube.ide.mcu.externaltools.gnu-tools-for-stm32.12.3.rel1.linux64_1.0.200.202406132123/tools/bin/../lib/gcc/arm-none-eabi/12.3.1/../../../../arm-none-eabi/lib/thumb/v7-m/nofp/libc_nano.a(libc_a-readr.o)
                0x08005e50                _read_r
 .text._write_r
                0x08005e74       0x24 /opt/st/stm32cubeide_1.16.0/plugins/com.st.stm32cube.ide.mcu.externaltools.gnu-tools-for-stm32.12.3.rel1.linux64_1.0.200.202406132123/tools/bin/../lib/gcc/arm-none-eabi/12.3.1/../../../../arm-none-eabi/lib/thumb/v7-m/nofp/libc_nano.a(libc_a-writer.o)
                0x08005e74                _write_r
 .text.__errno  0x08005e98        0xc /opt/st/stm32cubeide_1.16.0/plugins/com.st.stm32cube.ide.mcu.externaltools.gnu-tools-for-stm32.12.3.rel1.linux64_1.0.200.202406132123/tools/bin/../lib/gcc/arm-none-eabi/12.3.1/../../../../arm-none-eabi/lib/thumb/v7-m/nofp/libc_nano.a(libc_a-errno.o)
                0x08005e98                __errno
 .text.__libc_init_array
                0x08005ea4       0x48 /opt/st/stm32cubeide_1.16.0/plugins/com.st.stm32cube.ide.mcu.externaltools.gnu-tools-for-stm32.12.3.rel1.linux64_1.0.200.202406132123/tools/bin/../lib/gcc/arm-none-eabi/12.3.1/../../../../arm-none-eabi/lib/thumb/v7-m/nofp/libc_nano.a(libc_a-init.o)
                0x08005ea4                __libc_init_array
 .text.__retarget_lock_init_recursive
                0x08005eec        0x2 /opt/st/stm32cubeide_1.16.0/plugins/com.st.stm32cube.ide.mcu.externaltools.gnu-tools-for-stm32.12.3.rel1.linux64_1.0.200.202406132123/tools/bin/../lib/gcc/arm-none-eabi/12.3.1/../../../../arm-none-eabi/lib/thumb/v7-m/nofp/libc_nano.a(libc_a-lock.o)
                0x08005eec                __retarget_lock_init_recursive
 .text.__retarget_lock_acquire_recursive
                0x08005eee        0x2 /opt/st/stm32cubeide_1.16.0/plugins/com.st.stm32cube.ide.mcu.externaltools.gnu-tools-for-stm32.12.3.rel1.linux64_1.0.200.202406132123/tools/bin/../lib/gcc/arm-none-eabi/12.3.1/../../../../arm-none-eabi/lib/thumb/v7-m/nofp/libc_nano.a(libc_a-lock.o)
                0x08005eee                __retarget_lock_acquire_recursive
 .text.__retarget_lock_release_recursive
                0x08005ef0        0x2 /opt/st/stm32cubeide_1.16.0/plugins/com.st.stm32cube.ide.mcu.externaltools.gnu-tools-for-stm32.12.3.rel1.linux64_1.0.200.202406132123/tools/bin/../lib/gcc/arm-none-eabi/12.3.1/../../../../arm-none-eabi/lib/thumb/v7-m/nofp/libc_nano.a(libc_a-lock.o)
                0x08005ef0                __retarget_lock_release_recursive
 .text.memchr   0x08005ef2       0x1c /opt/st/stm32cubeide_1.16.0/plugins/com.st.stm32cube.ide.mcu.externaltools.gnu-tools-for-stm32.12.3.rel1.linux64_1.0.200.202406132123/tools/bin/../lib/gcc/arm-none-eabi/12.3.1/../../../../arm-none-eabi/lib/thumb/v7-m/nofp/libc_nano.a(libc_a-memchr-stub.o)
                0x08005ef2                memchr
 .text.quorem   0x08005f0e      0x110 /opt/st/stm32cubeide_1.16.0/plugins/com.st.stm32cube.ide.mcu.externaltools.gnu-tools-for-stm32.12.3.rel1.linux64_1.0.200.202406132123/tools/bin/../lib/gcc/arm-none-eabi/12.3.1/../../../../arm-none-eabi/lib/thumb/v7-m/nofp/libc_nano.a(libc_a-dtoa.o)
 *fill*         0x0800601e        0x2 
 .text._dtoa_r  0x08006020      0xb90 /opt/st/stm32cubeide_1.16.0/plugins/com.st.stm32cube.ide.mcu.externaltools.gnu-tools-for-stm32.12.3.rel1.linux64_1.0.200.202406132123/tools/bin/../lib/gcc/arm-none-eabi/12.3.1/../../../../arm-none-eabi/lib/thumb/v7-m/nofp/libc_nano.a(libc_a-dtoa.o)
                0x08006020                _dtoa_r
 .text._free_r  0x08006bb0       0x90 /opt/st/stm32cubeide_1.16.0/plugins/com.st.stm32cube.ide.mcu.externaltools.gnu-tools-for-stm32.12.3.rel1.linux64_1.0.200.202406132123/tools/bin/../lib/gcc/arm-none-eabi/12.3.1/../../../../arm-none-eabi/lib/thumb/v7-m/nofp/libc_nano.a(libc_a-freer.o)
                0x08006bb0                _free_r
 .text.malloc   0x08006c40       0x10 /opt/st/stm32cubeide_1.16.0/plugins/com.st.stm32cube.ide.mcu.externaltools.gnu-tools-for-stm32.12.3.rel1.linux64_1.0.200.202406132123/tools/bin/../lib/gcc/arm-none-eabi/12.3.1/../../../../arm-none-eabi/lib/thumb/v7-m/nofp/libc_nano.a(libc_a-malloc.o)
                0x08006c40                malloc
 .text.sbrk_aligned
                0x08006c50       0x44 /opt/st/stm32cubeide_1.16.0/plugins/com.st.stm32cube.ide.mcu.externaltools.gnu-tools-for-stm32.12.3.rel1.linux64_1.0.200.202406132123/tools/bin/../lib/gcc/arm-none-eabi/12.3.1/../../../../arm-none-eabi/lib/thumb/v7-m/nofp/libc_nano.a(libc_a-mallocr.o)
 .text._malloc_r
                0x08006c94      0x100 /opt/st/stm32cubeide_1.16.0/plugins/com.st.stm32cube.ide.mcu.externaltools.gnu-tools-for-stm32.12.3.rel1.linux64_1.0.200.202406132123/tools/bin/../lib/gcc/arm-none-eabi/12.3.1/../../../../arm-none-eabi/lib/thumb/v7-m/nofp/libc_nano.a(libc_a-mallocr.o)
                0x08006c94                _malloc_r
 .text.__malloc_lock
                0x08006d94        0xc /opt/st/stm32cubeide_1.16.0/plugins/com.st.stm32cube.ide.mcu.externaltools.gnu-tools-for-stm32.12.3.rel1.linux64_1.0.200.202406132123/tools/bin/../lib/gcc/arm-none-eabi/12.3.1/../../../../arm-none-eabi/lib/thumb/v7-m/nofp/libc_nano.a(libc_a-mlock.o)
                0x08006d94                __malloc_lock
 .text.__malloc_unlock
                0x08006da0        0xc /opt/st/stm32cubeide_1.16.0/plugins/com.st.stm32cube.ide.mcu.externaltools.gnu-tools-for-stm32.12.3.rel1.linux64_1.0.200.202406132123/tools/bin/../lib/gcc/arm-none-eabi/12.3.1/../../../../arm-none-eabi/lib/thumb/v7-m/nofp/libc_nano.a(libc_a-mlock.o)
                0x08006da0                __malloc_unlock
 .text._Balloc  0x08006dac       0x80 /opt/st/stm32cubeide_1.16.0/plugins/com.st.stm32cube.ide.mcu.externaltools.gnu-tools-for-stm32.12.3.rel1.linux64_1.0.200.202406132123/tools/bin/../lib/gcc/arm-none-eabi/12.3.1/../../../../arm-none-eabi/lib/thumb/v7-m/nofp/libc_nano.a(libc_a-mprec.o)
                0x08006dac                _Balloc
 .text._Bfree   0x08006e2c       0x44 /opt/st/stm32cubeide_1.16.0/plugins/com.st.stm32cube.ide.mcu.externaltools.gnu-tools-for-stm32.12.3.rel1.linux64_1.0.200.202406132123/tools/bin/../lib/gcc/arm-none-eabi/12.3.1/../../../../arm-none-eabi/lib/thumb/v7-m/nofp/libc_nano.a(libc_a-mprec.o)
                0x08006e2c                _Bfree
 .text.__multadd
                0x08006e70       0x8c /opt/st/stm32cubeide_1.16.0/plugins/com.st.stm32cube.ide.mcu.externaltools.gnu-tools-for-stm32.12.3.rel1.linux64_1.0.200.202406132123/tools/bin/../lib/gcc/arm-none-eabi/12.3.1/../../../../arm-none-eabi/lib/thumb/v7-m/nofp/libc_nano.a(libc_a-mprec.o)
                0x08006e70                __multadd
 .text.__hi0bits
                0x08006efc       0x3e /opt/st/stm32cubeide_1.16.0/plugins/com.st.stm32cube.ide.mcu.externaltools.gnu-tools-for-stm32.12.3.rel1.linux64_1.0.200.202406132123/tools/bin/../lib/gcc/arm-none-eabi/12.3.1/../../../../arm-none-eabi/lib/thumb/v7-m/nofp/libc_nano.a(libc_a-mprec.o)
                0x08006efc                __hi0bits
 .text.__lo0bits
                0x08006f3a       0x5a /opt/st/stm32cubeide_1.16.0/plugins/com.st.stm32cube.ide.mcu.externaltools.gnu-tools-for-stm32.12.3.rel1.linux64_1.0.200.202406132123/tools/bin/../lib/gcc/arm-none-eabi/12.3.1/../../../../arm-none-eabi/lib/thumb/v7-m/nofp/libc_nano.a(libc_a-mprec.o)
                0x08006f3a                __lo0bits
 .text.__i2b    0x08006f94       0x2c /opt/st/stm32cubeide_1.16.0/plugins/com.st.stm32cube.ide.mcu.externaltools.gnu-tools-for-stm32.12.3.rel1.linux64_1.0.200.202406132123/tools/bin/../lib/gcc/arm-none-eabi/12.3.1/../../../../arm-none-eabi/lib/thumb/v7-m/nofp/libc_nano.a(libc_a-mprec.o)
                0x08006f94                __i2b
 .text.__multiply
                0x08006fc0      0x150 /opt/st/stm32cubeide_1.16.0/plugins/com.st.stm32cube.ide.mcu.externaltools.gnu-tools-for-stm32.12.3.rel1.linux64_1.0.200.202406132123/tools/bin/../lib/gcc/arm-none-eabi/12.3.1/../../../../arm-none-eabi/lib/thumb/v7-m/nofp/libc_nano.a(libc_a-mprec.o)
                0x08006fc0                __multiply
 .text.__pow5mult
                0x08007110       0xb4 /opt/st/stm32cubeide_1.16.0/plugins/com.st.stm32cube.ide.mcu.externaltools.gnu-tools-for-stm32.12.3.rel1.linux64_1.0.200.202406132123/tools/bin/../lib/gcc/arm-none-eabi/12.3.1/../../../../arm-none-eabi/lib/thumb/v7-m/nofp/libc_nano.a(libc_a-mprec.o)
                0x08007110                __pow5mult
 .text.__lshift
                0x080071c4       0xd8 /opt/st/stm32cubeide_1.16.0/plugins/com.st.stm32cube.ide.mcu.externaltools.gnu-tools-for-stm32.12.3.rel1.linux64_1.0.200.202406132123/tools/bin/../lib/gcc/arm-none-eabi/12.3.1/../../../../arm-none-eabi/lib/thumb/v7-m/nofp/libc_nano.a(libc_a-mprec.o)
                0x080071c4                __lshift
 .text.__mcmp   0x0800729c       0x36 /opt/st/stm32cubeide_1.16.0/plugins/com.st.stm32cube.ide.mcu.externaltools.gnu-tools-for-stm32.12.3.rel1.linux64_1.0.200.202406132123/tools/bin/../lib/gcc/arm-none-eabi/12.3.1/../../../../arm-none-eabi/lib/thumb/v7-m/nofp/libc_nano.a(libc_a-mprec.o)
                0x0800729c                __mcmp
 *fill*         0x080072d2        0x2 
 .text.__mdiff  0x080072d4      0x128 /opt/st/stm32cubeide_1.16.0/plugins/com.st.stm32cube.ide.mcu.externaltools.gnu-tools-for-stm32.12.3.rel1.linux64_1.0.200.202406132123/tools/bin/../lib/gcc/arm-none-eabi/12.3.1/../../../../arm-none-eabi/lib/thumb/v7-m/nofp/libc_nano.a(libc_a-mprec.o)
                0x080072d4                __mdiff
 .text.__d2b    0x080073fc       0xb0 /opt/st/stm32cubeide_1.16.0/plugins/com.st.stm32cube.ide.mcu.externaltools.gnu-tools-for-stm32.12.3.rel1.linux64_1.0.200.202406132123/tools/bin/../lib/gcc/arm-none-eabi/12.3.1/../../../../arm-none-eabi/lib/thumb/v7-m/nofp/libc_nano.a(libc_a-mprec.o)
                0x080073fc                __d2b
 .text.__ssputs_r
                0x080074ac       0xb6 /opt/st/stm32cubeide_1.16.0/plugins/com.st.stm32cube.ide.mcu.externaltools.gnu-tools-for-stm32.12.3.rel1.linux64_1.0.200.202406132123/tools/bin/../lib/gcc/arm-none-eabi/12.3.1/../../../../arm-none-eabi/lib/thumb/v7-m/nofp/libc_nano.a(libc_a-nano-svfprintf.o)
                0x080074ac                __ssputs_r
 *fill*         0x08007562        0x2 
 .text._svfprintf_r
                0x08007564      0x1f8 /opt/st/stm32cubeide_1.16.0/plugins/com.st.stm32cube.ide.mcu.externaltools.gnu-tools-for-stm32.12.3.rel1.linux64_1.0.200.202406132123/tools/bin/../lib/gcc/arm-none-eabi/12.3.1/../../../../arm-none-eabi/lib/thumb/v7-m/nofp/libc_nano.a(libc_a-nano-svfprintf.o)
                0x08007564                _svfprintf_r
                0x08007564                _svfiprintf_r
 .text.__sfputc_r
                0x0800775c       0x2a /opt/st/stm32cubeide_1.16.0/plugins/com.st.stm32cube.ide.mcu.externaltools.gnu-tools-for-stm32.12.3.rel1.linux64_1.0.200.202406132123/tools/bin/../lib/gcc/arm-none-eabi/12.3.1/../../../../arm-none-eabi/lib/thumb/v7-m/nofp/libc_nano.a(libc_a-nano-vfprintf.o)
 .text.__sfputs_r
                0x08007786       0x24 /opt/st/stm32cubeide_1.16.0/plugins/com.st.stm32cube.ide.mcu.externaltools.gnu-tools-for-stm32.12.3.rel1.linux64_1.0.200.202406132123/tools/bin/../lib/gcc/arm-none-eabi/12.3.1/../../../../arm-none-eabi/lib/thumb/v7-m/nofp/libc_nano.a(libc_a-nano-vfprintf.o)
                0x08007786                __sfputs_r
 *fill*         0x080077aa        0x2 
 .text._vfprintf_r
                0x080077ac      0x230 /opt/st/stm32cubeide_1.16.0/plugins/com.st.stm32cube.ide.mcu.externaltools.gnu-tools-for-stm32.12.3.rel1.linux64_1.0.200.202406132123/tools/bin/../lib/gcc/arm-none-eabi/12.3.1/../../../../arm-none-eabi/lib/thumb/v7-m/nofp/libc_nano.a(libc_a-nano-vfprintf.o)
                0x080077ac                _vfiprintf_r
                0x080077ac                _vfprintf_r
 .text.__sflush_r
                0x080079dc      0x100 /opt/st/stm32cubeide_1.16.0/plugins/com.st.stm32cube.ide.mcu.externaltools.gnu-tools-for-stm32.12.3.rel1.linux64_1.0.200.202406132123/tools/bin/../lib/gcc/arm-none-eabi/12.3.1/../../../../arm-none-eabi/lib/thumb/v7-m/nofp/libc_nano.a(libc_a-fflush.o)
                0x080079dc                __sflush_r
 .text._fflush_r
                0x08007adc       0x50 /opt/st/stm32cubeide_1.16.0/plugins/com.st.stm32cube.ide.mcu.externaltools.gnu-tools-for-stm32.12.3.rel1.linux64_1.0.200.202406132123/tools/bin/../lib/gcc/arm-none-eabi/12.3.1/../../../../arm-none-eabi/lib/thumb/v7-m/nofp/libc_nano.a(libc_a-fflush.o)
                0x08007adc                _fflush_r
 .text.__swhatbuf_r
                0x08007b2c       0x4a /opt/st/stm32cubeide_1.16.0/plugins/com.st.stm32cube.ide.mcu.externaltools.gnu-tools-for-stm32.12.3.rel1.linux64_1.0.200.202406132123/tools/bin/../lib/gcc/arm-none-eabi/12.3.1/../../../../arm-none-eabi/lib/thumb/v7-m/nofp/libc_nano.a(libc_a-makebuf.o)
                0x08007b2c                __swhatbuf_r
 .text.__smakebuf_r
                0x08007b76       0x78 /opt/st/stm32cubeide_1.16.0/plugins/com.st.stm32cube.ide.mcu.externaltools.gnu-tools-for-stm32.12.3.rel1.linux64_1.0.200.202406132123/tools/bin/../lib/gcc/arm-none-eabi/12.3.1/../../../../arm-none-eabi/lib/thumb/v7-m/nofp/libc_nano.a(libc_a-makebuf.o)
                0x08007b76                __smakebuf_r
 .text.memmove  0x08007bee       0x34 /opt/st/stm32cubeide_1.16.0/plugins/com.st.stm32cube.ide.mcu.externaltools.gnu-tools-for-stm32.12.3.rel1.linux64_1.0.200.202406132123/tools/bin/../lib/gcc/arm-none-eabi/12.3.1/../../../../arm-none-eabi/lib/thumb/v7-m/nofp/libc_nano.a(libc_a-memmove.o)
                0x08007bee                memmove
 *fill*         0x08007c22        0x2 
 .text._fstat_r
                0x08007c24       0x24 /opt/st/stm32cubeide_1.16.0/plugins/com.st.stm32cube.ide.mcu.externaltools.gnu-tools-for-stm32.12.3.rel1.linux64_1.0.200.202406132123/tools/bin/../lib/gcc/arm-none-eabi/12.3.1/../../../../arm-none-eabi/lib/thumb/v7-m/nofp/libc_nano.a(libc_a-fstatr.o)
                0x08007c24                _fstat_r
 .text._isatty_r
                0x08007c48       0x20 /opt/st/stm32cubeide_1.16.0/plugins/com.st.stm32cube.ide.mcu.externaltools.gnu-tools-for-stm32.12.3.rel1.linux64_1.0.200.202406132123/tools/bin/../lib/gcc/arm-none-eabi/12.3.1/../../../../arm-none-eabi/lib/thumb/v7-m/nofp/libc_nano.a(libc_a-isattyr.o)
                0x08007c48                _isatty_r
 .text._sbrk_r  0x08007c68       0x20 /opt/st/stm32cubeide_1.16.0/plugins/com.st.stm32cube.ide.mcu.externaltools.gnu-tools-for-stm32.12.3.rel1.linux64_1.0.200.202406132123/tools/bin/../lib/gcc/arm-none-eabi/12.3.1/../../../../arm-none-eabi/lib/thumb/v7-m/nofp/libc_nano.a(libc_a-sbrkr.o)
                0x08007c68                _sbrk_r
 .text.memcpy   0x08007c88       0x1c /opt/st/stm32cubeide_1.16.0/plugins/com.st.stm32cube.ide.mcu.externaltools.gnu-tools-for-stm32.12.3.rel1.linux64_1.0.200.202406132123/tools/bin/../lib/gcc/arm-none-eabi/12.3.1/../../../../arm-none-eabi/lib/thumb/v7-m/nofp/libc_nano.a(libc_a-memcpy-stub.o)
                0x08007c88                memcpy
 .text.__assert_func
                0x08007ca4       0x3c /opt/st/stm32cubeide_1.16.0/plugins/com.st.stm32cube.ide.mcu.externaltools.gnu-tools-for-stm32.12.3.rel1.linux64_1.0.200.202406132123/tools/bin/../lib/gcc/arm-none-eabi/12.3.1/../../../../arm-none-eabi/lib/thumb/v7-m/nofp/libc_nano.a(libc_a-assert.o)
                0x08007ca4                __assert_func
 .text._calloc_r
                0x08007ce0       0x28 /opt/st/stm32cubeide_1.16.0/plugins/com.st.stm32cube.ide.mcu.externaltools.gnu-tools-for-stm32.12.3.rel1.linux64_1.0.200.202406132123/tools/bin/../lib/gcc/arm-none-eabi/12.3.1/../../../../arm-none-eabi/lib/thumb/v7-m/nofp/libc_nano.a(libc_a-callocr.o)
                0x08007ce0                _calloc_r
 .text.__ascii_mbtowc
                0x08007d08       0x24 /opt/st/stm32cubeide_1.16.0/plugins/com.st.stm32cube.ide.mcu.externaltools.gnu-tools-for-stm32.12.3.rel1.linux64_1.0.200.202406132123/tools/bin/../lib/gcc/arm-none-eabi/12.3.1/../../../../arm-none-eabi/lib/thumb/v7-m/nofp/libc_nano.a(libc_a-mbtowc_r.o)
                0x08007d08                __ascii_mbtowc
 .text._realloc_r
                0x08007d2c       0x5c /opt/st/stm32cubeide_1.16.0/plugins/com.st.stm32cube.ide.mcu.externaltools.gnu-tools-for-stm32.12.3.rel1.linux64_1.0.200.202406132123/tools/bin/../lib/gcc/arm-none-eabi/12.3.1/../../../../arm-none-eabi/lib/thumb/v7-m/nofp/libc_nano.a(libc_a-reallocr.o)
                0x08007d2c                _realloc_r
 .text.__ascii_wctomb
                0x08007d88       0x1a /opt/st/stm32cubeide_1.16.0/plugins/com.st.stm32cube.ide.mcu.externaltools.gnu-tools-for-stm32.12.3.rel1.linux64_1.0.200.202406132123/tools/bin/../lib/gcc/arm-none-eabi/12.3.1/../../../../arm-none-eabi/lib/thumb/v7-m/nofp/libc_nano.a(libc_a-wctomb_r.o)
                0x08007d88                __ascii_wctomb
 *fill*         0x08007da2        0x2 
 .text.fprintf  0x08007da4       0x24 /opt/st/stm32cubeide_1.16.0/plugins/com.st.stm32cube.ide.mcu.externaltools.gnu-tools-for-stm32.12.3.rel1.linux64_1.0.200.202406132123/tools/bin/../lib/gcc/arm-none-eabi/12.3.1/../../../../arm-none-eabi/lib/thumb/v7-m/nofp/libc_nano.a(libc_a-fprintf.o)
                0x08007da4                fprintf
                0x08007da4                fiprintf
 .text.abort    0x08007dc8        0xe /opt/st/stm32cubeide_1.16.0/plugins/com.st.stm32cube.ide.mcu.externaltools.gnu-tools-for-stm32.12.3.rel1.linux64_1.0.200.202406132123/tools/bin/../lib/gcc/arm-none-eabi/12.3.1/../../../../arm-none-eabi/lib/thumb/v7-m/nofp/libc_nano.a(libc_a-abort.o)
                0x08007dc8                abort
 .text._malloc_usable_size_r
                0x08007dd6       0x10 /opt/st/stm32cubeide_1.16.0/plugins/com.st.stm32cube.ide.mcu.externaltools.gnu-tools-for-stm32.12.3.rel1.linux64_1.0.200.202406132123/tools/bin/../lib/gcc/arm-none-eabi/12.3.1/../../../../arm-none-eabi/lib/thumb/v7-m/nofp/libc_nano.a(libc_a-msizer.o)
                0x08007dd6                _malloc_usable_size_r
 .text._raise_r
                0x08007de6       0x50 /opt/st/stm32cubeide_1.16.0/plugins/com.st.stm32cube.ide.mcu.externaltools.gnu-tools-for-stm32.12.3.rel1.linux64_1.0.200.202406132123/tools/bin/../lib/gcc/arm-none-eabi/12.3.1/../../../../arm-none-eabi/lib/thumb/v7-m/nofp/libc_nano.a(libc_a-signal.o)
                0x08007de6                _raise_r
 *fill*         0x08007e36        0x2 
 .text.raise    0x08007e38       0x10 /opt/st/stm32cubeide_1.16.0/plugins/com.st.stm32cube.ide.mcu.externaltools.gnu-tools-for-stm32.12.3.rel1.linux64_1.0.200.202406132123/tools/bin/../lib/gcc/arm-none-eabi/12.3.1/../../../../arm-none-eabi/lib/thumb/v7-m/nofp/libc_nano.a(libc_a-signal.o)
                0x08007e38                raise
 .text._kill_r  0x08007e48       0x24 /opt/st/stm32cubeide_1.16.0/plugins/com.st.stm32cube.ide.mcu.externaltools.gnu-tools-for-stm32.12.3.rel1.linux64_1.0.200.202406132123/tools/bin/../lib/gcc/arm-none-eabi/12.3.1/../../../../arm-none-eabi/lib/thumb/v7-m/nofp/libc_nano.a(libc_a-signalr.o)
                0x08007e48                _kill_r
 .text._getpid_r
                0x08007e6c        0x4 /opt/st/stm32cubeide_1.16.0/plugins/com.st.stm32cube.ide.mcu.externaltools.gnu-tools-for-stm32.12.3.rel1.linux64_1.0.200.202406132123/tools/bin/../lib/gcc/arm-none-eabi/12.3.1/../../../../arm-none-eabi/lib/thumb/v7-m/nofp/libc_nano.a(libc_a-signalr.o)
                0x08007e6c                _getpid_r
 *(.glue_7)
 .glue_7        0x08007e70        0x0 linker stubs
 *(.glue_7t)
 .glue_7t       0x08007e70        0x0 linker stubs
 *(.eh_frame)
 .eh_frame      0x08007e70        0x0 /opt/st/stm32cubeide_1.16.0/plugins/com.st.stm32cube.ide.mcu.externaltools.gnu-tools-for-stm32.12.3.rel1.linux64_1.0.200.202406132123/tools/bin/../lib/gcc/arm-none-eabi/12.3.1/thumb/v7-m/nofp/crtbegin.o
 *(.init)
 .init          0x08007e70        0x4 /opt/st/stm32cubeide_1.16.0/plugins/com.st.stm32cube.ide.mcu.externaltools.gnu-tools-for-stm32.12.3.rel1.linux64_1.0.200.202406132123/tools/bin/../lib/gcc/arm-none-eabi/12.3.1/thumb/v7-m/nofp/crti.o
                0x08007e70                _init
 .init          0x08007e74        0x8 /opt/st/stm32cubeide_1.16.0/plugins/com.st.stm32cube.ide.mcu.externaltools.gnu-tools-for-stm32.12.3.rel1.linux64_1.0.200.202406132123/tools/bin/../lib/gcc/arm-none-eabi/12.3.1/thumb/v7-m/nofp/crtn.o
 *(.fini)
 .fini          0x08007e7c        0x4 /opt/st/stm32cubeide_1.16.0/plugins/com.st.stm32cube.ide.mcu.externaltools.gnu-tools-for-stm32.12.3.rel1.linux64_1.0.200.202406132123/tools/bin/../lib/gcc/arm-none-eabi/12.3.1/thumb/v7-m/nofp/crti.o
                0x08007e7c                _fini
 .fini          0x08007e80        0x8 /opt/st/stm32cubeide_1.16.0/plugins/com.st.stm32cube.ide.mcu.externaltools.gnu-tools-for-stm32.12.3.rel1.linux64_1.0.200.202406132123/tools/bin/../lib/gcc/arm-none-eabi/12.3.1/thumb/v7-m/nofp/crtn.o
                0x08007e88                        . = ALIGN (0x4)
                0x08007e88                        _etext = .

.vfp11_veneer   0x08007e88        0x0
 .vfp11_veneer  0x08007e88        0x0 linker stubs

.v4_bx          0x08007e88        0x0
 .v4_bx         0x08007e88        0x0 linker stubs

.iplt           0x08007e88        0x0
 .iplt          0x08007e88        0x0 /opt/st/stm32cubeide_1.16.0/plugins/com.st.stm32cube.ide.mcu.externaltools.gnu-tools-for-stm32.12.3.rel1.linux64_1.0.200.202406132123/tools/bin/../lib/gcc/arm-none-eabi/12.3.1/thumb/v7-m/nofp/crtbegin.o

.rodata         0x08007e88     0x2018
                0x08007e88                        . = ALIGN (0x4)
 *(.rodata)
 .rodata        0x08007e88       0x32 ./Core/Src/main.o
 *fill*         0x08007eba        0x2 
 .rodata        0x08007ebc       0x97 ./Driver/Src/st7789.o
 *fill*         0x08007f53        0x1 
 .rodata        0x08007f54       0x7a ./Tetris/Src/Tetris.o
 *(.rodata*)
 *fill*         0x08007fce        0x2 
 .rodata.AHBPrescTable
                0x08007fd0       0x10 ./Core/Src/system_stm32f1xx.o
                0x08007fd0                AHBPrescTable
 .rodata.Font7x10
                0x08007fe0      0x76c ./Driver/Src/fonts.o
 .rodata.Font16x26
                0x0800874c     0x134c ./Driver/Src/fonts.o
 .rodata.aPLLMULFactorTable.1
                0x08009a98       0x10 ./HAL/Src/stm32f1xx_hal_rcc.o
 .rodata.aPredivFactorTable.0
                0x08009aa8        0x2 ./HAL/Src/stm32f1xx_hal_rcc.o
 *fill*         0x08009aaa        0x2 
 .rodata.PIECE_COLORS
                0x08009aac        0xe ./Tetris/Src/Tetris.o
                0x08009aac                PIECE_COLORS
 *fill*         0x08009aba        0x2 
 .rodata.TETROMINO
                0x08009abc       0x70 ./Tetris/Src/Tetris.o
                0x08009abc                TETROMINO
 .rodata._printf_float.str1.1
                0x08009b2c       0x12 /opt/st/stm32cubeide_1.16.0/plugins/com.st.stm32cube.ide.mcu.externaltools.gnu-tools-for-stm32.12.3.rel1.linux64_1.0.200.202406132123/tools/bin/../lib/gcc/arm-none-eabi/12.3.1/../../../../arm-none-eabi/lib/thumb/v7-m/nofp/libc_nano.a(libc_a-nano-vfprintf_float.o)
 .rodata._printf_i.str1.1
                0x08009b3e       0x22 /opt/st/stm32cubeide_1.16.0/plugins/com.st.stm32cube.ide.mcu.externaltools.gnu-tools-for-stm32.12.3.rel1.linux64_1.0.200.202406132123/tools/bin/../lib/gcc/arm-none-eabi/12.3.1/../../../../arm-none-eabi/lib/thumb/v7-m/nofp/libc_nano.a(libc_a-nano-vfprintf_i.o)
 .rodata._dtoa_r.str1.1
                0x08009b60       0x8d /opt/st/stm32cubeide_1.16.0/plugins/com.st.stm32cube.ide.mcu.externaltools.gnu-tools-for-stm32.12.3.rel1.linux64_1.0.200.202406132123/tools/bin/../lib/gcc/arm-none-eabi/12.3.1/../../../../arm-none-eabi/lib/thumb/v7-m/nofp/libc_nano.a(libc_a-dtoa.o)
                                 0x8f (size before relaxing)
 .rodata._Balloc.str1.1
                0x08009bed       0x59 /opt/st/stm32cubeide_1.16.0/plugins/com.st.stm32cube.ide.mcu.externaltools.gnu-tools-for-stm32.12.3.rel1.linux64_1.0.200.202406132123/tools/bin/../lib/gcc/arm-none-eabi/12.3.1/../../../../arm-none-eabi/lib/thumb/v7-m/nofp/libc_nano.a(libc_a-mprec.o)
                                 0x70 (size before relaxing)
 .rodata.__multadd.str1.1
                0x08009c46       0x11 /opt/st/stm32cubeide_1.16.0/plugins/com.st.stm32cube.ide.mcu.externaltools.gnu-tools-for-stm32.12.3.rel1.linux64_1.0.200.202406132123/tools/bin/../lib/gcc/arm-none-eabi/12.3.1/../../../../arm-none-eabi/lib/thumb/v7-m/nofp/libc_nano.a(libc_a-mprec.o)
 *fill*         0x08009c46        0x2 
 .rodata.p05.0  0x08009c48        0xc /opt/st/stm32cubeide_1.16.0/plugins/com.st.stm32cube.ide.mcu.externaltools.gnu-tools-for-stm32.12.3.rel1.linux64_1.0.200.202406132123/tools/bin/../lib/gcc/arm-none-eabi/12.3.1/../../../../arm-none-eabi/lib/thumb/v7-m/nofp/libc_nano.a(libc_a-mprec.o)
 *fill*         0x08009c54        0x4 
 .rodata.__mprec_bigtens
                0x08009c58       0x28 /opt/st/stm32cubeide_1.16.0/plugins/com.st.stm32cube.ide.mcu.externaltools.gnu-tools-for-stm32.12.3.rel1.linux64_1.0.200.202406132123/tools/bin/../lib/gcc/arm-none-eabi/12.3.1/../../../../arm-none-eabi/lib/thumb/v7-m/nofp/libc_nano.a(libc_a-mprec.o)
                0x08009c58                __mprec_bigtens
 .rodata.__mprec_tens
                0x08009c80       0xc8 /opt/st/stm32cubeide_1.16.0/plugins/com.st.stm32cube.ide.mcu.externaltools.gnu-tools-for-stm32.12.3.rel1.linux64_1.0.200.202406132123/tools/bin/../lib/gcc/arm-none-eabi/12.3.1/../../../../arm-none-eabi/lib/thumb/v7-m/nofp/libc_nano.a(libc_a-mprec.o)
                0x08009c80                __mprec_tens
 .rodata._svfprintf_r.str1.1
                0x08009d48       0x11 /opt/st/stm32cubeide_1.16.0/plugins/com.st.stm32cube.ide.mcu.externaltools.gnu-tools-for-stm32.12.3.rel1.linux64_1.0.200.202406132123/tools/bin/../lib/gcc/arm-none-eabi/12.3.1/../../../../arm-none-eabi/lib/thumb/v7-m/nofp/libc_nano.a(libc_a-nano-svfprintf.o)
 .rodata._vfprintf_r.str1.1
                0x08009d59       0x11 /opt/st/stm32cubeide_1.16.0/plugins/com.st.stm32cube.ide.mcu.externaltools.gnu-tools-for-stm32.12.3.rel1.linux64_1.0.200.202406132123/tools/bin/../lib/gcc/arm-none-eabi/12.3.1/../../../../arm-none-eabi/lib/thumb/v7-m/nofp/libc_nano.a(libc_a-nano-vfprintf.o)
 .rodata._setlocale_r.str1.1
                0x08009d59        0x8 /opt/st/stm32cubeide_1.16.0/plugins/com.st.stm32cube.ide.mcu.externaltools.gnu-tools-for-stm32.12.3.rel1.linux64_1.0.200.202406132123/tools/bin/../lib/gcc/arm-none-eabi/12.3.1/../../../../arm-none-eabi/lib/thumb/v7-m/nofp/libc_nano.a(libc_a-locale.o)
                                  0x9 (size before relaxing)
 .rodata.str1.1
                0x08009d61        0x2 /opt/st/stm32cubeide_1.16.0/plugins/com.st.stm32cube.ide.mcu.externaltools.gnu-tools-for-stm32.12.3.rel1.linux64_1.0.200.202406132123/tools/bin/../lib/gcc/arm-none-eabi/12.3.1/../../../../arm-none-eabi/lib/thumb/v7-m/nofp/libc_nano.a(libc_a-locale.o)
 .rodata.__assert_func.str1.1
                0x08009d63       0x3c /opt/st/stm32cubeide_1.16.0/plugins/com.st.stm32cube.ide.mcu.externaltools.gnu-tools-for-stm32.12.3.rel1.linux64_1.0.200.202406132123/tools/bin/../lib/gcc/arm-none-eabi/12.3.1/../../../../arm-none-eabi/lib/thumb/v7-m/nofp/libc_nano.a(libc_a-assert.o)
                                 0x3d (size before relaxing)
 .rodata._ctype_
                0x08009d9f      0x101 /opt/st/stm32cubeide_1.16.0/plugins/com.st.stm32cube.ide.mcu.externaltools.gnu-tools-for-stm32.12.3.rel1.linux64_1.0.200.202406132123/tools/bin/../lib/gcc/arm-none-eabi/12.3.1/../../../../arm-none-eabi/lib/thumb/v7-m/nofp/libc_nano.a(libc_a-ctype_.o)
                0x08009d9f                _ctype_
                0x08009ea0                        . = ALIGN (0x4)

.ARM.extab      0x08009ea0        0x0
                0x08009ea0                        . = ALIGN (0x4)
 *(.ARM.extab* .gnu.linkonce.armextab.*)
                0x08009ea0                        . = ALIGN (0x4)

.ARM            0x08009ea0        0x8
                0x08009ea0                        . = ALIGN (0x4)
                0x08009ea0                        __exidx_start = .
 *(.ARM.exidx*)
 .ARM.exidx     0x08009ea0        0x8 /opt/st/stm32cubeide_1.16.0/plugins/com.st.stm32cube.ide.mcu.externaltools.gnu-tools-for-stm32.12.3.rel1.linux64_1.0.200.202406132123/tools/bin/../lib/gcc/arm-none-eabi/12.3.1/../../../../arm-none-eabi/lib/thumb/v7-m/nofp/libc_nano.a(libc_a-strlen.o)
                0x08009ea8                        __exidx_end = .
                0x08009ea8                        . = ALIGN (0x4)

.preinit_array  0x08009ea8        0x0
                0x08009ea8                        . = ALIGN (0x4)
                0x08009ea8                        PROVIDE (__preinit_array_start = .)
 *(.preinit_array*)
                0x08009ea8                        PROVIDE (__preinit_array_end = .)
                0x08009ea8                        . = ALIGN (0x4)

.init_array     0x08009ea8        0x4
                0x08009ea8                        . = ALIGN (0x4)
                0x08009ea8                        PROVIDE (__init_array_start = .)
 *(SORT_BY_NAME(.init_array.*))
 *(.init_array*)
 .init_array    0x08009ea8        0x4 /opt/st/stm32cubeide_1.16.0/plugins/com.st.stm32cube.ide.mcu.externaltools.gnu-tools-for-stm32.12.3.rel1.linux64_1.0.200.202406132123/tools/bin/../lib/gcc/arm-none-eabi/12.3.1/thumb/v7-m/nofp/crtbegin.o
                0x08009eac                        PROVIDE (__init_array_end = .)
                0x08009eac                        . = ALIGN (0x4)

.fini_array     0x08009eac        0x4
                0x08009eac                        . = ALIGN (0x4)
                [!provide]                        PROVIDE (__fini_array_start = .)
 *(SORT_BY_NAME(.fini_array.*))
 *(.fini_array*)
 .fini_array    0x08009eac        0x4 /opt/st/stm32cubeide_1.16.0/plugins/com.st.stm32cube.ide.mcu.externaltools.gnu-tools-for-stm32.12.3.rel1.linux64_1.0.200.202406132123/tools/bin/../lib/gcc/arm-none-eabi/12.3.1/thumb/v7-m/nofp/crtbegin.o
                [!provide]                        PROVIDE (__fini_array_end = .)
                0x08009eb0                        . = ALIGN (0x4)
                0x08009eb0                        _sidata = LOADADDR (.data)

.rel.dyn        0x08009eb0        0x0
 .rel.iplt      0x08009eb0        0x0 /opt/st/stm32cubeide_1.16.0/plugins/com.st.stm32cube.ide.mcu.externaltools.gnu-tools-for-stm32.12.3.rel1.linux64_1.0.200.202406132123/tools/bin/../lib/gcc/arm-none-eabi/12.3.1/thumb/v7-m/nofp/crtbegin.o

.data           0x20000000      0x1ec load address 0x08009eb0
                0x20000000                        . = ALIGN (0x4)
                0x20000000                        _sdata = .
 *(.data)
 .data          0x20000000        0x1 ./Assembly/LFSR.o
                0x20000000                LFSR_SEED
 *(.data*)
 .data.GameStatus
                0x20000001        0x1 ./Core/Src/Global_variables.o
                0x20000001                GameStatus
 *fill*         0x20000002        0x2 
 .data.SystemCoreClock
                0x20000004        0x4 ./Core/Src/system_stm32f1xx.o
                0x20000004                SystemCoreClock
 .data.Font_7x10
                0x20000008        0x8 ./Driver/Src/fonts.o
                0x20000008                Font_7x10
 .data.Font_16x26
                0x20000010        0x8 ./Driver/Src/fonts.o
                0x20000010                Font_16x26
 .data.uwTickPrio
                0x20000018        0x4 ./HAL/Src/stm32f1xx_hal.o
                0x20000018                uwTickPrio
 .data.uwTickFreq
                0x2000001c        0x1 ./HAL/Src/stm32f1xx_hal.o
                0x2000001c                uwTickFreq
 *fill*         0x2000001d        0x3 
 .data.piece_x  0x20000020        0x4 ./Tetris/Src/Tetris.o
                0x20000020                piece_x
 .data.__sglue  0x20000024        0xc /opt/st/stm32cubeide_1.16.0/plugins/com.st.stm32cube.ide.mcu.externaltools.gnu-tools-for-stm32.12.3.rel1.linux64_1.0.200.202406132123/tools/bin/../lib/gcc/arm-none-eabi/12.3.1/../../../../arm-none-eabi/lib/thumb/v7-m/nofp/libc_nano.a(libc_a-findfp.o)
                0x20000024                __sglue
 .data._impure_ptr
                0x20000030        0x4 /opt/st/stm32cubeide_1.16.0/plugins/com.st.stm32cube.ide.mcu.externaltools.gnu-tools-for-stm32.12.3.rel1.linux64_1.0.200.202406132123/tools/bin/../lib/gcc/arm-none-eabi/12.3.1/../../../../arm-none-eabi/lib/thumb/v7-m/nofp/libc_nano.a(libc_a-impure.o)
                0x20000030                _impure_ptr
 .data._impure_data
                0x20000034       0x4c /opt/st/stm32cubeide_1.16.0/plugins/com.st.stm32cube.ide.mcu.externaltools.gnu-tools-for-stm32.12.3.rel1.linux64_1.0.200.202406132123/tools/bin/../lib/gcc/arm-none-eabi/12.3.1/../../../../arm-none-eabi/lib/thumb/v7-m/nofp/libc_nano.a(libc_a-impure.o)
                0x20000034                _impure_data
 .data.__global_locale
                0x20000080      0x16c /opt/st/stm32cubeide_1.16.0/plugins/com.st.stm32cube.ide.mcu.externaltools.gnu-tools-for-stm32.12.3.rel1.linux64_1.0.200.202406132123/tools/bin/../lib/gcc/arm-none-eabi/12.3.1/../../../../arm-none-eabi/lib/thumb/v7-m/nofp/libc_nano.a(libc_a-locale.o)
                0x20000080                __global_locale
 *(.RamFunc)
 *(.RamFunc*)
                0x200001ec                        . = ALIGN (0x4)
                0x200001ec                        _edata = .

.igot.plt       0x200001ec        0x0 load address 0x0800a09c
 .igot.plt      0x200001ec        0x0 /opt/st/stm32cubeide_1.16.0/plugins/com.st.stm32cube.ide.mcu.externaltools.gnu-tools-for-stm32.12.3.rel1.linux64_1.0.200.202406132123/tools/bin/../lib/gcc/arm-none-eabi/12.3.1/thumb/v7-m/nofp/crtbegin.o
                0x200001ec                        . = ALIGN (0x4)

.bss            0x200001ec      0x538 load address 0x0800a09c
                0x200001ec                        _sbss = .
                0x200001ec                        __bss_start__ = _sbss
 *(.bss)
 .bss           0x200001ec       0x1c /opt/st/stm32cubeide_1.16.0/plugins/com.st.stm32cube.ide.mcu.externaltools.gnu-tools-for-stm32.12.3.rel1.linux64_1.0.200.202406132123/tools/bin/../lib/gcc/arm-none-eabi/12.3.1/thumb/v7-m/nofp/crtbegin.o
 *(.bss*)
 .bss.ADC_conversion
                0x20000208        0x1 ./Core/Src/Global_variables.o
                0x20000208                ADC_conversion
 .bss.SW_flag   0x20000209        0x1 ./Core/Src/Global_variables.o
                0x20000209                SW_flag
 *fill*         0x2000020a        0x2 
 .bss.Current_piece
                0x2000020c       0x10 ./Core/Src/Global_variables.o
                0x2000020c                Current_piece
 .bss.Game_field
                0x2000021c       0xc8 ./Core/Src/Global_variables.o
                0x2000021c                Game_field
 .bss.Game_field_color
                0x200002e4      0x190 ./Core/Src/Global_variables.o
                0x200002e4                Game_field_color
 .bss.ADC_result
                0x20000474        0x4 ./Core/Src/Global_variables.o
                0x20000474                ADC_result
 .bss.ADC1Handle
                0x20000478       0x30 ./Core/Src/Global_variables.o
                0x20000478                ADC1Handle
 .bss.ADC_DMA   0x200004a8       0x44 ./Core/Src/Global_variables.o
                0x200004a8                ADC_DMA
 .bss.TIM3Handle
                0x200004ec       0x48 ./Core/Src/Global_variables.o
                0x200004ec                TIM3Handle
 .bss.SPIHandle
                0x20000534       0x58 ./Core/Src/Global_variables.o
                0x20000534                SPIHandle
 .bss.__sbrk_heap_end
                0x2000058c        0x4 ./Core/Src/sysmem.o
 .bss.uwTick    0x20000590        0x4 ./HAL/Src/stm32f1xx_hal.o
                0x20000590                uwTick
 .bss.Prev_current_piece
                0x20000594       0x10 ./Tetris/Src/Tetris.o
                0x20000594                Prev_current_piece
 .bss.piece_y   0x200005a4        0x4 ./Tetris/Src/Tetris.o
                0x200005a4                piece_y
 .bss.prev_piece_x
                0x200005a8        0x4 ./Tetris/Src/Tetris.o
                0x200005a8                prev_piece_x
 .bss.prev_piece_y
                0x200005ac        0x4 ./Tetris/Src/Tetris.o
                0x200005ac                prev_piece_y
 .bss.Score     0x200005b0        0x2 ./Tetris/Src/Tetris.o
                0x200005b0                Score
 .bss.Top       0x200005b2        0x2 ./Tetris/Src/Tetris.o
                0x200005b2                Top
 .bss.score_str
                0x200005b4       0x10 ./Tetris/Src/Tetris.o
                0x200005b4                score_str
 .bss.top_str   0x200005c4       0x10 ./Tetris/Src/Tetris.o
                0x200005c4                top_str
 .bss.Current_piece_color
                0x200005d4        0x2 ./Tetris/Src/Tetris.o
                0x200005d4                Current_piece_color
 *fill*         0x200005d6        0x2 
 .bss.__sf      0x200005d8      0x138 /opt/st/stm32cubeide_1.16.0/plugins/com.st.stm32cube.ide.mcu.externaltools.gnu-tools-for-stm32.12.3.rel1.linux64_1.0.200.202406132123/tools/bin/../lib/gcc/arm-none-eabi/12.3.1/../../../../arm-none-eabi/lib/thumb/v7-m/nofp/libc_nano.a(libc_a-findfp.o)
                0x200005d8                __sf
 .bss.__stdio_exit_handler
                0x20000710        0x4 /opt/st/stm32cubeide_1.16.0/plugins/com.st.stm32cube.ide.mcu.externaltools.gnu-tools-for-stm32.12.3.rel1.linux64_1.0.200.202406132123/tools/bin/../lib/gcc/arm-none-eabi/12.3.1/../../../../arm-none-eabi/lib/thumb/v7-m/nofp/libc_nano.a(libc_a-findfp.o)
                0x20000710                __stdio_exit_handler
 .bss.errno     0x20000714        0x4 /opt/st/stm32cubeide_1.16.0/plugins/com.st.stm32cube.ide.mcu.externaltools.gnu-tools-for-stm32.12.3.rel1.linux64_1.0.200.202406132123/tools/bin/../lib/gcc/arm-none-eabi/12.3.1/../../../../arm-none-eabi/lib/thumb/v7-m/nofp/libc_nano.a(libc_a-reent.o)
                0x20000714                errno
 .bss.__lock___malloc_recursive_mutex
                0x20000718        0x1 /opt/st/stm32cubeide_1.16.0/plugins/com.st.stm32cube.ide.mcu.externaltools.gnu-tools-for-stm32.12.3.rel1.linux64_1.0.200.202406132123/tools/bin/../lib/gcc/arm-none-eabi/12.3.1/../../../../arm-none-eabi/lib/thumb/v7-m/nofp/libc_nano.a(libc_a-lock.o)
                0x20000718                __lock___malloc_recursive_mutex
 .bss.__lock___sfp_recursive_mutex
                0x20000719        0x1 /opt/st/stm32cubeide_1.16.0/plugins/com.st.stm32cube.ide.mcu.externaltools.gnu-tools-for-stm32.12.3.rel1.linux64_1.0.200.202406132123/tools/bin/../lib/gcc/arm-none-eabi/12.3.1/../../../../arm-none-eabi/lib/thumb/v7-m/nofp/libc_nano.a(libc_a-lock.o)
                0x20000719                __lock___sfp_recursive_mutex
 *fill*         0x2000071a        0x2 
 .bss.__malloc_sbrk_start
                0x2000071c        0x4 /opt/st/stm32cubeide_1.16.0/plugins/com.st.stm32cube.ide.mcu.externaltools.gnu-tools-for-stm32.12.3.rel1.linux64_1.0.200.202406132123/tools/bin/../lib/gcc/arm-none-eabi/12.3.1/../../../../arm-none-eabi/lib/thumb/v7-m/nofp/libc_nano.a(libc_a-mallocr.o)
                0x2000071c                __malloc_sbrk_start
 .bss.__malloc_free_list
                0x20000720        0x4 /opt/st/stm32cubeide_1.16.0/plugins/com.st.stm32cube.ide.mcu.externaltools.gnu-tools-for-stm32.12.3.rel1.linux64_1.0.200.202406132123/tools/bin/../lib/gcc/arm-none-eabi/12.3.1/../../../../arm-none-eabi/lib/thumb/v7-m/nofp/libc_nano.a(libc_a-mallocr.o)
                0x20000720                __malloc_free_list
 *(COMMON)
                0x20000724                        . = ALIGN (0x4)
                0x20000724                        _ebss = .
                0x20000724                        __bss_end__ = _ebss

._user_heap_stack
                0x20000724      0x604 load address 0x0800a09c
                0x20000728                        . = ALIGN (0x8)
 *fill*         0x20000724        0x4 
                [!provide]                        PROVIDE (end = .)
                0x20000728                        PROVIDE (_end = .)
                0x20000928                        . = (. + _Min_Heap_Size)
 *fill*         0x20000728      0x200 
                0x20000d28                        . = (. + _Min_Stack_Size)
 *fill*         0x20000928      0x400 
                0x20000d28                        . = ALIGN (0x8)

/DISCARD/
 libc.a(*)
 libm.a(*)
 libgcc.a(*)

.ARM.attributes
                0x00000000       0x29
 *(.ARM.attributes)
 .ARM.attributes
                0x00000000       0x1d /opt/st/stm32cubeide_1.16.0/plugins/com.st.stm32cube.ide.mcu.externaltools.gnu-tools-for-stm32.12.3.rel1.linux64_1.0.200.202406132123/tools/bin/../lib/gcc/arm-none-eabi/12.3.1/thumb/v7-m/nofp/crti.o
 .ARM.attributes
                0x0000001d       0x2d /opt/st/stm32cubeide_1.16.0/plugins/com.st.stm32cube.ide.mcu.externaltools.gnu-tools-for-stm32.12.3.rel1.linux64_1.0.200.202406132123/tools/bin/../lib/gcc/arm-none-eabi/12.3.1/thumb/v7-m/nofp/crtbegin.o
 .ARM.attributes
                0x0000004a       0x21 ./Assembly/Check_fill_row.o
 .ARM.attributes
                0x0000006b       0x21 ./Assembly/Check_wall.o
 .ARM.attributes
                0x0000008c       0x21 ./Assembly/Collision_check.o
 .ARM.attributes
                0x000000ad       0x21 ./Assembly/Copy_object.o
 .ARM.attributes
                0x000000ce       0x21 ./Assembly/LFSR.o
 .ARM.attributes
                0x000000ef       0x21 ./Assembly/Random_0_to_6.o
 .ARM.attributes
                0x00000110       0x21 ./Assembly/Rotate.o
 .ARM.attributes
                0x00000131       0x21 ./Assembly/Write_piece_to_game_field.o
 .ARM.attributes
                0x00000152       0x21 ./Assembly/row_occupied.o
 .ARM.attributes
                0x00000173       0x2d ./Core/Src/Global_variables.o
 .ARM.attributes
                0x000001a0       0x2d ./Core/Src/main.o
 .ARM.attributes
                0x000001cd       0x2d ./Core/Src/stm32f1xx_it.o
 .ARM.attributes
                0x000001fa       0x2d ./Core/Src/syscalls.o
 .ARM.attributes
                0x00000227       0x2d ./Core/Src/sysmem.o
 .ARM.attributes
                0x00000254       0x2d ./Core/Src/system_stm32f1xx.o
 .ARM.attributes
                0x00000281       0x2d ./Driver/Src/fonts.o
 .ARM.attributes
                0x000002ae       0x2d ./Driver/Src/st7789.o
 .ARM.attributes
                0x000002db       0x2d ./HAL/Src/stm32f1xx_hal.o
 .ARM.attributes
                0x00000308       0x2d ./HAL/Src/stm32f1xx_hal_adc.o
 .ARM.attributes
                0x00000335       0x2d ./HAL/Src/stm32f1xx_hal_adc_ex.o
 .ARM.attributes
                0x00000362       0x2d ./HAL/Src/stm32f1xx_hal_cortex.o
 .ARM.attributes
                0x0000038f       0x2d ./HAL/Src/stm32f1xx_hal_dma.o
 .ARM.attributes
                0x000003bc       0x2d ./HAL/Src/stm32f1xx_hal_gpio.o
 .ARM.attributes
                0x000003e9       0x2d ./HAL/Src/stm32f1xx_hal_rcc.o
 .ARM.attributes
                0x00000416       0x2d ./HAL/Src/stm32f1xx_hal_rcc_ex.o
 .ARM.attributes
                0x00000443       0x2d ./HAL/Src/stm32f1xx_hal_spi.o
 .ARM.attributes
                0x00000470       0x2d ./HAL/Src/stm32f1xx_hal_tim.o
 .ARM.attributes
                0x0000049d       0x2d ./HAL/Src/stm32f1xx_hal_tim_ex.o
 .ARM.attributes
                0x000004ca       0x2d ./Peripherals/Src/Peripherals.o
 .ARM.attributes
                0x000004f7       0x2d ./Peripherals/Src/Printf_redirect.o
 .ARM.attributes
                0x00000524       0x21 ./Startup/startup_stm32f103xb.o
 .ARM.attributes
                0x00000545       0x2d ./Tetris/Src/Tetris.o
 .ARM.attributes
                0x00000572       0x2d /opt/st/stm32cubeide_1.16.0/plugins/com.st.stm32cube.ide.mcu.externaltools.gnu-tools-for-stm32.12.3.rel1.linux64_1.0.200.202406132123/tools/bin/../lib/gcc/arm-none-eabi/12.3.1/../../../../arm-none-eabi/lib/thumb/v7-m/nofp/libc_nano.a(libc_a-nano-vfprintf_float.o)
 .ARM.attributes
                0x0000059f       0x2d /opt/st/stm32cubeide_1.16.0/plugins/com.st.stm32cube.ide.mcu.externaltools.gnu-tools-for-stm32.12.3.rel1.linux64_1.0.200.202406132123/tools/bin/../lib/gcc/arm-none-eabi/12.3.1/../../../../arm-none-eabi/lib/thumb/v7-m/nofp/libc_nano.a(libc_a-nano-vfprintf_i.o)
 .ARM.attributes
                0x000005cc       0x2d /opt/st/stm32cubeide_1.16.0/plugins/com.st.stm32cube.ide.mcu.externaltools.gnu-tools-for-stm32.12.3.rel1.linux64_1.0.200.202406132123/tools/bin/../lib/gcc/arm-none-eabi/12.3.1/../../../../arm-none-eabi/lib/thumb/v7-m/nofp/libc_nano.a(libc_a-findfp.o)
 .ARM.attributes
                0x000005f9       0x2d /opt/st/stm32cubeide_1.16.0/plugins/com.st.stm32cube.ide.mcu.externaltools.gnu-tools-for-stm32.12.3.rel1.linux64_1.0.200.202406132123/tools/bin/../lib/gcc/arm-none-eabi/12.3.1/../../../../arm-none-eabi/lib/thumb/v7-m/nofp/libc_nano.a(libc_a-fwalk.o)
 .ARM.attributes
                0x00000626       0x2d /opt/st/stm32cubeide_1.16.0/plugins/com.st.stm32cube.ide.mcu.externaltools.gnu-tools-for-stm32.12.3.rel1.linux64_1.0.200.202406132123/tools/bin/../lib/gcc/arm-none-eabi/12.3.1/../../../../arm-none-eabi/lib/thumb/v7-m/nofp/libc_nano.a(libc_a-printf.o)
 .ARM.attributes
                0x00000653       0x2d /opt/st/stm32cubeide_1.16.0/plugins/com.st.stm32cube.ide.mcu.externaltools.gnu-tools-for-stm32.12.3.rel1.linux64_1.0.200.202406132123/tools/bin/../lib/gcc/arm-none-eabi/12.3.1/../../../../arm-none-eabi/lib/thumb/v7-m/nofp/libc_nano.a(libc_a-puts.o)
 .ARM.attributes
                0x00000680       0x2d /opt/st/stm32cubeide_1.16.0/plugins/com.st.stm32cube.ide.mcu.externaltools.gnu-tools-for-stm32.12.3.rel1.linux64_1.0.200.202406132123/tools/bin/../lib/gcc/arm-none-eabi/12.3.1/../../../../arm-none-eabi/lib/thumb/v7-m/nofp/libc_nano.a(libc_a-snprintf.o)
 .ARM.attributes
                0x000006ad       0x2d /opt/st/stm32cubeide_1.16.0/plugins/com.st.stm32cube.ide.mcu.externaltools.gnu-tools-for-stm32.12.3.rel1.linux64_1.0.200.202406132123/tools/bin/../lib/gcc/arm-none-eabi/12.3.1/../../../../arm-none-eabi/lib/thumb/v7-m/nofp/libc_nano.a(libc_a-stdio.o)
 .ARM.attributes
                0x000006da       0x2d /opt/st/stm32cubeide_1.16.0/plugins/com.st.stm32cube.ide.mcu.externaltools.gnu-tools-for-stm32.12.3.rel1.linux64_1.0.200.202406132123/tools/bin/../lib/gcc/arm-none-eabi/12.3.1/../../../../arm-none-eabi/lib/thumb/v7-m/nofp/libc_nano.a(libc_a-wbuf.o)
 .ARM.attributes
                0x00000707       0x2d /opt/st/stm32cubeide_1.16.0/plugins/com.st.stm32cube.ide.mcu.externaltools.gnu-tools-for-stm32.12.3.rel1.linux64_1.0.200.202406132123/tools/bin/../lib/gcc/arm-none-eabi/12.3.1/../../../../arm-none-eabi/lib/thumb/v7-m/nofp/libc_nano.a(libc_a-wsetup.o)
 .ARM.attributes
                0x00000734       0x2d /opt/st/stm32cubeide_1.16.0/plugins/com.st.stm32cube.ide.mcu.externaltools.gnu-tools-for-stm32.12.3.rel1.linux64_1.0.200.202406132123/tools/bin/../lib/gcc/arm-none-eabi/12.3.1/../../../../arm-none-eabi/lib/thumb/v7-m/nofp/libc_nano.a(libc_a-memset.o)
 .ARM.attributes
                0x00000761       0x2d /opt/st/stm32cubeide_1.16.0/plugins/com.st.stm32cube.ide.mcu.externaltools.gnu-tools-for-stm32.12.3.rel1.linux64_1.0.200.202406132123/tools/bin/../lib/gcc/arm-none-eabi/12.3.1/../../../../arm-none-eabi/lib/thumb/v7-m/nofp/libc_nano.a(libc_a-localeconv.o)
 .ARM.attributes
                0x0000078e       0x2d /opt/st/stm32cubeide_1.16.0/plugins/com.st.stm32cube.ide.mcu.externaltools.gnu-tools-for-stm32.12.3.rel1.linux64_1.0.200.202406132123/tools/bin/../lib/gcc/arm-none-eabi/12.3.1/../../../../arm-none-eabi/lib/thumb/v7-m/nofp/libc_nano.a(libc_a-closer.o)
 .ARM.attributes
                0x000007bb       0x2d /opt/st/stm32cubeide_1.16.0/plugins/com.st.stm32cube.ide.mcu.externaltools.gnu-tools-for-stm32.12.3.rel1.linux64_1.0.200.202406132123/tools/bin/../lib/gcc/arm-none-eabi/12.3.1/../../../../arm-none-eabi/lib/thumb/v7-m/nofp/libc_nano.a(libc_a-reent.o)
 .ARM.attributes
                0x000007e8       0x2d /opt/st/stm32cubeide_1.16.0/plugins/com.st.stm32cube.ide.mcu.externaltools.gnu-tools-for-stm32.12.3.rel1.linux64_1.0.200.202406132123/tools/bin/../lib/gcc/arm-none-eabi/12.3.1/../../../../arm-none-eabi/lib/thumb/v7-m/nofp/libc_nano.a(libc_a-impure.o)
 .ARM.attributes
                0x00000815       0x2d /opt/st/stm32cubeide_1.16.0/plugins/com.st.stm32cube.ide.mcu.externaltools.gnu-tools-for-stm32.12.3.rel1.linux64_1.0.200.202406132123/tools/bin/../lib/gcc/arm-none-eabi/12.3.1/../../../../arm-none-eabi/lib/thumb/v7-m/nofp/libc_nano.a(libc_a-lseekr.o)
 .ARM.attributes
                0x00000842       0x2d /opt/st/stm32cubeide_1.16.0/plugins/com.st.stm32cube.ide.mcu.externaltools.gnu-tools-for-stm32.12.3.rel1.linux64_1.0.200.202406132123/tools/bin/../lib/gcc/arm-none-eabi/12.3.1/../../../../arm-none-eabi/lib/thumb/v7-m/nofp/libc_nano.a(libc_a-readr.o)
 .ARM.attributes
                0x0000086f       0x2d /opt/st/stm32cubeide_1.16.0/plugins/com.st.stm32cube.ide.mcu.externaltools.gnu-tools-for-stm32.12.3.rel1.linux64_1.0.200.202406132123/tools/bin/../lib/gcc/arm-none-eabi/12.3.1/../../../../arm-none-eabi/lib/thumb/v7-m/nofp/libc_nano.a(libc_a-writer.o)
 .ARM.attributes
                0x0000089c       0x2d /opt/st/stm32cubeide_1.16.0/plugins/com.st.stm32cube.ide.mcu.externaltools.gnu-tools-for-stm32.12.3.rel1.linux64_1.0.200.202406132123/tools/bin/../lib/gcc/arm-none-eabi/12.3.1/../../../../arm-none-eabi/lib/thumb/v7-m/nofp/libc_nano.a(libc_a-errno.o)
 .ARM.attributes
                0x000008c9       0x2d /opt/st/stm32cubeide_1.16.0/plugins/com.st.stm32cube.ide.mcu.externaltools.gnu-tools-for-stm32.12.3.rel1.linux64_1.0.200.202406132123/tools/bin/../lib/gcc/arm-none-eabi/12.3.1/../../../../arm-none-eabi/lib/thumb/v7-m/nofp/libc_nano.a(libc_a-init.o)
 .ARM.attributes
                0x000008f6       0x2d /opt/st/stm32cubeide_1.16.0/plugins/com.st.stm32cube.ide.mcu.externaltools.gnu-tools-for-stm32.12.3.rel1.linux64_1.0.200.202406132123/tools/bin/../lib/gcc/arm-none-eabi/12.3.1/../../../../arm-none-eabi/lib/thumb/v7-m/nofp/libc_nano.a(libc_a-lock.o)
 .ARM.attributes
                0x00000923       0x2d /opt/st/stm32cubeide_1.16.0/plugins/com.st.stm32cube.ide.mcu.externaltools.gnu-tools-for-stm32.12.3.rel1.linux64_1.0.200.202406132123/tools/bin/../lib/gcc/arm-none-eabi/12.3.1/../../../../arm-none-eabi/lib/thumb/v7-m/nofp/libc_nano.a(libc_a-memchr-stub.o)
 .ARM.attributes
                0x00000950       0x17 /opt/st/stm32cubeide_1.16.0/plugins/com.st.stm32cube.ide.mcu.externaltools.gnu-tools-for-stm32.12.3.rel1.linux64_1.0.200.202406132123/tools/bin/../lib/gcc/arm-none-eabi/12.3.1/../../../../arm-none-eabi/lib/thumb/v7-m/nofp/libc_nano.a(libc_a-strlen.o)
 .ARM.attributes
                0x00000967       0x2d /opt/st/stm32cubeide_1.16.0/plugins/com.st.stm32cube.ide.mcu.externaltools.gnu-tools-for-stm32.12.3.rel1.linux64_1.0.200.202406132123/tools/bin/../lib/gcc/arm-none-eabi/12.3.1/../../../../arm-none-eabi/lib/thumb/v7-m/nofp/libc_nano.a(libc_a-dtoa.o)
 .ARM.attributes
                0x00000994       0x2d /opt/st/stm32cubeide_1.16.0/plugins/com.st.stm32cube.ide.mcu.externaltools.gnu-tools-for-stm32.12.3.rel1.linux64_1.0.200.202406132123/tools/bin/../lib/gcc/arm-none-eabi/12.3.1/../../../../arm-none-eabi/lib/thumb/v7-m/nofp/libc_nano.a(libc_a-freer.o)
 .ARM.attributes
                0x000009c1       0x2d /opt/st/stm32cubeide_1.16.0/plugins/com.st.stm32cube.ide.mcu.externaltools.gnu-tools-for-stm32.12.3.rel1.linux64_1.0.200.202406132123/tools/bin/../lib/gcc/arm-none-eabi/12.3.1/../../../../arm-none-eabi/lib/thumb/v7-m/nofp/libc_nano.a(libc_a-malloc.o)
 .ARM.attributes
                0x000009ee       0x2d /opt/st/stm32cubeide_1.16.0/plugins/com.st.stm32cube.ide.mcu.externaltools.gnu-tools-for-stm32.12.3.rel1.linux64_1.0.200.202406132123/tools/bin/../lib/gcc/arm-none-eabi/12.3.1/../../../../arm-none-eabi/lib/thumb/v7-m/nofp/libc_nano.a(libc_a-mallocr.o)
 .ARM.attributes
                0x00000a1b       0x2d /opt/st/stm32cubeide_1.16.0/plugins/com.st.stm32cube.ide.mcu.externaltools.gnu-tools-for-stm32.12.3.rel1.linux64_1.0.200.202406132123/tools/bin/../lib/gcc/arm-none-eabi/12.3.1/../../../../arm-none-eabi/lib/thumb/v7-m/nofp/libc_nano.a(libc_a-mlock.o)
 .ARM.attributes
                0x00000a48       0x2d /opt/st/stm32cubeide_1.16.0/plugins/com.st.stm32cube.ide.mcu.externaltools.gnu-tools-for-stm32.12.3.rel1.linux64_1.0.200.202406132123/tools/bin/../lib/gcc/arm-none-eabi/12.3.1/../../../../arm-none-eabi/lib/thumb/v7-m/nofp/libc_nano.a(libc_a-mprec.o)
 .ARM.attributes
                0x00000a75       0x2d /opt/st/stm32cubeide_1.16.0/plugins/com.st.stm32cube.ide.mcu.externaltools.gnu-tools-for-stm32.12.3.rel1.linux64_1.0.200.202406132123/tools/bin/../lib/gcc/arm-none-eabi/12.3.1/../../../../arm-none-eabi/lib/thumb/v7-m/nofp/libc_nano.a(libc_a-nano-svfprintf.o)
 .ARM.attributes
                0x00000aa2       0x2d /opt/st/stm32cubeide_1.16.0/plugins/com.st.stm32cube.ide.mcu.externaltools.gnu-tools-for-stm32.12.3.rel1.linux64_1.0.200.202406132123/tools/bin/../lib/gcc/arm-none-eabi/12.3.1/../../../../arm-none-eabi/lib/thumb/v7-m/nofp/libc_nano.a(libc_a-nano-vfprintf.o)
 .ARM.attributes
                0x00000acf       0x2d /opt/st/stm32cubeide_1.16.0/plugins/com.st.stm32cube.ide.mcu.externaltools.gnu-tools-for-stm32.12.3.rel1.linux64_1.0.200.202406132123/tools/bin/../lib/gcc/arm-none-eabi/12.3.1/../../../../arm-none-eabi/lib/thumb/v7-m/nofp/libc_nano.a(libc_a-fflush.o)
 .ARM.attributes
                0x00000afc       0x2d /opt/st/stm32cubeide_1.16.0/plugins/com.st.stm32cube.ide.mcu.externaltools.gnu-tools-for-stm32.12.3.rel1.linux64_1.0.200.202406132123/tools/bin/../lib/gcc/arm-none-eabi/12.3.1/../../../../arm-none-eabi/lib/thumb/v7-m/nofp/libc_nano.a(libc_a-makebuf.o)
 .ARM.attributes
                0x00000b29       0x2d /opt/st/stm32cubeide_1.16.0/plugins/com.st.stm32cube.ide.mcu.externaltools.gnu-tools-for-stm32.12.3.rel1.linux64_1.0.200.202406132123/tools/bin/../lib/gcc/arm-none-eabi/12.3.1/../../../../arm-none-eabi/lib/thumb/v7-m/nofp/libc_nano.a(libc_a-memmove.o)
 .ARM.attributes
                0x00000b56       0x2d /opt/st/stm32cubeide_1.16.0/plugins/com.st.stm32cube.ide.mcu.externaltools.gnu-tools-for-stm32.12.3.rel1.linux64_1.0.200.202406132123/tools/bin/../lib/gcc/arm-none-eabi/12.3.1/../../../../arm-none-eabi/lib/thumb/v7-m/nofp/libc_nano.a(libc_a-locale.o)
 .ARM.attributes