<html>
<body>
<pre>
<h1>µVision Build Log</h1>
<h2>Tool Versions:</h2>
IDE-Version: µVision V5.37.0.0
Copyright (C) 2022 ARM Ltd and ARM Germany GmbH. All rights reserved.
License Information: test test1, test2, LIC=LJWP0-BRLDP-AW12F-6LNS9-5WIZM-1H29G
 
Tool Versions:
Toolchain:       MDK-ARM Professional  Version: 5.37.0.0
Toolchain Path:  C:\Keil_v5\ARM\ARMCLANG\Bin
C Compiler:      ArmClang.exe V6.18
Assembler:       Armasm.exe V6.18
Linker/Locator:  ArmLink.exe V6.18
Library Manager: ArmAr.exe V6.18
Hex Converter:   FromElf.exe V6.18
CPU DLL:         SARMCM3.DLL V5.37.0.0
Dialog DLL:      DARMP1.DLL V1.28.1.0
Target DLL:      UL2CM3.DLL V1.164.7.0
Dialog DLL:      TARMP1.DLL V1.27.1.0
 
<h2>Project:</h2>
C:\Users\saman\Desktop\Tetris\Tetris.uvprojx
Project File Date:  12/06/2025

<h2>Output:</h2>
*** Using Compiler 'V6.18', folder: 'C:\Keil_v5\ARM\ARMCLANG\Bin'
Build target 'LandTiger_LPC1768 (release)'
assembling startup_LPC17xx.s...
compiling system_LPC17xx.c...
creating preprocessor file for AsciiLib.c...
creating preprocessor file for system_LPC17xx.c...
creating preprocessor file for DAC.c...
creating preprocessor file for Main.c...
compiling AsciiLib.c...
compiling Main.c...
compiling DAC.c...
creating preprocessor file for funct_led.c...
compiling funct_led.c...
creating preprocessor file for GLCD.c...
creating preprocessor file for IRQ_adc.c...
creating preprocessor file for HzLib.c...
compiling IRQ_adc.c...
creating preprocessor file for IRQ_button.c...
creating preprocessor file for IRQ_RIT.c...
compiling IRQ_button.c...
compiling IRQ_RIT.c...
creating preprocessor file for IRQ_timer.c...
creating preprocessor file for lib_adc.c...
compiling IRQ_timer.c...
creating preprocessor file for lib_button.c...
compiling lib_adc.c...
compiling GLCD.c...
creating preprocessor file for lib_joystick.c...
compiling lib_button.c...
creating preprocessor file for lib_led.c...
compiling lib_joystick.c...
compiling lib_led.c...
creating preprocessor file for lib_RIT.c...
creating preprocessor file for lib_timer.c...
compiling lib_RIT.c...
creating preprocessor file for TouchPanel.c...
compiling lib_timer.c...
compiling TouchPanel.c...
compiling HzLib.c...
linking...
Program Size: Code=508 RO-data=260 RW-data=0 ZI-data=616  
".\Objects\Tetris.axf" - 0 Error(s), 0 Warning(s).

<h2>Software Packages used:</h2>

Package Vendor: ARM
                http://www.keil.com/pack/ARM.CMSIS.5.9.0.pack
                ARM.CMSIS.5.9.0
                CMSIS (Common Microcontroller Software Interface Standard)
   * Component: CORE Version: 5.6.0

Package Vendor: Keil
                https://www.keil.com/pack/Keil.LPC1700_DFP.2.7.2.pack
                Keil.LPC1700_DFP.2.7.2
                NXP LPC1700 Series Device Support, Drivers and Examples for MCB1700 and LPC1788-32

<h2>Collection of Component include folders:</h2>
  ./RTE/_LandTiger_LPC1768__release_
  C:/Users/saman/AppData/Local/Arm/Packs/ARM/CMSIS/5.9.0/CMSIS/Core/Include
  C:/Users/saman/AppData/Local/Arm/Packs/Keil/LPC1700_DFP/2.7.2/Device/Include

<h2>Collection of Component Files used:</h2>

   * Component: ARM::CMSIS:CORE:5.6.0
Build Time Elapsed:  00:00:03
</pre>
</body>
</html>
