../Core/Src/stm32f1xx_it.c:10:6:SysTick_Handler	8	static
../Core/Src/stm32f1xx_it.c:15:6:TIM3_IRQHandler	8	static
../Core/Src/stm32f1xx_it.c:20:6:DMA1_Channel1_IRQHandler	8	static
../Core/Src/stm32f1xx_it.c:25:6:ADC1_2_IRQHandler	8	static
../Core/Src/stm32f1xx_it.c:30:6:HAL_ADC_ConvCpltCallback	16	static
../Core/Src/stm32f1xx_it.c:36:6:HAL_TIM_PeriodElapsedCallback	16	static
../Core/Src/stm32f1xx_it.c:41:6:HAL_GPIO_EXTI_Callback	16	static
../Core/Src/stm32f1xx_it.c:48:6:EXTI9_5_IRQHandler	8	static
