Component: Arm Compiler for Embedded 6.24 Tool: armlink [5f371500]

==============================================================================

Section Cross References

    main.o(.text.main) refers to system_lpc17xx.o(.text.SystemInit) for SystemInit
    main.o(.text.main) refers to lib_timer.o(.text.init_timer_SRI) for init_timer_SRI
    main.o(.text.main) refers to lib_timer.o(.text.enable_timer) for enable_timer
    main.o(.text.main) refers to lib_button.o(.text.BUTTON_init) for BUTTON_init
    main.o(.text.main) refers to lib_joystick.o(.text.joystick_init) for joystick_init
    main.o(.text.main) refers to glcd.o(.text.LCD_Initialization) for LCD_Initialization
    main.o(.text.main) refers to glcd.o(.text.LCD_Clear) for LCD_Clear
    main.o(.text.main) refers to main.o(.rodata.str1.1) for .L.str
    main.o(.text.main) refers to glcd.o(.text.GUI_Text) for GUI_Text
    main.o(.text.main) refers to global_variable.o(.bss.Game_field) for Game_field
    main.o(.text.main) refers to global_variable.o(.bss.Game_field_color) for Game_field_color
    main.o(.text.main) refers to tetris.o(.bss.Score) for Score
    main.o(.text.main) refers to global_variable.o(.bss.ADC_conversion) for ADC_conversion
    main.o(.text.main) refers to tetris.o(.text.Check_joystick) for Check_joystick
    main.o(.text.main) refers to global_variable.o(.bss.SW_flag) for SW_flag
    main.o(.text.main) refers to global_variable.o(.data.GameStatus) for GameStatus
    main.o(.text.main) refers to tetris.o(.text.Map) for Map
    main.o(.text.main) refers to lib_timer.o(.text.read_timer) for read_timer
    main.o(.text.main) refers to tetris.o(.text.Spawn_new_piece) for Spawn_new_piece
    main.o(.ARM.exidx.text.main) refers to main.o(.text.main) for [Anonymous Symbol]
    irq_timer.o(.text.TIMER0_IRQHandler) refers to global_variable.o(.bss.ADC_conversion) for ADC_conversion
    irq_timer.o(.ARM.exidx.text.TIMER0_IRQHandler) refers to irq_timer.o(.text.TIMER0_IRQHandler) for [Anonymous Symbol]
    irq_timer.o(.ARM.exidx.text.TIMER1_IRQHandler) refers to irq_timer.o(.text.TIMER1_IRQHandler) for [Anonymous Symbol]
    irq_timer.o(.ARM.exidx.text.TIMER2_IRQHandler) refers to irq_timer.o(.text.TIMER2_IRQHandler) for [Anonymous Symbol]
    irq_timer.o(.text.TIMER3_IRQHandler) refers to lib_timer.o(.bss.tick) for tick
    irq_timer.o(.ARM.exidx.text.TIMER3_IRQHandler) refers to irq_timer.o(.text.TIMER3_IRQHandler) for [Anonymous Symbol]
    lib_timer.o(.ARM.exidx.text.enable_timer) refers to lib_timer.o(.text.enable_timer) for [Anonymous Symbol]
    lib_timer.o(.ARM.exidx.text.read_timer) refers to lib_timer.o(.text.read_timer) for [Anonymous Symbol]
    lib_timer.o(.ARM.exidx.text.disable_timer) refers to lib_timer.o(.text.disable_timer) for [Anonymous Symbol]
    lib_timer.o(.ARM.exidx.text.reset_timer) refers to lib_timer.o(.text.reset_timer) for [Anonymous Symbol]
    lib_timer.o(.text.init_timer_SRI) refers to lib_timer.o(.text.__NVIC_EnableIRQ) for __NVIC_EnableIRQ
    lib_timer.o(.ARM.exidx.text.init_timer_SRI) refers to lib_timer.o(.text.init_timer_SRI) for [Anonymous Symbol]
    lib_timer.o(.ARM.exidx.text.__NVIC_EnableIRQ) refers to lib_timer.o(.text.__NVIC_EnableIRQ) for [Anonymous Symbol]
    lib_timer.o(.text.delay_ms) refers to lib_timer.o(.bss.tick) for tick
    lib_timer.o(.ARM.exidx.text.delay_ms) refers to lib_timer.o(.text.delay_ms) for [Anonymous Symbol]
    irq_button.o(.text.EINT0_IRQHandler) refers to global_variable.o(.bss.SW_flag) for SW_flag
    irq_button.o(.ARM.exidx.text.EINT0_IRQHandler) refers to irq_button.o(.text.EINT0_IRQHandler) for [Anonymous Symbol]
    irq_button.o(.ARM.exidx.text.EINT1_IRQHandler) refers to irq_button.o(.text.EINT1_IRQHandler) for [Anonymous Symbol]
    irq_button.o(.ARM.exidx.text.EINT2_IRQHandler) refers to irq_button.o(.text.EINT2_IRQHandler) for [Anonymous Symbol]
    lib_button.o(.text.BUTTON_init) refers to lib_button.o(.text.__NVIC_EnableIRQ) for __NVIC_EnableIRQ
    lib_button.o(.ARM.exidx.text.BUTTON_init) refers to lib_button.o(.text.BUTTON_init) for [Anonymous Symbol]
    lib_button.o(.ARM.exidx.text.__NVIC_EnableIRQ) refers to lib_button.o(.text.__NVIC_EnableIRQ) for [Anonymous Symbol]
    funct_led.o(.text.LED_On) refers to funct_led.o(.rodata.led_mask) for led_mask
    funct_led.o(.text.LED_On) refers to lib_led.o(.bss.led_value) for led_value
    funct_led.o(.ARM.exidx.text.LED_On) refers to funct_led.o(.text.LED_On) for [Anonymous Symbol]
    funct_led.o(.text.LED_Off) refers to funct_led.o(.rodata.led_mask) for led_mask
    funct_led.o(.text.LED_Off) refers to lib_led.o(.bss.led_value) for led_value
    funct_led.o(.ARM.exidx.text.LED_Off) refers to funct_led.o(.text.LED_Off) for [Anonymous Symbol]
    funct_led.o(.text.LED_Out) refers to funct_led.o(.text.LED_On) for LED_On
    funct_led.o(.text.LED_Out) refers to funct_led.o(.text.LED_Off) for LED_Off
[...]
    ../fplib/dcmpi.s                         0x00000000   Number         0  dcmpi.o ABSOLUTE
    ../fplib/ddiv.s                          0x00000000   Number         0  ddiv.o ABSOLUTE
    ../fplib/deqf.s                          0x00000000   Number         0  deqf.o ABSOLUTE
    ../fplib/dfix.s                          0x00000000   Number         0  dfix.o ABSOLUTE
    ../fplib/dflt.s                          0x00000000   Number         0  dflt_clz.o ABSOLUTE
    ../fplib/dgeqf.s                         0x00000000   Number         0  dgeqf.o ABSOLUTE
    ../fplib/dleqf.s                         0x00000000   Number         0  dleqf.o ABSOLUTE
    ../fplib/dmul.s                          0x00000000   Number         0  dmul.o ABSOLUTE
    ../fplib/dnaninf.s                       0x00000000   Number         0  dnaninf.o ABSOLUTE
    ../fplib/dretinf.s                       0x00000000   Number         0  dretinf.o ABSOLUTE
    ../fplib/fpinit.s                        0x00000000   Number         0  fpinit.o ABSOLUTE
    ../fplib/fpinit_empty.s                  0x00000000   Number         0  fpinit_empty.o ABSOLUTE
    ../fplib/istatus.s                       0x00000000   Number         0  istatus.o ABSOLUTE
    ../fplib/printf1.s                       0x00000000   Number         0  printf1.o ABSOLUTE
    ../fplib/printf2.s                       0x00000000   Number         0  printf2.o ABSOLUTE
    ../fplib/printf2a.s                      0x00000000   Number         0  printf2a.o ABSOLUTE
    ../fplib/printf2b.s                      0x00000000   Number         0  printf2b.o ABSOLUTE
    ../fplib/usenofp.s                       0x00000000   Number         0  usenofp.o ABSOLUTE
    ../mathlib/fpclassify.c                  0x00000000   Number         0  fpclassify.o ABSOLUTE
    AsciiLib.c                               0x00000000   Number         0  asciilib.o ABSOLUTE
    DAC.c                                    0x00000000   Number         0  dac.o ABSOLUTE
    GLCD.c                                   0x00000000   Number         0  glcd.o ABSOLUTE
    Global_variable.c                        0x00000000   Number         0  global_variable.o ABSOLUTE
    HzLib.c                                  0x00000000   Number         0  hzlib.o ABSOLUTE
    IRQ_RIT.c                                0x00000000   Number         0  irq_rit.o ABSOLUTE
    IRQ_adc.c                                0x00000000   Number         0  irq_adc.o ABSOLUTE
    IRQ_button.c                             0x00000000   Number         0  irq_button.o ABSOLUTE
    IRQ_timer.c                              0x00000000   Number         0  irq_timer.o ABSOLUTE
    Main.c                                   0x00000000   Number         0  main.o ABSOLUTE
    RTE/Device/LPC1768/startup_LPC17xx.s     0x00000000   Number         0  startup_lpc17xx.o ABSOLUTE
    Tetris.c                                 0x00000000   Number         0  tetris.o ABSOLUTE
    TouchPanel.c                             0x00000000   Number         0  touchpanel.o ABSOLUTE
    dc.s                                     0x00000000   Number         0  dc.o ABSOLUTE
    funct_led.c                              0x00000000   Number         0  funct_led.o ABSOLUTE
    lib_RIT.c                                0x00000000   Number         0  lib_rit.o ABSOLUTE
    lib_adc.c                                0x00000000   Number         0  lib_adc.o ABSOLUTE
    lib_button.c                             0x00000000   Number         0  lib_button.o ABSOLUTE
    lib_joystick.c                           0x00000000   Number         0  lib_joystick.o ABSOLUTE
    lib_led.c                                0x00000000   Number         0  lib_led.o ABSOLUTE
    lib_timer.c                              0x00000000   Number         0  lib_timer.o ABSOLUTE
    system_LPC17xx.c                         0x00000000   Number         0  system_lpc17xx.o ABSOLUTE
    RESET                                    0x00000000   Section      204  startup_lpc17xx.o(RESET)
    !!!main                                  0x000000cc   Section        8  __main.o(!!!main)
    !!!scatter                               0x000000d4   Section       92  __scatter.o(!!!scatter)
    !!handler_copy                           0x00000130   Section       26  __scatter_copy.o(!!handler_copy)
    !!handler_null                           0x0000014c   Section        2  __scatter.o(!!handler_null)
    !!handler_zi                             0x00000150   Section       28  __scatter_zi.o(!!handler_zi)
    .ARM.Collect$$_printf_percent$$00000000  0x0000016c   Section        0  _printf_percent.o(.ARM.Collect$$_printf_percent$$00000000)
    .ARM.Collect$$_printf_percent$$00000001  0x0000016c   Section        6  _printf_n.o(.ARM.Collect$$_printf_percent$$00000001)
    .ARM.Collect$$_printf_percent$$00000002  0x00000172   Section        6  _printf_p.o(.ARM.Collect$$_printf_percent$$00000002)
    .ARM.Collect$$_printf_percent$$00000003  0x00000178   Section        6  _printf_f.o(.ARM.Collect$$_printf_percent$$00000003)
    .ARM.Collect$$_printf_percent$$00000004  0x0000017e   Section        6  _printf_e.o(.ARM.Collect$$_printf_percent$$00000004)
    .ARM.Collect$$_printf_percent$$00000005  0x00000184   Section        6  _printf_g.o(.ARM.Collect$$_printf_percent$$00000005)
    .ARM.Collect$$_printf_percent$$00000006  0x0000018a   Section        6  _printf_a.o(.ARM.Collect$$_printf_percent$$00000006)
    .ARM.Collect$$_printf_percent$$00000007  0x00000190   Section       10  _printf_ll.o(.ARM.Collect$$_printf_percent$$00000007)
    .ARM.Collect$$_printf_percent$$00000008  0x0000019a   Section        6  _printf_i.o(.ARM.Collect$$_printf_percent$$00000008)
    .ARM.Collect$$_printf_percent$$00000009  0x000001a0   Section        6  _printf_d.o(.ARM.Collect$$_printf_percent$$00000009)
    .ARM.Collect$$_printf_percent$$0000000A  0x000001a6   Section        6  _printf_u.o(.ARM.Collect$$_printf_percent$$0000000A)
    .ARM.Collect$$_printf_percent$$0000000B  0x000001ac   Section        6  _printf_o.o(.ARM.Collect$$_printf_percent$$0000000B)
    .ARM.Collect$$_printf_percent$$0000000C  0x000001b2   Section        6  _printf_x.o(.ARM.Collect$$_printf_percent$$0000000C)
    .ARM.Collect$$_printf_percent$$0000000D  0x000001b8   Section        6  _printf_lli.o(.ARM.Collect$$_printf_percent$$0000000D)
    .ARM.Collect$$_printf_percent$$0000000E  0x000001be   Section        6  _printf_lld.o(.ARM.Collect$$_printf_percent$$0000000E)
    .ARM.Collect$$_printf_percent$$0000000F  0x000001c4   Section        6  _printf_llu.o(.ARM.Collect$$_printf_percent$$0000000F)
    .ARM.Collect$$_printf_percent$$00000010  0x000001ca   Section        6  _printf_llo.o(.ARM.Collect$$_printf_percent$$00000010)
    .ARM.Collect$$_printf_percent$$00000011  0x000001d0   Section        6  _printf_llx.o(.ARM.Collect$$_printf_percent$$00000011)
    .ARM.Collect$$_printf_percent$$00000012  0x000001d6   Section       10  _printf_l.o(.ARM.Collect$$_printf_percent$$00000012)
    .ARM.Collect$$_printf_percent$$00000013  0x000001e0   Section        6  _printf_c.o(.ARM.Collect$$_printf_percent$$00000013)
    .ARM.Collect$$_printf_percent$$00000014  0x000001e6   Section        6  _printf_s.o(.ARM.Collect$$_printf_percent$$00000014)
    .ARM.Collect$$_printf_percent$$00000015  0x000001ec   Section        6  _printf_lc.o(.ARM.Collect$$_printf_percent$$00000015)
    .ARM.Collect$$_printf_percent$$00000016  0x000001f2   Section        6  _printf_ls.o(.ARM.Collect$$_printf_percent$$00000016)
    .ARM.Collect$$_printf_percent$$00000017  0x000001f8   Section        4  _printf_percent_end.o(.ARM.Collect$$_printf_percent$$00000017)
    .ARM.Collect$$libinit$$00000000          0x000001fc   Section        2  libinit.o(.ARM.Collect$$libinit$$00000000)
    .ARM.Collect$$libinit$$00000002          0x000001fe   Section        0  libinit2.o(.ARM.Collect$$libinit$$00000002)
    .ARM.Collect$$libinit$$00000004          0x000001fe   Section        0  libinit2.o(.ARM.Collect$$libinit$$00000004)
    .ARM.Collect$$libinit$$00000006          0x000001fe   Section        0  libinit2.o(.ARM.Collect$$libinit$$00000006)
    .ARM.Collect$$libinit$$0000000C          0x000001fe   Section        0  libinit2.o(.ARM.Collect$$libinit$$0000000C)
    .ARM.Collect$$libinit$$0000000E          0x000001fe   Section        0  libinit2.o(.ARM.Collect$$libinit$$0000000E)
    .ARM.Collect$$libinit$$00000010          0x000001fe   Section        0  libinit2.o(.ARM.Collect$$libinit$$00000010)
    .ARM.Collect$$libinit$$00000011          0x000001fe   Section        6  libinit2.o(.ARM.Collect$$libinit$$00000011)
    .ARM.Collect$$libinit$$00000013          0x00000204   Section        0  libinit2.o(.ARM.Collect$$libinit$$00000013)
    .ARM.Collect$$libinit$$00000014          0x00000204   Section       12  libinit2.o(.ARM.Collect$$libinit$$00000014)
    .ARM.Collect$$libinit$$00000015          0x00000210   Section        0  libinit2.o(.ARM.Collect$$libinit$$00000015)
    .ARM.Collect$$libinit$$00000017          0x00000210   Section        0  libinit2.o(.ARM.Collect$$libinit$$00000017)
    .ARM.Collect$$libinit$$00000018          0x00000210   Section       10  libinit2.o(.ARM.Collect$$libinit$$00000018)
    .ARM.Collect$$libinit$$00000019          0x0000021a   Section        0  libinit2.o(.ARM.Collect$$libinit$$00000019)
    .ARM.Collect$$libinit$$0000001B          0x0000021a   Section        0  libinit2.o(.ARM.Collect$$libinit$$0000001B)
    .ARM.Collect$$libinit$$0000001D          0x0000021a   Section        0  libinit2.o(.ARM.Collect$$libinit$$0000001D)
    .ARM.Collect$$libinit$$0000001F          0x0000021a   Section        0  libinit2.o(.ARM.Collect$$libinit$$0000001F)
    .ARM.Collect$$libinit$$00000021          0x0000021a   Section        0  libinit2.o(.ARM.Collect$$libinit$$00000021)
    .ARM.Collect$$libinit$$00000023          0x0000021a   Section        0  libinit2.o(.ARM.Collect$$libinit$$00000023)
    .ARM.Collect$$libinit$$00000025          0x0000021a   Section        0  libinit2.o(.ARM.Collect$$libinit$$00000025)
    .ARM.Collect$$libinit$$00000027          0x0000021a   Section        0  libinit2.o(.ARM.Collect$$libinit$$00000027)
    .ARM.Collect$$libinit$$0000002E          0x0000021a   Section        0  libinit2.o(.ARM.Collect$$libinit$$0000002E)
    .ARM.Collect$$libinit$$00000030          0x0000021a   Section        0  libinit2.o(.ARM.Collect$$libinit$$00000030)
    .ARM.Collect$$libinit$$00000032          0x0000021a   Section        0  libinit2.o(.ARM.Collect$$libinit$$00000032)
    .ARM.Collect$$libinit$$00000034          0x0000021a   Section        0  libinit2.o(.ARM.Collect$$libinit$$00000034)
    .ARM.Collect$$libinit$$00000035          0x0000021a   Section        2  libinit2.o(.ARM.Collect$$libinit$$00000035)
    .ARM.Collect$$libshutdown$$00000000      0x0000021c   Section        2  libshutdown.o(.ARM.Collect$$libshutdown$$00000000)
    .ARM.Collect$$libshutdown$$00000002      0x0000021e   Section        0  libshutdown2.o(.ARM.Collect$$libshutdown$$00000002)
    .ARM.Collect$$libshutdown$$00000004      0x0000021e   Section        0  libshutdown2.o(.ARM.Collect$$libshutdown$$00000004)
    .ARM.Collect$$libshutdown$$00000007      0x0000021e   Section        0  libshutdown2.o(.ARM.Collect$$libshutdown$$00000007)
    .ARM.Collect$$libshutdown$$0000000A      0x0000021e   Section        0  libshutdown2.o(.ARM.Collect$$libshutdown$$0000000A)
    .ARM.Collect$$libshutdown$$0000000C      0x0000021e   Section        0  libshutdown2.o(.ARM.Collect$$libshutdown$$0000000C)
    .ARM.Collect$$libshutdown$$0000000F      0x0000021e   Section        0  libshutdown2.o(.ARM.Collect$$libshutdown$$0000000F)
    .ARM.Collect$$libshutdown$$00000010      0x0000021e   Section        2  libshutdown2.o(.ARM.Collect$$libshutdown$$00000010)
    .ARM.Collect$$rtentry$$00000000          0x00000220   Section        0  __rtentry.o(.ARM.Collect$$rtentry$$00000000)
    .ARM.Collect$$rtentry$$00000002          0x00000220   Section        0  __rtentry2.o(.ARM.Collect$$rtentry$$00000002)
    .ARM.Collect$$rtentry$$00000004          0x00000220   Section        6  __rtentry4.o(.ARM.Collect$$rtentry$$00000004)
    .ARM.Collect$$rtentry$$00000009          0x00000226   Section        0  __rtentry2.o(.ARM.Collect$$rtentry$$00000009)
    .ARM.Collect$$rtentry$$0000000A          0x00000226   Section        4  __rtentry2.o(.ARM.Collect$$rtentry$$0000000A)
    .ARM.Collect$$rtentry$$0000000C          0x0000022a   Section        0  __rtentry2.o(.ARM.Collect$$rtentry$$0000000C)
    .ARM.Collect$$rtentry$$0000000D          0x0000022a   Section        8  __rtentry2.o(.ARM.Collect$$rtentry$$0000000D)
    .ARM.Collect$$rtexit$$00000000           0x00000232   Section        2  rtexit.o(.ARM.Collect$$rtexit$$00000000)
    .ARM.Collect$$rtexit$$00000002           0x00000234   Section        0  rtexit2.o(.ARM.Collect$$rtexit$$00000002)
    .ARM.Collect$$rtexit$$00000003           0x00000234   Section        4  rtexit2.o(.ARM.Collect$$rtexit$$00000003)
    .ARM.Collect$$rtexit$$00000004           0x00000238   Section        6  rtexit2.o(.ARM.Collect$$rtexit$$00000004)
    .text                                    0x00000240   Section       52  startup_lpc17xx.o(.text)
    .text                                    0x00000274   Section        0  snprintf.o(.text)
    .text                                    0x000002b4   Section        0  heapauxi.o(.text)
    .text                                    0x000002ba   Section        0  _printf_truncate.o(.text)
    .text                                    0x000002de   Section        0  _snputc.o(.text)
    .text                                    0x000002f0   Section        8  rt_locale_intlibspace.o(.text)
    .text                                    0x000002f8   Section        2  use_no_semi.o(.text)
    .text                                    0x000002fa   Section        0  indicate_semi.o(.text)
    x$fpl$usenofp                            0x000002fa   Section        0  usenofp.o(x$fpl$usenofp)
    .ARM.__at_0x02FC                         0x000002fc   Section        4  startup_lpc17xx.o(.ARM.__at_0x02FC)
    .text                                    0x00000300   Section        0  _printf_pad.o(.text)
    .text                                    0x0000034e   Section        0  _printf_str.o(.text)
    .text                                    0x000003a0   Section        0  _printf_dec.o(.text)
    .text                                    0x00000418   Section        0  _printf_charcount.o(.text)
    _printf_input_char                       0x00000441   Thumb Code    10  _printf_char_common.o(.text)
    .text                                    0x00000440   Section        0  _printf_char_common.o(.text)
    .text                                    0x00000470   Section        0  _printf_wctomb.o(.text)
    .text                                    0x0000052c   Section        0  _printf_longlong_dec.o(.text)
    _printf_longlong_oct_internal            0x000005a9   Thumb Code     0  _printf_oct_int_ll.o(.text)
    .text                                    0x000005a8   Section        0  _printf_oct_int_ll.o(.text)
    _printf_hex_common                       0x00000619   Thumb Code     0  _printf_hex_int_ll_ptr.o(.text)
    .text                                    0x00000618   Section        0  _printf_hex_int_ll_ptr.o(.text)
    .text                                    0x000006ac   Section        0  __printf_flags_ss_wp.o(.text)
    .text                                    0x00000834   Section      138  lludiv10.o(.text)
    .text                                    0x000008be   Section        0  _printf_intcommon.o(.text)
    _fp_digits                               0x00000971   Thumb Code   432  _printf_fp_dec.o(.text)
    .text                                    0x00000970   Section        0  _printf_fp_dec.o(.text)
    .text                                    0x00000d8c   Section        0  _printf_fp_hex.o(.text)
    .text                                    0x00001088   Section        0  _printf_char.o(.text)
    .text                                    0x000010b4   Section        0  _printf_wchar.o(.text)
    .text                                    0x000010e0   Section        0  _c16rtomb.o(.text)
    .text                                    0x00001128   Section       74  sys_stackheap_outer.o(.text)
    .text                                    0x00001174   Section       16  rt_ctype_table.o(.text)
    .text                                    0x00001184   Section        0  _printf_fp_infnan.o(.text)
    .text                                    0x00001204   Section        0  bigflt0.o(.text)
    .text                                    0x000012e8   Section        0  exit.o(.text)
    .text                                    0x000012fc   Section        8  libspace.o(.text)
    .text                                    0x00001304   Section      128  strcmpv7m.o(.text)
    .text                                    0x00001384   Section        0  sys_exit.o(.text)
    [Anonymous Symbol]                       0x00001390   Section        0  irq_adc.o(.text.ADC_IRQHandler)
    [Anonymous Symbol]                       0x000013ac   Section        0  lib_button.o(.text.BUTTON_init)
    [Anonymous Symbol]                       0x00001410   Section        0  tetris.o(.text.Check_fill_row)
    [Anonymous Symbol]                       0x00001620   Section        0  tetris.o(.text.Check_joystick)
    [Anonymous Symbol]                       0x0000187c   Section        0  tetris.o(.text.Check_wall)
    [Anonymous Symbol]                       0x0000190c   Section        0  tetris.o(.text.Collision_check)
    [Anonymous Symbol]                       0x000019c0   Section        0  tetris.o(.text.Copy_object)
    [Anonymous Symbol]                       0x00001a18   Section        0  tetris.o(.text.Draw_active_piece)
    [Anonymous Symbol]                       0x00001a24   Section        0  tetris.o(.text.Draw_current_piece)
    [Anonymous Symbol]                       0x00001aec   Section        0  tetris.o(.text.Draw_score)
    [Anonymous Symbol]                       0x00001b5c   Section        0  irq_button.o(.text.EINT0_IRQHandler)
    [Anonymous Symbol]                       0x00001b7c   Section        0  irq_button.o(.text.EINT1_IRQHandler)
    [Anonymous Symbol]                       0x00001b90   Section        0  irq_button.o(.text.EINT2_IRQHandler)
    [Anonymous Symbol]                       0x00001ba4   Section        0  tetris.o(.text.Erase_prev_piece)
    [Anonymous Symbol]                       0x00001c64   Section        0  glcd.o(.text.GUI_Text)
    [Anonymous Symbol]                       0x00001cfc   Section        0  asciilib.o(.text.GetASCIICode)
    [Anonymous Symbol]                       0x00001d38   Section        0  glcd.o(.text.LCD_Clear)
    LCD_Configuration                        0x00002525   Thumb Code    32  glcd.o(.text.LCD_Configuration)
    [Anonymous Symbol]                       0x00002524   Section        0  glcd.o(.text.LCD_Configuration)
    [Anonymous Symbol]                       0x00002544   Section        0  glcd.o(.text.LCD_DrawBlock)
    [Anonymous Symbol]                       0x00002594   Section        0  glcd.o(.text.LCD_DrawLine)
    [Anonymous Symbol]                       0x000027b8   Section        0  glcd.o(.text.LCD_DrawRect)
    [Anonymous Symbol]                       0x00002888   Section        0  glcd.o(.text.LCD_FillRect)
    [Anonymous Symbol]                       0x00002908   Section        0  glcd.o(.text.LCD_Initialization)
    LCD_SetCursor                            0x00005815   Thumb Code  1932  glcd.o(.text.LCD_SetCursor)
    [Anonymous Symbol]                       0x00005814   Section        0  glcd.o(.text.LCD_SetCursor)
    [Anonymous Symbol]                       0x00005fa0   Section        0  glcd.o(.text.LCD_SetPoint)
    [Anonymous Symbol]                       0x000060e0   Section        0  tetris.o(.text.Map)
    [Anonymous Symbol]                       0x00006174   Section        0  glcd.o(.text.PutChar)
    [Anonymous Symbol]                       0x00006248   Section        0  irq_rit.o(.text.RIT_IRQHandler)
    [Anonymous Symbol]                       0x000062bc   Section        0  tetris.o(.text.Rotate)
    [Anonymous Symbol]                       0x00006334   Section        0  tetris.o(.text.Spawn_new_piece)
    [Anonymous Symbol]                       0x000064e0   Section        0  system_lpc17xx.o(.text.SystemInit)
    [Anonymous Symbol]                       0x000067ac   Section        0  irq_timer.o(.text.TIMER0_IRQHandler)
    [Anonymous Symbol]                       0x000067c8   Section        0  irq_timer.o(.text.TIMER1_IRQHandler)
    [Anonymous Symbol]                       0x000067d8   Section        0  irq_timer.o(.text.TIMER2_IRQHandler)
    [Anonymous Symbol]                       0x000067e4   Section        0  irq_timer.o(.text.TIMER3_IRQHandler)
    [Anonymous Symbol]                       0x00006800   Section        0  tetris.o(.text.Write_piece_to_game_field)
    __NVIC_EnableIRQ                         0x000068e5   Thumb Code    48  lib_timer.o(.text.__NVIC_EnableIRQ)
    [Anonymous Symbol]                       0x000068e4   Section        0  lib_timer.o(.text.__NVIC_EnableIRQ)
    __NVIC_EnableIRQ                         0x00006915   Thumb Code    48  lib_button.o(.text.__NVIC_EnableIRQ)
    [Anonymous Symbol]                       0x00006914   Section        0  lib_button.o(.text.__NVIC_EnableIRQ)
    delay_ms                                 0x00006945   Thumb Code    82  glcd.o(.text.delay_ms)
    [Anonymous Symbol]                       0x00006944   Section        0  glcd.o(.text.delay_ms)
    [Anonymous Symbol]                       0x00006998   Section        0  lib_timer.o(.text.disable_timer)
    [Anonymous Symbol]                       0x00006a04   Section        0  lib_timer.o(.text.enable_timer)
    [Anonymous Symbol]                       0x00006a70   Section        0  lib_timer.o(.text.init_timer_SRI)
    [Anonymous Symbol]                       0x00006b44   Section        0  lib_joystick.o(.text.joystick_init)
    [Anonymous Symbol]                       0x00006b68   Section        0  main.o(.text.main)
    [Anonymous Symbol]                       0x00006d04   Section        0  lib_timer.o(.text.read_timer)
    [Anonymous Symbol]                       0x00006d78   Section        0  lib_timer.o(.text.reset_timer)
    [Anonymous Symbol]                       0x00006e14   Section        0  tetris.o(.text.row_occupied)
    wait_delay                               0x00006e69   Thumb Code    22  glcd.o(.text.wait_delay)
    [Anonymous Symbol]                       0x00006e68   Section        0  glcd.o(.text.wait_delay)
    CL$$btod_d2e                             0x00006e7e   Section       62  btod.o(CL$$btod_d2e)
    CL$$btod_d2e_denorm_low                  0x00006ebc   Section       70  btod.o(CL$$btod_d2e_denorm_low)
    CL$$btod_d2e_norm_op1                    0x00006f02   Section       96  btod.o(CL$$btod_d2e_norm_op1)
    CL$$btod_div_common                      0x00006f64   Section      824  btod.o(CL$$btod_div_common)
    CL$$btod_e2e                             0x0000729c   Section      220  btod.o(CL$$btod_e2e)
    CL$$btod_ediv                            0x00007378   Section       42  btod.o(CL$$btod_ediv)
    CL$$btod_emul                            0x000073a2   Section       42  btod.o(CL$$btod_emul)
    CL$$btod_mult_common                     0x000073cc   Section      580  btod.o(CL$$btod_mult_common)
    i.__ARM_fpclassify                       0x00007610   Section        0  fpclassify.o(i.__ARM_fpclassify)
    i._is_digit                              0x00007638   Section        0  __printf_wp.o(i._is_digit)
    locale$$code                             0x00007648   Section       44  lc_numeric_c.o(locale$$code)
    locale$$code                             0x00007674   Section       44  lc_ctype_c.o(locale$$code)
    x$fpl$printf1                            0x000076a0   Section        4  printf1.o(x$fpl$printf1)
    x$fpl$printf2                            0x000076a4   Section        4  printf2.o(x$fpl$printf2)
    initial_mbstate                          0x000076a8   Data           8  _printf_wctomb.o(.constdata)
    .constdata                               0x000076a8   Section        8  _printf_wctomb.o(.constdata)
    uc_hextab                                0x000076b0   Data          20  _printf_hex_int_ll_ptr.o(.constdata)
    .constdata                               0x000076b0   Section       40  _printf_hex_int_ll_ptr.o(.constdata)
    lc_hextab                                0x000076c4   Data          20  _printf_hex_int_ll_ptr.o(.constdata)
    maptable                                 0x000076d8   Data          17  __printf_flags_ss_wp.o(.constdata)
    .constdata                               0x000076d8   Section       17  __printf_flags_ss_wp.o(.constdata)
    lc_hextab                                0x000076e9   Data          19  _printf_fp_hex.o(.constdata)
    .constdata                               0x000076e9   Section       38  _printf_fp_hex.o(.constdata)
    uc_hextab                                0x000076fc   Data          19  _printf_fp_hex.o(.constdata)
    tenpwrs_x                                0x00007710   Data          60  bigflt0.o(.constdata)
    .constdata                               0x00007710   Section      148  bigflt0.o(.constdata)
    tenpwrs_i                                0x0000774c   Data          64  bigflt0.o(.constdata)
    AsciiLib                                 0x000077a4   Data        1520  asciilib.o(.rodata.AsciiLib)
    [Anonymous Symbol]                       0x000077a4   Section        0  asciilib.o(.rodata.AsciiLib)
    .L.str                                   0x00007e12   Data           7  main.o(.rodata.str1.1)
    .L.str.3                                 0x00007e12   Data           7  main.o(.rodata.str1.1)
    [Anonymous Symbol]                       0x00007e12   Section        0  main.o(.rodata.str1.1)
    .L.str.1                                 0x00007e19   Data          26  main.o(.rodata.str1.1)
    .L.str.4                                 0x00007e19   Data          26  main.o(.rodata.str1.1)
    .L.str.2                                 0x00007e33   Data          10  tetris.o(.rodata.str1.1)
    [Anonymous Symbol]                       0x00007e33   Section        0  tetris.o(.rodata.str1.1)
    .L.str                                   0x00007e3d   Data          11  tetris.o(.rodata.str1.1)
    .L.str.1                                 0x00007e48   Data           9  tetris.o(.rodata.str1.1)
    locale$$data                             0x00007e74   Section       28  lc_numeric_c.o(locale$$data)
    __lcnum_c_name                           0x00007e78   Data           2  lc_numeric_c.o(locale$$data)
    __lcnum_c_start                          0x00007e80   Data           0  lc_numeric_c.o(locale$$data)
    __lcnum_c_point                          0x00007e8c   Data           0  lc_numeric_c.o(locale$$data)
    __lcnum_c_thousands                      0x00007e8e   Data           0  lc_numeric_c.o(locale$$data)
    __lcnum_c_grouping                       0x00007e8f   Data           0  lc_numeric_c.o(locale$$data)
    __lcnum_c_end                            0x00007e90   Data           0  lc_numeric_c.o(locale$$data)
    locale$$data                             0x00007e90   Section      272  lc_ctype_c.o(locale$$data)
    __lcctype_c_name                         0x00007e94   Data           2  lc_ctype_c.o(locale$$data)
    __lcctype_c_start                        0x00007e9c   Data           0  lc_ctype_c.o(locale$$data)
    __lcctype_c_end                          0x00007fa0   Data           0  lc_ctype_c.o(locale$$data)
    .bss                                     0x10000010   Section       96  libspace.o(.bss)
    LCD_Code                                 0x100002de   Data           1  glcd.o(.bss.LCD_Code)
    [Anonymous Symbol]                       0x100002de   Section        0  glcd.o(.bss.LCD_Code)
    Heap_Mem                                 0x10000328   Data           0  startup_lpc17xx.o(HEAP)
    Stack_Mem                                0x10000328   Data        1024  startup_lpc17xx.o(STACK)
    HEAP                                     0x10000328   Section        0  startup_lpc17xx.o(HEAP)
    STACK                                    0x10000328   Section     1024  startup_lpc17xx.o(STACK)
    __initial_sp                             0x10000728   Data           0  startup_lpc17xx.o(STACK)

    Global Symbols

    Symbol Name                              Value     Ov Type        Size  Object(Section)

    BuildAttributes$$THM_ISAv4$P$D$K$B$S$PE$A:L22UL41UL21$X:L11$S22US41US21$IEEE1$IW$~IW$USESV6$~STKCKD$USESV7$~SHL$OTIME$ROPI$IEEEJ$EBA8$UX$STANDARDLIB$REQ8$PRES8$EABIv2 0x00000000   Number         0  anon$$obj.o ABSOLUTE
    __Vectors                                0x00000000   Data           4  startup_lpc17xx.o(RESET)
    __fp_init_empty                          0x00000000   Number         0  fpinit_empty.o ABSOLUTE
    _printf_flags                            0x00000000   Number         0  printf_stubs.o ABSOLUTE
    _printf_return_value                     0x00000000   Number         0  printf_stubs.o ABSOLUTE
    _printf_sizespec                         0x00000000   Number         0  printf_stubs.o ABSOLUTE
    _printf_widthprec                        0x00000000   Number         0  printf_stubs.o ABSOLUTE
    __ARM_exceptions_init                     - Undefined Weak Reference
    __alloca_initialize                       - Undefined Weak Reference
    __arm_preinit_                            - Undefined Weak Reference
    __arm_relocate_pie_                       - Undefined Weak Reference
    __cpp_initialize__aeabi_                  - Undefined Weak Reference
    __cxa_finalize                            - Undefined Weak Reference
    __sigvec_lookup                           - Undefined Weak Reference
    _atexit_init                              - Undefined Weak Reference
    _call_atexit_fns                          - Undefined Weak Reference
    _clock_init                               - Undefined Weak Reference
    _fp_trap_init                             - Undefined Weak Reference
    _fp_trap_shutdown                         - Undefined Weak Reference
    _get_lc_collate                           - Undefined Weak Reference
    _get_lc_monetary                          - Undefined Weak Reference
    _get_lc_time                              - Undefined Weak Reference
    _getenv_init                              - Undefined Weak Reference
    _handle_redirection                       - Undefined Weak Reference
    _init_alloc                               - Undefined Weak Reference
    _init_user_alloc                          - Undefined Weak Reference
    _initio                                   - Undefined Weak Reference
    _printf_mbtowc                            - Undefined Weak Reference
    _printf_wc                                - Undefined Weak Reference
    _rand_init                                - Undefined Weak Reference
    _signal_finish                            - Undefined Weak Reference
    _signal_init                              - Undefined Weak Reference
    _terminate_alloc                          - Undefined Weak Reference
    _terminate_user_alloc                     - Undefined Weak Reference
    _terminateio                              - Undefined Weak Reference
    __main                                   0x000000cd   Thumb Code     8  __main.o(!!!main)
    __scatterload                            0x000000d5   Thumb Code     0  __scatter.o(!!!scatter)
    __scatterload_rt2                        0x000000d5   Thumb Code    84  __scatter.o(!!!scatter)
    __scatterload_rt2_thumb_only             0x000000d5   Thumb Code     0  __scatter.o(!!!scatter)
    __scatterload_loop                       0x000000df   Thumb Code     0  __scatter.o(!!!scatter)
    __scatterload_copy                       0x00000131   Thumb Code    26  __scatter_copy.o(!!handler_copy)
    __scatterload_null                       0x0000014d   Thumb Code     2  __scatter.o(!!handler_null)
    __scatterload_zeroinit                   0x00000151   Thumb Code    28  __scatter_zi.o(!!handler_zi)
    _printf_n                                0x0000016d   Thumb Code     0  _printf_n.o(.ARM.Collect$$_printf_percent$$00000001)
    _printf_percent                          0x0000016d   Thumb Code     0  _printf_percent.o(.ARM.Collect$$_printf_percent$$00000000)
    _printf_p                                0x00000173   Thumb Code     0  _printf_p.o(.ARM.Collect$$_printf_percent$$00000002)
    _printf_f                                0x00000179   Thumb Code     0  _printf_f.o(.ARM.Collect$$_printf_percent$$00000003)
    _printf_e                                0x0000017f   Thumb Code     0  _printf_e.o(.ARM.Collect$$_printf_percent$$00000004)
    _printf_g                                0x00000185   Thumb Code     0  _printf_g.o(.ARM.Collect$$_printf_percent$$00000005)
    _printf_a                                0x0000018b   Thumb Code     0  _printf_a.o(.ARM.Collect$$_printf_percent$$00000006)
    _printf_ll                               0x00000191   Thumb Code     0  _printf_ll.o(.ARM.Collect$$_printf_percent$$00000007)
    _printf_i                                0x0000019b   Thumb Code     0  _printf_i.o(.ARM.Collect$$_printf_percent$$00000008)
    _printf_d                                0x000001a1   Thumb Code     0  _printf_d.o(.ARM.Collect$$_printf_percent$$00000009)
    _printf_u                                0x000001a7   Thumb Code     0  _printf_u.o(.ARM.Collect$$_printf_percent$$0000000A)
    _printf_o                                0x000001ad   Thumb Code     0  _printf_o.o(.ARM.Collect$$_printf_percent$$0000000B)
    _printf_x                                0x000001b3   Thumb Code     0  _printf_x.o(.ARM.Collect$$_printf_percent$$0000000C)
    _printf_lli                              0x000001b9   Thumb Code     0  _printf_lli.o(.ARM.Collect$$_printf_percent$$0000000D)
    _printf_lld                              0x000001bf   Thumb Code     0  _printf_lld.o(.ARM.Collect$$_printf_percent$$0000000E)
    _printf_llu                              0x000001c5   Thumb Code     0  _printf_llu.o(.ARM.Collect$$_printf_percent$$0000000F)
    _printf_llo                              0x000001cb   Thumb Code     0  _printf_llo.o(.ARM.Collect$$_printf_percent$$00000010)
    _printf_llx                              0x000001d1   Thumb Code     0  _printf_llx.o(.ARM.Collect$$_printf_percent$$00000011)
    _printf_l                                0x000001d7   Thumb Code     0  _printf_l.o(.ARM.Collect$$_printf_percent$$00000012)
    _printf_c                                0x000001e1   Thumb Code     0  _printf_c.o(.ARM.Collect$$_printf_percent$$00000013)
    _printf_s                                0x000001e7   Thumb Code     0  _printf_s.o(.ARM.Collect$$_printf_percent$$00000014)
    _printf_lc                               0x000001ed   Thumb Code     0  _printf_lc.o(.ARM.Collect$$_printf_percent$$00000015)
    _printf_ls                               0x000001f3   Thumb Code     0  _printf_ls.o(.ARM.Collect$$_printf_percent$$00000016)
    _printf_percent_end                      0x000001f9   Thumb Code     0  _printf_percent_end.o(.ARM.Collect$$_printf_percent$$00000017)
    __rt_lib_init                            0x000001fd   Thumb Code     0  libinit.o(.ARM.Collect$$libinit$$00000000)
    __rt_lib_init_fp_1                       0x000001ff   Thumb Code     0  libinit2.o(.ARM.Collect$$libinit$$00000002)
    __rt_lib_init_heap_1                     0x000001ff   Thumb Code     0  libinit2.o(.ARM.Collect$$libinit$$0000000C)
    __rt_lib_init_lc_common                  0x000001ff   Thumb Code     0  libinit2.o(.ARM.Collect$$libinit$$00000011)
    __rt_lib_init_preinit_1                  0x000001ff   Thumb Code     0  libinit2.o(.ARM.Collect$$libinit$$00000006)
    __rt_lib_init_rand_1                     0x000001ff   Thumb Code     0  libinit2.o(.ARM.Collect$$libinit$$00000010)
    __rt_lib_init_relocate_pie_1             0x000001ff   Thumb Code     0  libinit2.o(.ARM.Collect$$libinit$$00000004)
    __rt_lib_init_user_alloc_1               0x000001ff   Thumb Code     0  libinit2.o(.ARM.Collect$$libinit$$0000000E)
    __rt_lib_init_lc_collate_1               0x00000205   Thumb Code     0  libinit2.o(.ARM.Collect$$libinit$$00000013)
    __rt_lib_init_lc_ctype_2                 0x00000205   Thumb Code     0  libinit2.o(.ARM.Collect$$libinit$$00000014)
    __rt_lib_init_lc_ctype_1                 0x00000211   Thumb Code     0  libinit2.o(.ARM.Collect$$libinit$$00000015)
    __rt_lib_init_lc_monetary_1              0x00000211   Thumb Code     0  libinit2.o(.ARM.Collect$$libinit$$00000017)
    __rt_lib_init_lc_numeric_2               0x00000211   Thumb Code     0  libinit2.o(.ARM.Collect$$libinit$$00000018)
    __rt_lib_init_alloca_1                   0x0000021b   Thumb Code     0  libinit2.o(.ARM.Collect$$libinit$$00000030)
    __rt_lib_init_argv_1                     0x0000021b   Thumb Code     0  libinit2.o(.ARM.Collect$$libinit$$0000002E)
    __rt_lib_init_atexit_1                   0x0000021b   Thumb Code     0  libinit2.o(.ARM.Collect$$libinit$$0000001D)
    __rt_lib_init_clock_1                    0x0000021b   Thumb Code     0  libinit2.o(.ARM.Collect$$libinit$$00000023)
    __rt_lib_init_cpp_1                      0x0000021b   Thumb Code     0  libinit2.o(.ARM.Collect$$libinit$$00000034)
    __rt_lib_init_exceptions_1               0x0000021b   Thumb Code     0  libinit2.o(.ARM.Collect$$libinit$$00000032)
    __rt_lib_init_fp_trap_1                  0x0000021b   Thumb Code     0  libinit2.o(.ARM.Collect$$libinit$$00000021)
    __rt_lib_init_getenv_1                   0x0000021b   Thumb Code     0  libinit2.o(.ARM.Collect$$libinit$$00000025)
    __rt_lib_init_lc_numeric_1               0x0000021b   Thumb Code     0  libinit2.o(.ARM.Collect$$libinit$$00000019)
    __rt_lib_init_lc_time_1                  0x0000021b   Thumb Code     0  libinit2.o(.ARM.Collect$$libinit$$0000001B)
    __rt_lib_init_return                     0x0000021b   Thumb Code     0  libinit2.o(.ARM.Collect$$libinit$$00000035)
    __rt_lib_init_signal_1                   0x0000021b   Thumb Code     0  libinit2.o(.ARM.Collect$$libinit$$0000001F)
    __rt_lib_init_stdio_1                    0x0000021b   Thumb Code     0  libinit2.o(.ARM.Collect$$libinit$$00000027)
    __rt_lib_shutdown                        0x0000021d   Thumb Code     0  libshutdown.o(.ARM.Collect$$libshutdown$$00000000)
    __rt_lib_shutdown_cpp_1                  0x0000021f   Thumb Code     0  libshutdown2.o(.ARM.Collect$$libshutdown$$00000002)
    __rt_lib_shutdown_fp_trap_1              0x0000021f   Thumb Code     0  libshutdown2.o(.ARM.Collect$$libshutdown$$00000007)
    __rt_lib_shutdown_heap_1                 0x0000021f   Thumb Code     0  libshutdown2.o(.ARM.Collect$$libshutdown$$0000000F)
    __rt_lib_shutdown_return                 0x0000021f   Thumb Code     0  libshutdown2.o(.ARM.Collect$$libshutdown$$00000010)
    __rt_lib_shutdown_signal_1               0x0000021f   Thumb Code     0  libshutdown2.o(.ARM.Collect$$libshutdown$$0000000A)
    __rt_lib_shutdown_stdio_1                0x0000021f   Thumb Code     0  libshutdown2.o(.ARM.Collect$$libshutdown$$00000004)
    __rt_lib_shutdown_user_alloc_1           0x0000021f   Thumb Code     0  libshutdown2.o(.ARM.Collect$$libshutdown$$0000000C)
    __rt_entry                               0x00000221   Thumb Code     0  __rtentry.o(.ARM.Collect$$rtentry$$00000000)
    __rt_entry_presh_1                       0x00000221   Thumb Code     0  __rtentry2.o(.ARM.Collect$$rtentry$$00000002)
    __rt_entry_sh                            0x00000221   Thumb Code     0  __rtentry4.o(.ARM.Collect$$rtentry$$00000004)
    __rt_entry_li                            0x00000227   Thumb Code     0  __rtentry2.o(.ARM.Collect$$rtentry$$0000000A)
    __rt_entry_postsh_1                      0x00000227   Thumb Code     0  __rtentry2.o(.ARM.Collect$$rtentry$$00000009)
    __rt_entry_main                          0x0000022b   Thumb Code     0  __rtentry2.o(.ARM.Collect$$rtentry$$0000000D)
    __rt_entry_postli_1                      0x0000022b   Thumb Code     0  __rtentry2.o(.ARM.Collect$$rtentry$$0000000C)
    __rt_exit                                0x00000233   Thumb Code     0  rtexit.o(.ARM.Collect$$rtexit$$00000000)
    __rt_exit_ls                             0x00000235   Thumb Code     0  rtexit2.o(.ARM.Collect$$rtexit$$00000003)
    __rt_exit_prels_1                        0x00000235   Thumb Code     0  rtexit2.o(.ARM.Collect$$rtexit$$00000002)
    __rt_exit_exit                           0x00000239   Thumb Code     0  rtexit2.o(.ARM.Collect$$rtexit$$00000004)
    Reset_Handler                            0x00000241   Thumb Code     4  startup_lpc17xx.o(.text)
    NMI_Handler                              0x00000245   Thumb Code     2  startup_lpc17xx.o(.text)
    HardFault_Handler                        0x00000247   Thumb Code     2  startup_lpc17xx.o(.text)
    MemManage_Handler                        0x00000249   Thumb Code     2  startup_lpc17xx.o(.text)
    BusFault_Handler                         0x0000024b   Thumb Code     2  startup_lpc17xx.o(.text)
    UsageFault_Handler                       0x0000024d   Thumb Code     2  startup_lpc17xx.o(.text)
    SVC_Handler                              0x0000024f   Thumb Code     2  startup_lpc17xx.o(.text)
    DebugMon_Handler                         0x00000251   Thumb Code     2  startup_lpc17xx.o(.text)
    PendSV_Handler                           0x00000253   Thumb Code     2  startup_lpc17xx.o(.text)
    SysTick_Handler                          0x00000255   Thumb Code     2  startup_lpc17xx.o(.text)
    BOD_IRQHandler                           0x00000257   Thumb Code     0  startup_lpc17xx.o(.text)
    CANActivity_IRQHandler                   0x00000257   Thumb Code     0  startup_lpc17xx.o(.text)
    CAN_IRQHandler                           0x00000257   Thumb Code     0  startup_lpc17xx.o(.text)
    DMA_IRQHandler                           0x00000257   Thumb Code     0  startup_lpc17xx.o(.text)
    EINT3_IRQHandler                         0x00000257   Thumb Code     0  startup_lpc17xx.o(.text)
    ENET_IRQHandler                          0x00000257   Thumb Code     0  startup_lpc17xx.o(.text)
    I2C0_IRQHandler                          0x00000257   Thumb Code     0  startup_lpc17xx.o(.text)
    I2C1_IRQHandler                          0x00000257   Thumb Code     0  startup_lpc17xx.o(.text)
    I2C2_IRQHandler                          0x00000257   Thumb Code     0  startup_lpc17xx.o(.text)
    I2S_IRQHandler                           0x00000257   Thumb Code     0  startup_lpc17xx.o(.text)
    MCPWM_IRQHandler                         0x00000257   Thumb Code     0  startup_lpc17xx.o(.text)
    PLL0_IRQHandler                          0x00000257   Thumb Code     0  startup_lpc17xx.o(.text)
    PLL1_IRQHandler                          0x00000257   Thumb Code     0  startup_lpc17xx.o(.text)
    PWM1_IRQHandler                          0x00000257   Thumb Code     0  startup_lpc17xx.o(.text)
    QEI_IRQHandler                           0x00000257   Thumb Code     0  startup_lpc17xx.o(.text)
    RTC_IRQHandler                           0x00000257   Thumb Code     0  startup_lpc17xx.o(.text)
    SPI_IRQHandler                           0x00000257   Thumb Code     0  startup_lpc17xx.o(.text)
    SSP0_IRQHandler                          0x00000257   Thumb Code     0  startup_lpc17xx.o(.text)
    SSP1_IRQHandler                          0x00000257   Thumb Code     0  startup_lpc17xx.o(.text)
    UART0_IRQHandler                         0x00000257   Thumb Code     0  startup_lpc17xx.o(.text)
    UART1_IRQHandler                         0x00000257   Thumb Code     0  startup_lpc17xx.o(.text)
    UART2_IRQHandler                         0x00000257   Thumb Code     0  startup_lpc17xx.o(.text)
    UART3_IRQHandler                         0x00000257   Thumb Code     0  startup_lpc17xx.o(.text)
    USBActivity_IRQHandler                   0x00000257   Thumb Code     0  startup_lpc17xx.o(.text)
    USB_IRQHandler                           0x00000257   Thumb Code     0  startup_lpc17xx.o(.text)
    WDT_IRQHandler                           0x00000257   Thumb Code     0  startup_lpc17xx.o(.text)
    __user_initial_stackheap                 0x00000259   Thumb Code     0  startup_lpc17xx.o(.text)
    snprintf                                 0x00000275   Thumb Code    58  snprintf.o(.text)
    __use_two_region_memory                  0x000002b5   Thumb Code     2  heapauxi.o(.text)
    __rt_heap_escrow$2region                 0x000002b7   Thumb Code     2  heapauxi.o(.text)
    __rt_heap_expand$2region                 0x000002b9   Thumb Code     2  heapauxi.o(.text)
    _printf_truncate_signed                  0x000002bb   Thumb Code    18  _printf_truncate.o(.text)
    _printf_truncate_unsigned                0x000002cd   Thumb Code    18  _printf_truncate.o(.text)
    _snputc                                  0x000002df   Thumb Code    16  _snputc.o(.text)
    __rt_locale                              0x000002f1   Thumb Code     8  rt_locale_intlibspace.o(.text)
    __I$use$semihosting                      0x000002f9   Thumb Code     0  use_no_semi.o(.text)
    __use_no_semihosting_swi                 0x000002f9   Thumb Code     2  use_no_semi.o(.text)
    __I$use$fp                               0x000002fa   Number         0  usenofp.o(x$fpl$usenofp)
    __semihosting_library_function           0x000002fb   Thumb Code     0  indicate_semi.o(.text)
    _printf_pre_padding                      0x00000301   Thumb Code    44  _printf_pad.o(.text)
    _printf_post_padding                     0x0000032d   Thumb Code    34  _printf_pad.o(.text)
    _printf_str                              0x0000034f   Thumb Code    82  _printf_str.o(.text)
    _printf_int_dec                          0x000003a1   Thumb Code   104  _printf_dec.o(.text)
    _printf_charcount                        0x00000419   Thumb Code    40  _printf_charcount.o(.text)
    _printf_char_common                      0x0000044b   Thumb Code    32  _printf_char_common.o(.text)
    _printf_wctomb                           0x00000471   Thumb Code   182  _printf_wctomb.o(.text)
    _printf_longlong_dec                     0x0000052d   Thumb Code   108  _printf_longlong_dec.o(.text)
    _printf_longlong_oct                     0x000005a9   Thumb Code    68  _printf_oct_int_ll.o(.text)
    _printf_int_oct                          0x000005ed   Thumb Code    24  _printf_oct_int_ll.o(.text)
    _printf_ll_oct                           0x00000605   Thumb Code    12  _printf_oct_int_ll.o(.text)
    _printf_longlong_hex                     0x00000619   Thumb Code    86  _printf_hex_int_ll_ptr.o(.text)
    _printf_int_hex                          0x0000066f   Thumb Code    28  _printf_hex_int_ll_ptr.o(.text)
    _printf_ll_hex                           0x0000068b   Thumb Code    12  _printf_hex_int_ll_ptr.o(.text)
    _printf_hex_ptr                          0x00000697   Thumb Code    18  _printf_hex_int_ll_ptr.o(.text)
    __printf                                 0x000006ad   Thumb Code   388  __printf_flags_ss_wp.o(.text)
    _ll_udiv10                               0x00000835   Thumb Code   138  lludiv10.o(.text)
    _printf_int_common                       0x000008bf   Thumb Code   178  _printf_intcommon.o(.text)
    _printf_fp_dec_real                      0x00000b21   Thumb Code   620  _printf_fp_dec.o(.text)
    _printf_fp_hex_real                      0x00000d8d   Thumb Code   756  _printf_fp_hex.o(.text)
    _printf_cs_common                        0x00001089   Thumb Code    20  _printf_char.o(.text)
    _printf_char                             0x0000109d   Thumb Code    16  _printf_char.o(.text)
    _printf_string                           0x000010ad   Thumb Code     8  _printf_char.o(.text)
    _printf_lcs_common                       0x000010b5   Thumb Code    20  _printf_wchar.o(.text)
    _printf_wchar                            0x000010c9   Thumb Code    16  _printf_wchar.o(.text)
    _printf_wstring                          0x000010d9   Thumb Code     8  _printf_wchar.o(.text)
    _c16rtomb                                0x000010e1   Thumb Code    72  _c16rtomb.o(.text)
    _wcrtomb                                 0x000010e1   Thumb Code     0  _c16rtomb.o(.text)
    __user_setup_stackheap                   0x00001129   Thumb Code    74  sys_stackheap_outer.o(.text)
    __rt_ctype_table                         0x00001175   Thumb Code    16  rt_ctype_table.o(.text)
    _printf_fp_infnan                        0x00001185   Thumb Code   112  _printf_fp_infnan.o(.text)
    _btod_etento                             0x00001205   Thumb Code   224  bigflt0.o(.text)
    exit                                     0x000012e9   Thumb Code    18  exit.o(.text)
    __user_libspace                          0x000012fd   Thumb Code     8  libspace.o(.text)
    __user_perproc_libspace                  0x000012fd   Thumb Code     0  libspace.o(.text)
    __user_perthread_libspace                0x000012fd   Thumb Code     0  libspace.o(.text)
    strcmp                                   0x00001305   Thumb Code   128  strcmpv7m.o(.text)
    _sys_exit                                0x00001385   Thumb Code     8  sys_exit.o(.text)
    ADC_IRQHandler                           0x00001391   Thumb Code    26  irq_adc.o(.text.ADC_IRQHandler)
    BUTTON_init                              0x000013ad   Thumb Code    98  lib_button.o(.text.BUTTON_init)
    Check_fill_row                           0x00001411   Thumb Code   528  tetris.o(.text.Check_fill_row)
    Check_joystick                           0x00001621   Thumb Code   604  tetris.o(.text.Check_joystick)
    Check_wall                               0x0000187d   Thumb Code   142  tetris.o(.text.Check_wall)
    Collision_check                          0x0000190d   Thumb Code   180  tetris.o(.text.Collision_check)
    Copy_object                              0x000019c1   Thumb Code    86  tetris.o(.text.Copy_object)
    Draw_active_piece                        0x00001a19   Thumb Code    12  tetris.o(.text.Draw_active_piece)
    Draw_current_piece                       0x00001a25   Thumb Code   198  tetris.o(.text.Draw_current_piece)
    Draw_score                               0x00001aed   Thumb Code   112  tetris.o(.text.Draw_score)
    EINT0_IRQHandler                         0x00001b5d   Thumb Code    30  irq_button.o(.text.EINT0_IRQHandler)
    EINT1_IRQHandler                         0x00001b7d   Thumb Code    18  irq_button.o(.text.EINT1_IRQHandler)
    EINT2_IRQHandler                         0x00001b91   Thumb Code    18  irq_button.o(.text.EINT2_IRQHandler)
    Erase_prev_piece                         0x00001ba5   Thumb Code   190  tetris.o(.text.Erase_prev_piece)
    GUI_Text                                 0x00001c65   Thumb Code   152  glcd.o(.text.GUI_Text)
    GetASCIICode                             0x00001cfd   Thumb Code    58  asciilib.o(.text.GetASCIICode)
    LCD_Clear                                0x00001d39   Thumb Code  2028  glcd.o(.text.LCD_Clear)
    LCD_DrawBlock                            0x00002545   Thumb Code    80  glcd.o(.text.LCD_DrawBlock)
    LCD_DrawLine                             0x00002595   Thumb Code   546  glcd.o(.text.LCD_DrawLine)
    LCD_DrawRect                             0x000027b9   Thumb Code   208  glcd.o(.text.LCD_DrawRect)
    LCD_FillRect                             0x00002889   Thumb Code   128  glcd.o(.text.LCD_FillRect)
    LCD_Initialization                       0x00002909   Thumb Code 12042  glcd.o(.text.LCD_Initialization)
    LCD_SetPoint                             0x00005fa1   Thumb Code   320  glcd.o(.text.LCD_SetPoint)
    Map                                      0x000060e1   Thumb Code   146  tetris.o(.text.Map)
    PutChar                                  0x00006175   Thumb Code   210  glcd.o(.text.PutChar)
    RIT_IRQHandler                           0x00006249   Thumb Code   116  irq_rit.o(.text.RIT_IRQHandler)
    Rotate                                   0x000062bd   Thumb Code   120  tetris.o(.text.Rotate)
    Spawn_new_piece                          0x00006335   Thumb Code   426  tetris.o(.text.Spawn_new_piece)
    SystemInit                               0x000064e1   Thumb Code   714  system_lpc17xx.o(.text.SystemInit)
    TIMER0_IRQHandler                        0x000067ad   Thumb Code    26  irq_timer.o(.text.TIMER0_IRQHandler)
    TIMER1_IRQHandler                        0x000067c9   Thumb Code    14  irq_timer.o(.text.TIMER1_IRQHandler)
    TIMER2_IRQHandler                        0x000067d9   Thumb Code    12  irq_timer.o(.text.TIMER2_IRQHandler)
    TIMER3_IRQHandler                        0x000067e5   Thumb Code    28  irq_timer.o(.text.TIMER3_IRQHandler)
    Write_piece_to_game_field                0x00006801   Thumb Code   226  tetris.o(.text.Write_piece_to_game_field)
    disable_timer                            0x00006999   Thumb Code   108  lib_timer.o(.text.disable_timer)
    enable_timer                             0x00006a05   Thumb Code   108  lib_timer.o(.text.enable_timer)
    init_timer_SRI                           0x00006a71   Thumb Code   210  lib_timer.o(.text.init_timer_SRI)
    joystick_init                            0x00006b45   Thumb Code    34  lib_joystick.o(.text.joystick_init)
    main                                     0x00006b69   Thumb Code   410  main.o(.text.main)
    read_timer                               0x00006d05   Thumb Code   116  lib_timer.o(.text.read_timer)
    reset_timer                              0x00006d79   Thumb Code   156  lib_timer.o(.text.reset_timer)
    row_occupied                             0x00006e15   Thumb Code    84  tetris.o(.text.row_occupied)
    _btod_d2e                                0x00006e7f   Thumb Code    62  btod.o(CL$$btod_d2e)
    _d2e_denorm_low                          0x00006ebd   Thumb Code    70  btod.o(CL$$btod_d2e_denorm_low)
    _d2e_norm_op1                            0x00006f03   Thumb Code    96  btod.o(CL$$btod_d2e_norm_op1)
    __btod_div_common                        0x00006f65   Thumb Code   696  btod.o(CL$$btod_div_common)
    _e2e                                     0x0000729d   Thumb Code   220  btod.o(CL$$btod_e2e)
    _btod_ediv                               0x00007379   Thumb Code    42  btod.o(CL$$btod_ediv)
    _btod_emul                               0x000073a3   Thumb Code    42  btod.o(CL$$btod_emul)
    __btod_mult_common                       0x000073cd   Thumb Code   580  btod.o(CL$$btod_mult_common)
    __ARM_fpclassify                         0x00007611   Thumb Code    40  fpclassify.o(i.__ARM_fpclassify)
    _is_digit                                0x00007639   Thumb Code    14  __printf_wp.o(i._is_digit)
    _get_lc_numeric                          0x00007649   Thumb Code    44  lc_numeric_c.o(locale$$code)
    _get_lc_ctype                            0x00007675   Thumb Code    44  lc_ctype_c.o(locale$$code)
    _printf_fp_dec                           0x000076a1   Thumb Code     4  printf1.o(x$fpl$printf1)
    _printf_fp_hex                           0x000076a5   Thumb Code     4  printf2.o(x$fpl$printf2)
    PIECE_COLORS                             0x00007d94   Data          14  tetris.o(.rodata.PIECE_COLORS)
    TETROMINO                                0x00007da2   Data         112  tetris.o(.rodata.TETROMINO)
    Region$$Table$$Base                      0x00007e54   Number         0  anon$$obj.o(Region$$Table)
    Region$$Table$$Limit                     0x00007e74   Number         0  anon$$obj.o(Region$$Table)
    __ctype                                  0x00007e9d   Data           0  lc_ctype_c.o(locale$$data)
    GameStatus                               0x10000000   Data           1  global_variable.o(.data.GameStatus)
    SystemFrequency                          0x10000004   Data           4  system_lpc17xx.o(.data.SystemFrequency)
    piece_x                                  0x10000008   Data           4  tetris.o(.data.piece_x)
    __libspace_start                         0x10000010   Data          96  libspace.o(.bss)
    ADC_conversion                           0x10000070   Data           1  global_variable.o(.bss.ADC_conversion)
    __temporary_stack_top$libspace           0x10000070   Data           0  libspace.o(.bss)
    AD_current                               0x10000072   Data           2  irq_adc.o(.bss.AD_current)
    Current_piece                            0x10000074   Data          16  global_variable.o(.bss.Current_piece)
    Current_piece_color                      0x10000084   Data           2  tetris.o(.bss.Current_piece_color)
    Game_field                               0x10000086   Data         200  global_variable.o(.bss.Game_field)
    Game_field_color                         0x1000014e   Data         400  global_variable.o(.bss.Game_field_color)
    Prev_current_piece                       0x100002df   Data          16  tetris.o(.bss.Prev_current_piece)
    SW_flag                                  0x100002ef   Data           1  global_variable.o(.bss.SW_flag)
    Score                                    0x100002f0   Data           2  tetris.o(.bss.Score)
    Top                                      0x100002f2   Data           2  tetris.o(.bss.Top)
    piece_y                                  0x100002f4   Data           4  tetris.o(.bss.piece_y)
    prev_piece_x                             0x100002f8   Data           4  tetris.o(.bss.prev_piece_x)
    prev_piece_y                             0x100002fc   Data           4  tetris.o(.bss.prev_piece_y)
    score_str                                0x10000300   Data          16  tetris.o(.bss.score_str)
    tick                                     0x10000310   Data           4  lib_timer.o(.bss.tick)
    top_str                                  0x10000314   Data          16  tetris.o(.bss.top_str)



==============================================================================

Memory Map of the image

  Image Entry point : 0x00000241

  Load Region LR_1 (Base: 0x00000000, Size: 0x00007fac, Max: 0xffffffff, ABSOLUTE)

    Execution Region ER_RO (Exec base: 0x00000000, Load base: 0x00000000, Size: 0x00007fa0, Max: 0xffffffff, ABSOLUTE)

    Exec Addr    Load Addr    Size         Type   Attr      Idx    E Section Name        Object

    0x00000000   0x00000000   0x000000cc   Data   RO          327    RESET               startup_lpc17xx.o
    0x000000cc   0x000000cc   0x00000008   Code   RO          356  * !!!main             c_w.l(__main.o)
    0x000000d4   0x000000d4   0x0000005c   Code   RO          731    !!!scatter          c_w.l(__scatter.o)
    0x00000130   0x00000130   0x0000001a   Code   RO          735    !!handler_copy      c_w.l(__scatter_copy.o)
    0x0000014a   0x0000014a   0x00000002   PAD
    0x0000014c   0x0000014c   0x00000002   Code   RO          732    !!handler_null      c_w.l(__scatter.o)
    0x0000014e   0x0000014e   0x00000002   PAD
    0x00000150   0x00000150   0x0000001c   Code   RO          737    !!handler_zi        c_w.l(__scatter_zi.o)
    0x0000016c   0x0000016c   0x00000000   Code   RO          464    .ARM.Collect$$_printf_percent$$00000000  c_w.l(_printf_percent.o)
    0x0000016c   0x0000016c   0x00000006   Code   RO          453    .ARM.Collect$$_printf_percent$$00000001  c_w.l(_printf_n.o)
    0x00000172   0x00000172   0x00000006   Code   RO          455    .ARM.Collect$$_printf_percent$$00000002  c_w.l(_printf_p.o)
    0x00000178   0x00000178   0x00000006   Code   RO          460    .ARM.Collect$$_printf_percent$$00000003  c_w.l(_printf_f.o)
    0x0000017e   0x0000017e   0x00000006   Code   RO          461    .ARM.Collect$$_printf_percent$$00000004  c_w.l(_printf_e.o)
    0x00000184   0x00000184   0x00000006   Code   RO          462    .ARM.Collect$$_printf_percent$$00000005  c_w.l(_printf_g.o)
    0x0000018a   0x0000018a   0x00000006   Code   RO          463    .ARM.Collect$$_printf_percent$$00000006  c_w.l(_printf_a.o)
    0x00000190   0x00000190   0x0000000a   Code   RO          468    .ARM.Collect$$_printf_percent$$00000007  c_w.l(_printf_ll.o)
    0x0000019a   0x0000019a   0x00000006   Code   RO          457    .ARM.Collect$$_printf_percent$$00000008  c_w.l(_printf_i.o)
    0x000001a0   0x000001a0   0x00000006   Code   RO          458    .ARM.Collect$$_printf_percent$$00000009  c_w.l(_printf_d.o)
    0x000001a6   0x000001a6   0x00000006   Code   RO          459    .ARM.Collect$$_printf_percent$$0000000A  c_w.l(_printf_u.o)
    0x000001ac   0x000001ac   0x00000006   Code   RO          456    .ARM.Collect$$_printf_percent$$0000000B  c_w.l(_printf_o.o)
    0x000001b2   0x000001b2   0x00000006   Code   RO          454    .ARM.Collect$$_printf_percent$$0000000C  c_w.l(_printf_x.o)
    0x000001b8   0x000001b8   0x00000006   Code   RO          465    .ARM.Collect$$_printf_percent$$0000000D  c_w.l(_printf_lli.o)
    0x000001be   0x000001be   0x00000006   Code   RO          466    .ARM.Collect$$_printf_percent$$0000000E  c_w.l(_printf_lld.o)
    0x000001c4   0x000001c4   0x00000006   Code   RO          467    .ARM.Collect$$_printf_percent$$0000000F  c_w.l(_printf_llu.o)
    0x000001ca   0x000001ca   0x00000006   Code   RO          472    .ARM.Collect$$_printf_percent$$00000010  c_w.l(_printf_llo.o)
    0x000001d0   0x000001d0   0x00000006   Code   RO          473    .ARM.Collect$$_printf_percent$$00000011  c_w.l(_printf_llx.o)
    0x000001d6   0x000001d6   0x0000000a   Code   RO          469    .ARM.Collect$$_printf_percent$$00000012  c_w.l(_printf_l.o)
    0x000001e0   0x000001e0   0x00000006   Code   RO          451    .ARM.Collect$$_printf_percent$$00000013  c_w.l(_printf_c.o)
    0x000001e6   0x000001e6   0x00000006   Code   RO          452    .ARM.Collect$$_printf_percent$$00000014  c_w.l(_printf_s.o)
    0x000001ec   0x000001ec   0x00000006   Code   RO          470    .ARM.Collect$$_printf_percent$$00000015  c_w.l(_printf_lc.o)
    0x000001f2   0x000001f2   0x00000006   Code   RO          471    .ARM.Collect$$_printf_percent$$00000016  c_w.l(_printf_ls.o)
    0x000001f8   0x000001f8   0x00000004   Code   RO          527    .ARM.Collect$$_printf_percent$$00000017  c_w.l(_printf_percent_end.o)
    0x000001fc   0x000001fc   0x00000002   Code   RO          580    .ARM.Collect$$libinit$$00000000  c_w.l(libinit.o)
    0x000001fe   0x000001fe   0x00000000   Code   RO          598    .ARM.Collect$$libinit$$00000002  c_w.l(libinit2.o)
    0x000001fe   0x000001fe   0x00000000   Code   RO          600    .ARM.Collect$$libinit$$00000004  c_w.l(libinit2.o)
    0x000001fe   0x000001fe   0x00000000   Code   RO          602    .ARM.Collect$$libinit$$00000006  c_w.l(libinit2.o)
    0x000001fe   0x000001fe   0x00000000   Code   RO          605    .ARM.Collect$$libinit$$0000000C  c_w.l(libinit2.o)
    0x000001fe   0x000001fe   0x00000000   Code   RO          607    .ARM.Collect$$libinit$$0000000E  c_w.l(libinit2.o)
    0x000001fe   0x000001fe   0x00000000   Code   RO          609    .ARM.Collect$$libinit$$00000010  c_w.l(libinit2.o)
    0x000001fe   0x000001fe   0x00000006   Code   RO          610    .ARM.Collect$$libinit$$00000011  c_w.l(libinit2.o)
    0x00000204   0x00000204   0x00000000   Code   RO          612    .ARM.Collect$$libinit$$00000013  c_w.l(libinit2.o)
    0x00000204   0x00000204   0x0000000c   Code   RO          613    .ARM.Collect$$libinit$$00000014  c_w.l(libinit2.o)
    0x00000210   0x00000210   0x00000000   Code   RO          614    .ARM.Collect$$libinit$$00000015  c_w.l(libinit2.o)
    0x00000210   0x00000210   0x00000000   Code   RO          616    .ARM.Collect$$libinit$$00000017  c_w.l(libinit2.o)
    0x00000210   0x00000210   0x0000000a   Code   RO          617    .ARM.Collect$$libinit$$00000018  c_w.l(libinit2.o)
    0x0000021a   0x0000021a   0x00000000   Code   RO          618    .ARM.Collect$$libinit$$00000019  c_w.l(libinit2.o)
    0x0000021a   0x0000021a   0x00000000   Code   RO          620    .ARM.Collect$$libinit$$0000001B  c_w.l(libinit2.o)
    0x0000021a   0x0000021a   0x00000000   Code   RO          622    .ARM.Collect$$libinit$$0000001D  c_w.l(libinit2.o)
    0x0000021a   0x0000021a   0x00000000   Code   RO          624    .ARM.Collect$$libinit$$0000001F  c_w.l(libinit2.o)
    0x0000021a   0x0000021a   0x00000000   Code   RO          626    .ARM.Collect$$libinit$$00000021  c_w.l(libinit2.o)
    0x0000021a   0x0000021a   0x00000000   Code   RO          628    .ARM.Collect$$libinit$$00000023  c_w.l(libinit2.o)
    0x0000021a   0x0000021a   0x00000000   Code   RO          630    .ARM.Collect$$libinit$$00000025  c_w.l(libinit2.o)
    0x0000021a   0x0000021a   0x00000000   Code   RO          632    .ARM.Collect$$libinit$$00000027  c_w.l(libinit2.o)
    0x0000021a   0x0000021a   0x00000000   Code   RO          636    .ARM.Collect$$libinit$$0000002E  c_w.l(libinit2.o)
    0x0000021a   0x0000021a   0x00000000   Code   RO          638    .ARM.Collect$$libinit$$00000030  c_w.l(libinit2.o)
    0x0000021a   0x0000021a   0x00000000   Code   RO          640    .ARM.Collect$$libinit$$00000032  c_w.l(libinit2.o)
    0x0000021a   0x0000021a   0x00000000   Code   RO          642    .ARM.Collect$$libinit$$00000034  c_w.l(libinit2.o)
    0x0000021a   0x0000021a   0x00000002   Code   RO          643    .ARM.Collect$$libinit$$00000035  c_w.l(libinit2.o)
    0x0000021c   0x0000021c   0x00000002   Code   RO          667    .ARM.Collect$$libshutdown$$00000000  c_w.l(libshutdown.o)
    0x0000021e   0x0000021e   0x00000000   Code   RO          682    .ARM.Collect$$libshutdown$$00000002  c_w.l(libshutdown2.o)
    0x0000021e   0x0000021e   0x00000000   Code   RO          684    .ARM.Collect$$libshutdown$$00000004  c_w.l(libshutdown2.o)
    0x0000021e   0x0000021e   0x00000000   Code   RO          687    .ARM.Collect$$libshutdown$$00000007  c_w.l(libshutdown2.o)
    0x0000021e   0x0000021e   0x00000000   Code   RO          690    .ARM.Collect$$libshutdown$$0000000A  c_w.l(libshutdown2.o)
    0x0000021e   0x0000021e   0x00000000   Code   RO          692    .ARM.Collect$$libshutdown$$0000000C  c_w.l(libshutdown2.o)
    0x0000021e   0x0000021e   0x00000000   Code   RO          695    .ARM.Collect$$libshutdown$$0000000F  c_w.l(libshutdown2.o)
    0x0000021e   0x0000021e   0x00000002   Code   RO          696    .ARM.Collect$$libshutdown$$00000010  c_w.l(libshutdown2.o)
    0x00000220   0x00000220   0x00000000   Code   RO          382    .ARM.Collect$$rtentry$$00000000  c_w.l(__rtentry.o)
    0x00000220   0x00000220   0x00000000   Code   RO          496    .ARM.Collect$$rtentry$$00000002  c_w.l(__rtentry2.o)
    0x00000220   0x00000220   0x00000006   Code   RO          508    .ARM.Collect$$rtentry$$00000004  c_w.l(__rtentry4.o)
    0x00000226   0x00000226   0x00000000   Code   RO          498    .ARM.Collect$$rtentry$$00000009  c_w.l(__rtentry2.o)
    0x00000226   0x00000226   0x00000004   Code   RO          499    .ARM.Collect$$rtentry$$0000000A  c_w.l(__rtentry2.o)
    0x0000022a   0x0000022a   0x00000000   Code   RO          501    .ARM.Collect$$rtentry$$0000000C  c_w.l(__rtentry2.o)
    0x0000022a   0x0000022a   0x00000008   Code   RO          502    .ARM.Collect$$rtentry$$0000000D  c_w.l(__rtentry2.o)
    0x00000232   0x00000232   0x00000002   Code   RO          588    .ARM.Collect$$rtexit$$00000000  c_w.l(rtexit.o)
    0x00000234   0x00000234   0x00000000   Code   RO          645    .ARM.Collect$$rtexit$$00000002  c_w.l(rtexit2.o)
    0x00000234   0x00000234   0x00000004   Code   RO          646    .ARM.Collect$$rtexit$$00000003  c_w.l(rtexit2.o)
    0x00000238   0x00000238   0x00000006   Code   RO          647    .ARM.Collect$$rtexit$$00000004  c_w.l(rtexit2.o)
    0x0000023e   0x0000023e   0x00000002   PAD
    0x00000240   0x00000240   0x00000034   Code   RO          329  * .text               startup_lpc17xx.o
    0x00000274   0x00000274   0x00000040   Code   RO          348    .text               c_w.l(snprintf.o)
    0x000002b4   0x000002b4   0x00000006   Code   RO          354    .text               c_w.l(heapauxi.o)
    0x000002ba   0x000002ba   0x00000024   Code   RO          387    .text               c_w.l(_printf_truncate.o)
    0x000002de   0x000002de   0x00000010   Code   RO          397    .text               c_w.l(_snputc.o)
    0x000002ee   0x000002ee   0x00000002   PAD
    0x000002f0   0x000002f0   0x00000008   Code   RO          539    .text               c_w.l(rt_locale_intlibspace.o)
    0x000002f8   0x000002f8   0x00000002   Code   RO          672    .text               c_w.l(use_no_semi.o)
    0x000002fa   0x000002fa   0x00000000   Code   RO          674    .text               c_w.l(indicate_semi.o)
    0x000002fa   0x000002fa   0x00000000   Code   RO          494    x$fpl$usenofp       fz_ws.l(usenofp.o)
    0x000002fa   0x000002fa   0x00000002   PAD
    0x000002fc   0x000002fc   0x00000004   Code   RO          328    .ARM.__at_0x02FC    startup_lpc17xx.o
    0x00000300   0x00000300   0x0000004e   Code   RO          385    .text               c_w.l(_printf_pad.o)
    0x0000034e   0x0000034e   0x00000052   Code   RO          389    .text               c_w.l(_printf_str.o)
    0x000003a0   0x000003a0   0x00000078   Code   RO          391    .text               c_w.l(_printf_dec.o)
    0x00000418   0x00000418   0x00000028   Code   RO          393    .text               c_w.l(_printf_charcount.o)
    0x00000440   0x00000440   0x00000030   Code   RO          395    .text               c_w.l(_printf_char_common.o)
    0x00000470   0x00000470   0x000000bc   Code   RO          399    .text               c_w.l(_printf_wctomb.o)
    0x0000052c   0x0000052c   0x0000007c   Code   RO          402    .text               c_w.l(_printf_longlong_dec.o)
    0x000005a8   0x000005a8   0x00000070   Code   RO          408    .text               c_w.l(_printf_oct_int_ll.o)
    0x00000618   0x00000618   0x00000094   Code   RO          428    .text               c_w.l(_printf_hex_int_ll_ptr.o)
    0x000006ac   0x000006ac   0x00000188   Code   RO          448    .text               c_w.l(__printf_flags_ss_wp.o)
    0x00000834   0x00000834   0x0000008a   Code   RO          510    .text               c_w.l(lludiv10.o)
    0x000008be   0x000008be   0x000000b2   Code   RO          512    .text               c_w.l(_printf_intcommon.o)
    0x00000970   0x00000970   0x0000041c   Code   RO          514    .text               c_w.l(_printf_fp_dec.o)
    0x00000d8c   0x00000d8c   0x000002fc   Code   RO          518    .text               c_w.l(_printf_fp_hex.o)
    0x00001088   0x00001088   0x0000002c   Code   RO          523    .text               c_w.l(_printf_char.o)
    0x000010b4   0x000010b4   0x0000002c   Code   RO          525    .text               c_w.l(_printf_wchar.o)
    0x000010e0   0x000010e0   0x00000048   Code   RO          528    .text               c_w.l(_c16rtomb.o)
    0x00001128   0x00001128   0x0000004a   Code   RO          532    .text               c_w.l(sys_stackheap_outer.o)
    0x00001172   0x00001172   0x00000002   PAD
    0x00001174   0x00001174   0x00000010   Code   RO          534    .text               c_w.l(rt_ctype_table.o)
    0x00001184   0x00001184   0x00000080   Code   RO          541    .text               c_w.l(_printf_fp_infnan.o)
    0x00001204   0x00001204   0x000000e4   Code   RO          543    .text               c_w.l(bigflt0.o)
    0x000012e8   0x000012e8   0x00000012   Code   RO          573    .text               c_w.l(exit.o)
    0x000012fa   0x000012fa   0x00000002   PAD
    0x000012fc   0x000012fc   0x00000008   Code   RO          585    .text               c_w.l(libspace.o)
    0x00001304   0x00001304   0x00000080   Code   RO          595    .text               c_w.l(strcmpv7m.o)
    0x00001384   0x00001384   0x0000000c   Code   RO          657    .text               c_w.l(sys_exit.o)
    0x00001390   0x00001390   0x0000001a   Code   RO          144    .text.ADC_IRQHandler  irq_adc.o
    0x000013aa   0x000013aa   0x00000002   PAD
    0x000013ac   0x000013ac   0x00000062   Code   RO           74    .text.BUTTON_init   lib_button.o
    0x0000140e   0x0000140e   0x00000002   PAD
    0x00001410   0x00001410   0x00000210   Code   RO          280    .text.Check_fill_row  tetris.o
    0x00001620   0x00001620   0x0000025c   Code   RO          296    .text.Check_joystick  tetris.o
    0x0000187c   0x0000187c   0x0000008e   Code   RO          292    .text.Check_wall    tetris.o
    0x0000190a   0x0000190a   0x00000002   PAD
    0x0000190c   0x0000190c   0x000000b4   Code   RO          290    .text.Collision_check  tetris.o
    0x000019c0   0x000019c0   0x00000056   Code   RO          284    .text.Copy_object   tetris.o
    0x00001a16   0x00001a16   0x00000002   PAD
    0x00001a18   0x00001a18   0x0000000c   Code   RO          298    .text.Draw_active_piece  tetris.o
    0x00001a24   0x00001a24   0x000000c6   Code   RO          302    .text.Draw_current_piece  tetris.o
    0x00001aea   0x00001aea   0x00000002   PAD
    0x00001aec   0x00001aec   0x00000070   Code   RO          278    .text.Draw_score    tetris.o
    0x00001b5c   0x00001b5c   0x0000001e   Code   RO           61    .text.EINT0_IRQHandler  irq_button.o
    0x00001b7a   0x00001b7a   0x00000002   PAD
    0x00001b7c   0x00001b7c   0x00000012   Code   RO           63    .text.EINT1_IRQHandler  irq_button.o
    0x00001b8e   0x00001b8e   0x00000002   PAD
    0x00001b90   0x00001b90   0x00000012   Code   RO           65    .text.EINT2_IRQHandler  irq_button.o
    0x00001ba2   0x00001ba2   0x00000002   PAD
    0x00001ba4   0x00001ba4   0x000000be   Code   RO          304    .text.Erase_prev_piece  tetris.o
    0x00001c62   0x00001c62   0x00000002   PAD
    0x00001c64   0x00001c64   0x00000098   Code   RO          195    .text.GUI_Text      glcd.o
    0x00001cfc   0x00001cfc   0x0000003a   Code   RO          166    .text.GetASCIICode  asciilib.o
    0x00001d36   0x00001d36   0x00000002   PAD
    0x00001d38   0x00001d38   0x000007ec   Code   RO          181    .text.LCD_Clear     glcd.o
    0x00002524   0x00002524   0x00000020   Code   RO          177    .text.LCD_Configuration  glcd.o
    0x00002544   0x00002544   0x00000050   Code   RO          201    .text.LCD_DrawBlock  glcd.o
    0x00002594   0x00002594   0x00000222   Code   RO          191    .text.LCD_DrawLine  glcd.o
    0x000027b6   0x000027b6   0x00000002   PAD
    0x000027b8   0x000027b8   0x000000d0   Code   RO          197    .text.LCD_DrawRect  glcd.o
    0x00002888   0x00002888   0x00000080   Code   RO          199    .text.LCD_FillRect  glcd.o
    0x00002908   0x00002908   0x00002f0a   Code   RO          175    .text.LCD_Initialization  glcd.o
    0x00005812   0x00005812   0x00000002   PAD
    0x00005814   0x00005814   0x0000078c   Code   RO          183    .text.LCD_SetCursor  glcd.o
    0x00005fa0   0x00005fa0   0x00000140   Code   RO          189    .text.LCD_SetPoint  glcd.o
    0x000060e0   0x000060e0   0x00000092   Code   RO          282    .text.Map           tetris.o
    0x00006172   0x00006172   0x00000002   PAD
    0x00006174   0x00006174   0x000000d2   Code   RO          193    .text.PutChar       glcd.o
    0x00006246   0x00006246   0x00000002   PAD
    0x00006248   0x00006248   0x00000074   Code   RO          119    .text.RIT_IRQHandler  irq_rit.o
    0x000062bc   0x000062bc   0x00000078   Code   RO          294    .text.Rotate        tetris.o
    0x00006334   0x00006334   0x000001aa   Code   RO          300    .text.Spawn_new_piece  tetris.o
    0x000064de   0x000064de   0x00000002   PAD
    0x000064e0   0x000064e0   0x000002ca   Code   RO          338    .text.SystemInit    system_lpc17xx.o
    0x000067aa   0x000067aa   0x00000002   PAD
    0x000067ac   0x000067ac   0x0000001a   Code   RO           24    .text.TIMER0_IRQHandler  irq_timer.o
    0x000067c6   0x000067c6   0x00000002   PAD
    0x000067c8   0x000067c8   0x0000000e   Code   RO           26    .text.TIMER1_IRQHandler  irq_timer.o
    0x000067d6   0x000067d6   0x00000002   PAD
    0x000067d8   0x000067d8   0x0000000c   Code   RO           28    .text.TIMER2_IRQHandler  irq_timer.o
    0x000067e4   0x000067e4   0x0000001c   Code   RO           30    .text.TIMER3_IRQHandler  irq_timer.o
    0x00006800   0x00006800   0x000000e2   Code   RO          288    .text.Write_piece_to_game_field  tetris.o
    0x000068e2   0x000068e2   0x00000002   PAD
    0x000068e4   0x000068e4   0x00000030   Code   RO           49    .text.__NVIC_EnableIRQ  lib_timer.o
    0x00006914   0x00006914   0x00000030   Code   RO           76    .text.__NVIC_EnableIRQ  lib_button.o
    0x00006944   0x00006944   0x00000052   Code   RO          179    .text.delay_ms      glcd.o
    0x00006996   0x00006996   0x00000002   PAD
    0x00006998   0x00006998   0x0000006c   Code   RO           43    .text.disable_timer  lib_timer.o
    0x00006a04   0x00006a04   0x0000006c   Code   RO           39    .text.enable_timer  lib_timer.o
    0x00006a70   0x00006a70   0x000000d2   Code   RO           47    .text.init_timer_SRI  lib_timer.o
    0x00006b42   0x00006b42   0x00000002   PAD
    0x00006b44   0x00006b44   0x00000022   Code   RO          111    .text.joystick_init  lib_joystick.o
    0x00006b66   0x00006b66   0x00000002   PAD
    0x00006b68   0x00006b68   0x0000019a   Code   RO            2    .text.main          main.o
    0x00006d02   0x00006d02   0x00000002   PAD
    0x00006d04   0x00006d04   0x00000074   Code   RO           41    .text.read_timer    lib_timer.o
    0x00006d78   0x00006d78   0x0000009c   Code   RO           45    .text.reset_timer   lib_timer.o
    0x00006e14   0x00006e14   0x00000054   Code   RO          286    .text.row_occupied  tetris.o
    0x00006e68   0x00006e68   0x00000016   Code   RO          203    .text.wait_delay    glcd.o
    0x00006e7e   0x00006e7e   0x0000003e   Code   RO          546    CL$$btod_d2e        c_w.l(btod.o)
    0x00006ebc   0x00006ebc   0x00000046   Code   RO          548    CL$$btod_d2e_denorm_low  c_w.l(btod.o)
    0x00006f02   0x00006f02   0x00000060   Code   RO          547    CL$$btod_d2e_norm_op1  c_w.l(btod.o)
    0x00006f62   0x00006f62   0x00000002   PAD
    0x00006f64   0x00006f64   0x00000338   Code   RO          556    CL$$btod_div_common  c_w.l(btod.o)
    0x0000729c   0x0000729c   0x000000dc   Code   RO          553    CL$$btod_e2e        c_w.l(btod.o)
    0x00007378   0x00007378   0x0000002a   Code   RO          550    CL$$btod_ediv       c_w.l(btod.o)
    0x000073a2   0x000073a2   0x0000002a   Code   RO          549    CL$$btod_emul       c_w.l(btod.o)
    0x000073cc   0x000073cc   0x00000244   Code   RO          555    CL$$btod_mult_common  c_w.l(btod.o)
    0x00007610   0x00007610   0x00000028   Code   RO          583    i.__ARM_fpclassify  m_ws.l(fpclassify.o)
    0x00007638   0x00007638   0x0000000e   Code   RO          441    i._is_digit         c_w.l(__printf_wp.o)
    0x00007646   0x00007646   0x00000002   PAD
    0x00007648   0x00007648   0x0000002c   Code   RO          571    locale$$code        c_w.l(lc_numeric_c.o)
    0x00007674   0x00007674   0x0000002c   Code   RO          593    locale$$code        c_w.l(lc_ctype_c.o)
    0x000076a0   0x000076a0   0x00000004   Code   RO          486    x$fpl$printf1       fz_ws.l(printf1.o)
    0x000076a4   0x000076a4   0x00000004   Code   RO          488    x$fpl$printf2       fz_ws.l(printf2.o)
    0x000076a8   0x000076a8   0x00000008   Data   RO          400    .constdata          c_w.l(_printf_wctomb.o)
    0x000076b0   0x000076b0   0x00000028   Data   RO          429    .constdata          c_w.l(_printf_hex_int_ll_ptr.o)
    0x000076d8   0x000076d8   0x00000011   Data   RO          449    .constdata          c_w.l(__printf_flags_ss_wp.o)
    0x000076e9   0x000076e9   0x00000026   Data   RO          519    .constdata          c_w.l(_printf_fp_hex.o)
    0x0000770f   0x0000770f   0x00000001   PAD
    0x00007710   0x00007710   0x00000094   Data   RO          544    .constdata          c_w.l(bigflt0.o)
    0x000077a4   0x000077a4   0x000005f0   Data   RO          168    .rodata.AsciiLib    asciilib.o
    0x00007d94   0x00007d94   0x0000000e   Data   RO          310    .rodata.PIECE_COLORS  tetris.o
    0x00007da2   0x00007da2   0x00000070   Data   RO          311    .rodata.TETROMINO   tetris.o
    0x00007e12   0x00007e12   0x00000021   Data   RO            4    .rodata.str1.1      main.o
    0x00007e33   0x00007e33   0x0000001e   Data   RO          313    .rodata.str1.1      tetris.o
    0x00007e51   0x00007e51   0x00000003   PAD
    0x00007e54   0x00007e54   0x00000020   Data   RO          730    Region$$Table       anon$$obj.o
    0x00007e74   0x00007e74   0x0000001c   Data   RO          570    locale$$data        c_w.l(lc_numeric_c.o)
    0x00007e90   0x00007e90   0x00000110   Data   RO          592    locale$$data        c_w.l(lc_ctype_c.o)


    Execution Region ER_RW (Exec base: 0x10000000, Load base: 0x00007fa0, Size: 0x0000000c, Max: 0xffffffff, ABSOLUTE)

    Exec Addr    Load Addr    Size         Type   Attr      Idx    E Section Name        Object

    0x10000000   0x00007fa0   0x00000001   Data   RW           14    .data.GameStatus    global_variable.o
    0x10000001   0x00007fa1   0x00000003   PAD
    0x10000004   0x00007fa4   0x00000004   Data   RW          340    .data.SystemFrequency  system_lpc17xx.o
    0x10000008   0x00007fa8   0x00000004   Data   RW          306    .data.piece_x       tetris.o


    Execution Region ER_ZI (Exec base: 0x10000010, Load base: 0x00007fac, Size: 0x00000718, Max: 0xffffffff, ABSOLUTE)

    Exec Addr    Load Addr    Size         Type   Attr      Idx    E Section Name        Object

    0x10000010        -       0x00000060   Zero   RW          586    .bss                c_w.l(libspace.o)
    0x10000070        -       0x00000001   Zero   RW           12    .bss.ADC_conversion  global_variable.o
    0x10000071   0x00007fac   0x00000001   PAD
    0x10000072        -       0x00000002   Zero   RW          146    .bss.AD_current     irq_adc.o
    0x10000074        -       0x00000010   Zero   RW           15    .bss.Current_piece  global_variable.o
    0x10000084        -       0x00000002   Zero   RW          316    .bss.Current_piece_color  tetris.o
    0x10000086        -       0x000000c8   Zero   RW           16    .bss.Game_field     global_variable.o
    0x1000014e        -       0x00000190   Zero   RW           17    .bss.Game_field_color  global_variable.o
    0x100002de        -       0x00000001   Zero   RW          205    .bss.LCD_Code       glcd.o
    0x100002df        -       0x00000010   Zero   RW          315    .bss.Prev_current_piece  tetris.o
    0x100002ef        -       0x00000001   Zero   RW           13    .bss.SW_flag        global_variable.o
    0x100002f0        -       0x00000002   Zero   RW          308    .bss.Score          tetris.o
    0x100002f2        -       0x00000002   Zero   RW          309    .bss.Top            tetris.o
    0x100002f4        -       0x00000004   Zero   RW          307    .bss.piece_y        tetris.o
    0x100002f8        -       0x00000004   Zero   RW          317    .bss.prev_piece_x   tetris.o
    0x100002fc        -       0x00000004   Zero   RW          318    .bss.prev_piece_y   tetris.o
    0x10000300        -       0x00000010   Zero   RW          312    .bss.score_str      tetris.o
    0x10000310        -       0x00000004   Zero   RW           53    .bss.tick           lib_timer.o
    0x10000314        -       0x00000010   Zero   RW          314    .bss.top_str        tetris.o
    0x10000324   0x00007fac   0x00000004   PAD
    0x10000328        -       0x00000000   Zero   RW          326    HEAP                startup_lpc17xx.o
    0x10000328        -       0x00000400   Zero   RW          325    STACK               startup_lpc17xx.o


==============================================================================

Image component sizes


      Code (inc. data)   RO Data    RW Data    ZI Data      Debug   Object Name

        58          0       1520          0          0        581   asciilib.o
     17782          0          0          0          1      26011   glcd.o
         0          0          0          1        618        901   global_variable.o
        26          0          0          0          2       1018   irq_adc.o
        66          0          0          0          0       1772   irq_button.o
       116          0          0          0          0       2047   irq_rit.o
        80          0          0          0          0       1330   irq_timer.o
       146          0          0          0          0       4904   lib_button.o
        34          0          0          0          0       2466   lib_joystick.o
       746          0          0          0          4       3881   lib_timer.o
       410          0         33          0          0       1049   main.o
        56         22        204          0       1024       1004   startup_lpc17xx.o
       714          8          0          4          0       2099   system_lpc17xx.o
      3054          0        156          4         66       7059   tetris.o

    ----------------------------------------------------------------------
     23334         30       1948         12       1720      56122   Object Totals
         0          0         32          0          0          0   (incl. Generated)
        46          0          3          3          5          0   (incl. Padding)

    ----------------------------------------------------------------------

      Code (inc. data)   RO Data    RW Data    ZI Data      Debug   Library Member Name

         8          0          0          0          0         68   __main.o
       392          4         17          0          0         92   __printf_flags_ss_wp.o
        14          0          0          0          0         68   __printf_wp.o
         0          0          0          0          0          0   __rtentry.o
        12          0          0          0          0          0   __rtentry2.o
         6          0          0          0          0          0   __rtentry4.o
        94          8          0          0          0          0   __scatter.o
        26          0          0          0          0          0   __scatter_copy.o
        28          0          0          0          0          0   __scatter_zi.o
        72          0          0          0          0         96   _c16rtomb.o
         6          0          0          0          0          0   _printf_a.o
         6          0          0          0          0          0   _printf_c.o
        44          0          0          0          0        108   _printf_char.o
        48          6          0          0          0         96   _printf_char_common.o
        40          0          0          0          0         68   _printf_charcount.o
         6          0          0          0          0          0   _printf_d.o
       120         16          0          0          0         92   _printf_dec.o
         6          0          0          0          0          0   _printf_e.o
         6          0          0          0          0          0   _printf_f.o
      1052          0          0          0          0        148   _printf_fp_dec.o
       764          8         38          0          0        100   _printf_fp_hex.o
       128         16          0          0          0         84   _printf_fp_infnan.o
         6          0          0          0          0          0   _printf_g.o
       148          4         40          0          0        160   _printf_hex_int_ll_ptr.o
         6          0          0          0          0          0   _printf_i.o
       178          0          0          0          0         88   _printf_intcommon.o
        10          0          0          0          0          0   _printf_l.o
         6          0          0          0          0          0   _printf_lc.o
        10          0          0          0          0          0   _printf_ll.o
         6          0          0          0          0          0   _printf_lld.o
         6          0          0          0          0          0   _printf_lli.o
         6          0          0          0          0          0   _printf_llo.o
         6          0          0          0          0          0   _printf_llu.o
         6          0          0          0          0          0   _printf_llx.o
       124         16          0          0          0         92   _printf_longlong_dec.o
         6          0          0          0          0          0   _printf_ls.o
         6          0          0          0          0          0   _printf_n.o
         6          0          0          0          0          0   _printf_o.o
       112          8          0          0          0        124   _printf_oct_int_ll.o
         6          0          0          0          0          0   _printf_p.o
        78          0          0          0          0        108   _printf_pad.o
         0          0          0          0          0          0   _printf_percent.o
         4          0          0          0          0          0   _printf_percent_end.o
         6          0          0          0          0          0   _printf_s.o
        82          0          0          0          0         80   _printf_str.o
        36          0          0          0          0         84   _printf_truncate.o
         6          0          0          0          0          0   _printf_u.o
        44          0          0          0          0        108   _printf_wchar.o
       188          6          8          0          0         92   _printf_wctomb.o
         6          0          0          0          0          0   _printf_x.o
        16          0          0          0          0         68   _snputc.o
       228          4        148          0          0         96   bigflt0.o
      1936        128          0          0          0        668   btod.o
        18          0          0          0          0         80   exit.o
         6          0          0          0          0        152   heapauxi.o
         0          0          0          0          0          0   indicate_semi.o
        44         10        272          0          0         76   lc_ctype_c.o
        44         10         28          0          0         76   lc_numeric_c.o
         2          0          0          0          0          0   libinit.o
        30          0          0          0          0          0   libinit2.o
         2          0          0          0          0          0   libshutdown.o
         2          0          0          0          0          0   libshutdown2.o
         8          4          0          0         96         68   libspace.o
       138          0          0          0          0         80   lludiv10.o
        16          4          0          0          0         76   rt_ctype_table.o
         8          4          0          0          0         68   rt_locale_intlibspace.o
         2          0          0          0          0          0   rtexit.o
        10          0          0          0          0          0   rtexit2.o
        64          6          0          0          0         84   snprintf.o
       128          0          0          0          0         68   strcmpv7m.o
        12          4          0          0          0         68   sys_exit.o
        74          0          0          0          0         80   sys_stackheap_outer.o
         2          0          0          0          0         68   use_no_semi.o
         4          0          0          0          0         68   printf1.o
         4          0          0          0          0         68   printf2.o
         0          0          0          0          0          0   usenofp.o
        40          0          0          0          0         68   fpclassify.o

    ----------------------------------------------------------------------
      6838        266        552          0         96       4036   Library Totals
        18          0          1          0          0          0   (incl. Padding)

    ----------------------------------------------------------------------

      Code (inc. data)   RO Data    RW Data    ZI Data      Debug   Library Name

      6772        266        551          0         96       3832   c_w.l
         8          0          0          0          0        136   fz_ws.l
        40          0          0          0          0         68   m_ws.l

    ----------------------------------------------------------------------
      6838        266        552          0         96       4036   Library Totals

    ----------------------------------------------------------------------

==============================================================================


      Code (inc. data)   RO Data    RW Data    ZI Data      Debug   

     30172        296       2500         12       1816      57870   Grand Totals
     30172        296       2500         12       1816      57870   ELF Image Totals
     30172        296       2500         12          0          0   ROM Totals

==============================================================================

    Total RO  Size (Code + RO Data)                32672 (  31.91kB)
    Total RW  Size (RW Data + ZI Data)              1828 (   1.79kB)
    Total ROM Size (Code + RO Data + RW Data)      32684 (  31.92kB)

==============================================================================

